Archive member included to satisfy reference by file (symbol)

/Users/seojisu/Library/Arm-GCC-xPack/bin/../lib/gcc/arm-none-eabi/10.3.1/../../../../arm-none-eabi/lib/thumb/v7e-m+dp/hard/libc_nano.a(lib_a-exit.o)
                              /Users/seojisu/Library/Arm-GCC-xPack/bin/../lib/gcc/arm-none-eabi/10.3.1/../../../../arm-none-eabi/lib/thumb/v7e-m+dp/hard/crt0.o (exit)
/Users/seojisu/Library/Arm-GCC-xPack/bin/../lib/gcc/arm-none-eabi/10.3.1/../../../../arm-none-eabi/lib/thumb/v7e-m+dp/hard/libc_nano.a(lib_a-impure.o)
                              /Users/seojisu/Library/Arm-GCC-xPack/bin/../lib/gcc/arm-none-eabi/10.3.1/../../../../arm-none-eabi/lib/thumb/v7e-m+dp/hard/libc_nano.a(lib_a-exit.o) (_global_impure_ptr)
/Users/seojisu/Library/Arm-GCC-xPack/bin/../lib/gcc/arm-none-eabi/10.3.1/../../../../arm-none-eabi/lib/thumb/v7e-m+dp/hard/libc_nano.a(lib_a-init.o)
                              /Users/seojisu/Library/Arm-GCC-xPack/bin/../lib/gcc/arm-none-eabi/10.3.1/../../../../arm-none-eabi/lib/thumb/v7e-m+dp/hard/crt0.o (__libc_init_array)
/Users/seojisu/Library/Arm-GCC-xPack/bin/../lib/gcc/arm-none-eabi/10.3.1/../../../../arm-none-eabi/lib/thumb/v7e-m+dp/hard/libc_nano.a(lib_a-memcpy-stub.o)
                              build/stm32h7xx_hal_fdcan.o (memcpy)
/Users/seojisu/Library/Arm-GCC-xPack/bin/../lib/gcc/arm-none-eabi/10.3.1/../../../../arm-none-eabi/lib/thumb/v7e-m+dp/hard/libc_nano.a(lib_a-memset.o)
                              /Users/seojisu/Library/Arm-GCC-xPack/bin/../lib/gcc/arm-none-eabi/10.3.1/../../../../arm-none-eabi/lib/thumb/v7e-m+dp/hard/crt0.o (memset)
/Users/seojisu/Library/Arm-GCC-xPack/bin/../lib/gcc/arm-none-eabi/10.3.1/../../../../arm-none-eabi/lib/thumb/v7e-m+dp/hard/libnosys.a(_exit.o)
                              /Users/seojisu/Library/Arm-GCC-xPack/bin/../lib/gcc/arm-none-eabi/10.3.1/../../../../arm-none-eabi/lib/thumb/v7e-m+dp/hard/libc_nano.a(lib_a-exit.o) (_exit)

Discarded input sections

 .text          0x0000000000000000        0x0 /Users/seojisu/Library/Arm-GCC-xPack/bin/../lib/gcc/arm-none-eabi/10.3.1/thumb/v7e-m+dp/hard/crti.o
 .data          0x0000000000000000        0x0 /Users/seojisu/Library/Arm-GCC-xPack/bin/../lib/gcc/arm-none-eabi/10.3.1/thumb/v7e-m+dp/hard/crti.o
 .bss           0x0000000000000000        0x0 /Users/seojisu/Library/Arm-GCC-xPack/bin/../lib/gcc/arm-none-eabi/10.3.1/thumb/v7e-m+dp/hard/crti.o
 .text          0x0000000000000000        0x0 /Users/seojisu/Library/Arm-GCC-xPack/bin/../lib/gcc/arm-none-eabi/10.3.1/thumb/v7e-m+dp/hard/crtbegin.o
 .data          0x0000000000000000        0x0 /Users/seojisu/Library/Arm-GCC-xPack/bin/../lib/gcc/arm-none-eabi/10.3.1/thumb/v7e-m+dp/hard/crtbegin.o
 .bss           0x0000000000000000        0x0 /Users/seojisu/Library/Arm-GCC-xPack/bin/../lib/gcc/arm-none-eabi/10.3.1/thumb/v7e-m+dp/hard/crtbegin.o
 .rodata.all_implied_fbits
                0x0000000000000000       0x24 /Users/seojisu/Library/Arm-GCC-xPack/bin/../lib/gcc/arm-none-eabi/10.3.1/thumb/v7e-m+dp/hard/crtbegin.o
 .data.__dso_handle
                0x0000000000000000        0x4 /Users/seojisu/Library/Arm-GCC-xPack/bin/../lib/gcc/arm-none-eabi/10.3.1/thumb/v7e-m+dp/hard/crtbegin.o
 .text          0x0000000000000000       0x7c /Users/seojisu/Library/Arm-GCC-xPack/bin/../lib/gcc/arm-none-eabi/10.3.1/../../../../arm-none-eabi/lib/thumb/v7e-m+dp/hard/crt0.o
 .data          0x0000000000000000        0x0 /Users/seojisu/Library/Arm-GCC-xPack/bin/../lib/gcc/arm-none-eabi/10.3.1/../../../../arm-none-eabi/lib/thumb/v7e-m+dp/hard/crt0.o
 .bss           0x0000000000000000        0x0 /Users/seojisu/Library/Arm-GCC-xPack/bin/../lib/gcc/arm-none-eabi/10.3.1/../../../../arm-none-eabi/lib/thumb/v7e-m+dp/hard/crt0.o
 .ARM.extab     0x0000000000000000        0x0 /Users/seojisu/Library/Arm-GCC-xPack/bin/../lib/gcc/arm-none-eabi/10.3.1/../../../../arm-none-eabi/lib/thumb/v7e-m+dp/hard/crt0.o
 .ARM.exidx     0x0000000000000000       0x10 /Users/seojisu/Library/Arm-GCC-xPack/bin/../lib/gcc/arm-none-eabi/10.3.1/../../../../arm-none-eabi/lib/thumb/v7e-m+dp/hard/crt0.o
 .ARM.attributes
                0x0000000000000000       0x1c /Users/seojisu/Library/Arm-GCC-xPack/bin/../lib/gcc/arm-none-eabi/10.3.1/../../../../arm-none-eabi/lib/thumb/v7e-m+dp/hard/crt0.o
 .text          0x0000000000000000        0x0 build/main.o
 .data          0x0000000000000000        0x0 build/main.o
 .bss           0x0000000000000000        0x0 build/main.o
 .text          0x0000000000000000        0x0 build/stm32h7xx_it.o
 .data          0x0000000000000000        0x0 build/stm32h7xx_it.o
 .bss           0x0000000000000000        0x0 build/stm32h7xx_it.o
 .text          0x0000000000000000        0x0 build/stm32h7xx_hal_msp.o
 .data          0x0000000000000000        0x0 build/stm32h7xx_hal_msp.o
 .bss           0x0000000000000000        0x0 build/stm32h7xx_hal_msp.o
 .text.HAL_ADC_MspDeInit
                0x0000000000000000       0x6c build/stm32h7xx_hal_msp.o
 .text.HAL_FDCAN_MspDeInit
[...]
Memory Configuration

Name             Origin             Length             Attributes
DTCMRAM          0x0000000020000000 0x0000000000020000 xrw
RAM_D1           0x0000000024000000 0x0000000000080000 xrw
RAM_D2           0x0000000030000000 0x0000000000048000 xrw
RAM_D3           0x0000000038000000 0x0000000000010000 xrw
ITCMRAM          0x0000000000000000 0x0000000000010000 xrw
FLASH            0x0000000008000000 0x0000000000200000 xr
*default*        0x0000000000000000 0xffffffffffffffff

Linker script and memory map

LOAD /Users/seojisu/Library/Arm-GCC-xPack/bin/../lib/gcc/arm-none-eabi/10.3.1/thumb/v7e-m+dp/hard/crti.o
LOAD /Users/seojisu/Library/Arm-GCC-xPack/bin/../lib/gcc/arm-none-eabi/10.3.1/thumb/v7e-m+dp/hard/crtbegin.o
LOAD /Users/seojisu/Library/Arm-GCC-xPack/bin/../lib/gcc/arm-none-eabi/10.3.1/../../../../arm-none-eabi/lib/thumb/v7e-m+dp/hard/crt0.o
LOAD build/main.o
LOAD build/stm32h7xx_it.o
LOAD build/stm32h7xx_hal_msp.o
LOAD build/os.o
LOAD build/led.o
LOAD build/imu.o
LOAD build/adc.o
LOAD build/lcd.o
LOAD build/can.o
LOAD build/motor_driver.o
LOAD build/stm32h7xx_hal_cortex.o
LOAD build/stm32h7xx_hal_tim.o
LOAD build/stm32h7xx_hal_tim_ex.o
LOAD build/stm32h7xx_hal_rcc.o
LOAD build/stm32h7xx_hal_rcc_ex.o
LOAD build/stm32h7xx_hal_flash.o
LOAD build/stm32h7xx_hal_flash_ex.o
LOAD build/stm32h7xx_hal_gpio.o
LOAD build/stm32h7xx_hal_hsem.o
LOAD build/stm32h7xx_hal_dma.o
LOAD build/stm32h7xx_hal_dma_ex.o
LOAD build/stm32h7xx_hal_mdma.o
LOAD build/stm32h7xx_hal_pwr.o
LOAD build/stm32h7xx_hal_pwr_ex.o
LOAD build/stm32h7xx_hal.o
LOAD build/stm32h7xx_hal_i2c.o
LOAD build/stm32h7xx_hal_i2c_ex.o
LOAD build/stm32h7xx_hal_exti.o
LOAD build/system_stm32h7xx.o
LOAD build/stm32h7xx_hal_adc.o
LOAD build/stm32h7xx_hal_adc_ex.o
LOAD build/stm32h7xx_hal_spi.o
LOAD build/stm32h7xx_hal_spi_ex.o
LOAD build/stm32h7xx_hal_uart.o
LOAD build/stm32h7xx_hal_uart_ex.o
LOAD build/stm32h7xx_hal_fdcan.o
LOAD build/startup_stm32h743xx.o
LOAD /Users/seojisu/Library/Arm-GCC-xPack/bin/../lib/gcc/arm-none-eabi/10.3.1/../../../../arm-none-eabi/lib/thumb/v7e-m+dp/hard/libc_nano.a
LOAD /Users/seojisu/Library/Arm-GCC-xPack/bin/../lib/gcc/arm-none-eabi/10.3.1/../../../../arm-none-eabi/lib/thumb/v7e-m+dp/hard/libm.a
LOAD /Users/seojisu/Library/Arm-GCC-xPack/bin/../lib/gcc/arm-none-eabi/10.3.1/../../../../arm-none-eabi/lib/thumb/v7e-m+dp/hard/libnosys.a
START GROUP
LOAD /Users/seojisu/Library/Arm-GCC-xPack/bin/../lib/gcc/arm-none-eabi/10.3.1/thumb/v7e-m+dp/hard/libgcc.a
LOAD /Users/seojisu/Library/Arm-GCC-xPack/bin/../lib/gcc/arm-none-eabi/10.3.1/../../../../arm-none-eabi/lib/thumb/v7e-m+dp/hard/libc_nano.a
END GROUP
START GROUP
LOAD /Users/seojisu/Library/Arm-GCC-xPack/bin/../lib/gcc/arm-none-eabi/10.3.1/thumb/v7e-m+dp/hard/libgcc.a
LOAD /Users/seojisu/Library/Arm-GCC-xPack/bin/../lib/gcc/arm-none-eabi/10.3.1/../../../../arm-none-eabi/lib/thumb/v7e-m+dp/hard/libc_nano.a
END GROUP
LOAD /Users/seojisu/Library/Arm-GCC-xPack/bin/../lib/gcc/arm-none-eabi/10.3.1/thumb/v7e-m+dp/hard/crtend.o
LOAD /Users/seojisu/Library/Arm-GCC-xPack/bin/../lib/gcc/arm-none-eabi/10.3.1/thumb/v7e-m+dp/hard/crtn.o
                0x0000000020020000                _estack = 0x20020000
                0x0000000000000200                _Min_Heap_Size = 0x200
                0x0000000000000400                _Min_Stack_Size = 0x400

.isr_vector     0x0000000008000000      0x298
                0x0000000008000000                . = ALIGN (0x4)
 *(.isr_vector)
 .isr_vector    0x0000000008000000      0x298 build/startup_stm32h743xx.o
                0x0000000008000000                VectorTable
                0x0000000008000298                . = ALIGN (0x4)

.text           0x0000000008000298     0xaa38
                0x0000000008000298                . = ALIGN (0x4)
 *(.text)
 *(.text*)
 .text.__do_global_dtors_aux
                0x0000000008000298       0x24 /Users/seojisu/Library/Arm-GCC-xPack/bin/../lib/gcc/arm-none-eabi/10.3.1/thumb/v7e-m+dp/hard/crtbegin.o
 .text.frame_dummy
                0x00000000080002bc       0x1c /Users/seojisu/Library/Arm-GCC-xPack/bin/../lib/gcc/arm-none-eabi/10.3.1/thumb/v7e-m+dp/hard/crtbegin.o
 .text.main     0x00000000080002d8      0x134 build/main.o
                0x00000000080002d8                main
 .text.SystemClock_Config
                0x000000000800040c      0x10c build/main.o
                0x000000000800040c                SystemClock_Config
 .text.PeriphCommonClock_Config
                0x0000000008000518       0x5a build/main.o
                0x0000000008000518                PeriphCommonClock_Config
 *fill*         0x0000000008000572        0x2 
 .text.MX_ADC1_Init
                0x0000000008000574      0x118 build/main.o
 .text.MX_ADC3_Init
                0x000000000800068c       0xf4 build/main.o
 .text.MX_FDCAN1_Init
                0x0000000008000780       0xc8 build/main.o
 .text.MX_FDCAN2_Init
                0x0000000008000848       0xc8 build/main.o
 .text.MX_I2C1_Init
                0x0000000008000910       0x80 build/main.o
 .text.MX_I2C4_Init
                0x0000000008000990       0x80 build/main.o
 .text.MX_SPI5_Init
                0x0000000008000a10       0xac build/main.o
 .text.MX_TIM5_Init
                0x0000000008000abc       0xf0 build/main.o
 .text.MX_TIM15_Init
                0x0000000008000bac       0xa4 build/main.o
 .text.MX_TIM16_Init
                0x0000000008000c50       0xec build/main.o
 .text.MX_TIM17_Init
                0x0000000008000d3c       0xec build/main.o
 .text.MX_GPIO_Init
                0x0000000008000e28      0x290 build/main.o
 .text.Error_Handler
                0x00000000080010b8        0xa build/main.o
                0x00000000080010b8                Error_Handler
 .text.NMI_Handler
                0x00000000080010c2        0x6 build/stm32h7xx_it.o
                0x00000000080010c2                NMI_Handler
 .text.HardFault_Handler
                0x00000000080010c8        0x6 build/stm32h7xx_it.o
                0x00000000080010c8                HardFault_Handler
 .text.MemManage_Handler
                0x00000000080010ce        0x6 build/stm32h7xx_it.o
                0x00000000080010ce                MemManage_Handler
 .text.BusFault_Handler
                0x00000000080010d4        0x6 build/stm32h7xx_it.o
                0x00000000080010d4                BusFault_Handler
 .text.UsageFault_Handler
                0x00000000080010da        0x6 build/stm32h7xx_it.o
                0x00000000080010da                UsageFault_Handler
 .text.SVC_Handler
                0x00000000080010e0        0xe build/stm32h7xx_it.o
                0x00000000080010e0                SVC_Handler
 .text.DebugMon_Handler
                0x00000000080010ee        0xe build/stm32h7xx_it.o
                0x00000000080010ee                DebugMon_Handler
 .text.PendSV_Handler
                0x00000000080010fc        0xe build/stm32h7xx_it.o
                0x00000000080010fc                PendSV_Handler
 *fill*         0x000000000800110a        0x2 
 .text.HAL_TIM_PeriodElapsedCallback
                0x000000000800110c       0x48 build/stm32h7xx_it.o
                0x000000000800110c                HAL_TIM_PeriodElapsedCallback
 .text.HAL_MspInit
                0x0000000008001154       0x34 build/stm32h7xx_hal_msp.o
                0x0000000008001154                HAL_MspInit
 .text.HAL_ADC_MspInit
                0x0000000008001188       0xf4 build/stm32h7xx_hal_msp.o
                0x0000000008001188                HAL_ADC_MspInit
 .text.HAL_FDCAN_MspInit
                0x000000000800127c      0x130 build/stm32h7xx_hal_msp.o
                0x000000000800127c                HAL_FDCAN_MspInit
 .text.HAL_I2C_MspInit
                0x00000000080013ac      0x164 build/stm32h7xx_hal_msp.o
                0x00000000080013ac                HAL_I2C_MspInit
 .text.HAL_SPI_MspInit
                0x0000000008001510       0xcc build/stm32h7xx_hal_msp.o
                0x0000000008001510                HAL_SPI_MspInit
 .text.HAL_TIM_Base_MspInit
                0x00000000080015dc       0xfc build/stm32h7xx_hal_msp.o
                0x00000000080015dc                HAL_TIM_Base_MspInit
 .text.HAL_TIM_MspPostInit
                0x00000000080016d8       0x74 build/stm32h7xx_hal_msp.o
                0x00000000080016d8                HAL_TIM_MspPostInit
 .text.Os_Init_Task
                0x000000000800174c       0x10 build/os.o
                0x000000000800174c                Os_Init_Task
 .text.Os_1ms_Task
                0x000000000800175c       0x1c build/os.o
 .text.Os_10ms_Task
                0x0000000008001778       0x14 build/os.o
 .text.Os_100ms_Task
                0x000000000800178c        0xc build/os.o
 .text.Os_Background_Task
                0x0000000008001798        0xe build/os.o
 *fill*         0x00000000080017a6        0x2 
 .text.Os_Time_Handler
                0x00000000080017a8       0x1c build/os.o
                0x00000000080017a8                Os_Time_Handler
 .text.Os_Handler
                0x00000000080017c4       0x60 build/os.o
                0x00000000080017c4                Os_Handler
 .text.Os_Handler_1ms
                0x0000000008001824       0x88 build/os.o
                0x0000000008001824                Os_Handler_1ms
 .text.Os_Handler_10ms
                0x00000000080018ac       0x5c build/os.o
                0x00000000080018ac                Os_Handler_10ms
 .text.Os_Get_Tick_1us
                0x0000000008001908       0x18 build/os.o
                0x0000000008001908                Os_Get_Tick_1us
 .text.Os_Calc_Period
                0x0000000008001920       0xa0 build/os.o
 .text.Os_Calc_Runtime_Start
                0x00000000080019c0       0x50 build/os.o
 .text.Os_Calc_Runtime_Stop
                0x0000000008001a10       0x9c build/os.o
 .text.LED_Control
                0x0000000008001aac      0x10c build/led.o
                0x0000000008001aac                LED_Control
 .text.IMU_Control
                0x0000000008001bb8        0xc build/imu.o
                0x0000000008001bb8                IMU_Control
 .text.IMU_FindAddress
                0x0000000008001bc4       0x34 build/imu.o
                0x0000000008001bc4                IMU_FindAddress
 .text.IMU_Read_Data
                0x0000000008001bf8       0x18 build/imu.o
 .text.Adc_Read
                0x0000000008001c10       0xa4 build/adc.o
                0x0000000008001c10                Adc_Read
 .text.Adc_Calc
                0x0000000008001cb4       0xdc build/adc.o
                0x0000000008001cb4                Adc_Calc
 .text.LCD_Init
                0x0000000008001d90       0x10 build/lcd.o
                0x0000000008001d90                LCD_Init
 .text.LCD_Power_Control
                0x0000000008001da0       0x2c build/lcd.o
 .text.LCD_Set_Clock
                0x0000000008001dcc       0xa8 build/lcd.o
                0x0000000008001dcc                LCD_Set_Clock
 .text.LCD_Set_Color
                0x0000000008001e74       0x1a build/lcd.o
                0x0000000008001e74                LCD_Set_Color
 *fill*         0x0000000008001e8e        0x2 
 .text.LCD_Output_Red
                0x0000000008001e90       0xd0 build/lcd.o
 .text.LCD_Output_Green
                0x0000000008001f60       0xd0 build/lcd.o
 .text.LCD_Output_Blue
                0x0000000008002030       0xcc build/lcd.o
 .text.Can_Init
                0x00000000080020fc       0x34 build/can.o
                0x00000000080020fc                Can_Init
 .text.Can_Transmit
                0x0000000008002130       0xbc build/can.o
                0x0000000008002130                Can_Transmit
 .text.Motor_Drvier_Control
                0x00000000080021ec       0x28 build/motor_driver.o
                0x00000000080021ec                Motor_Drvier_Control
 .text.Motor_Driver_Output_Step
                0x0000000008002214       0xd4 build/motor_driver.o
 .text.Motor_Driver_Output_Duty
                0x00000000080022e8      0x1f4 build/motor_driver.o
 .text.Motor_Driver_Port_Set_Mode
                0x00000000080024dc       0x50 build/motor_driver.o
 .text.Motor_Drvier_Fault
                0x000000000800252c       0x24 build/motor_driver.o
 .text.__NVIC_SetPriorityGrouping
                0x0000000008002550       0x48 build/stm32h7xx_hal_cortex.o
 .text.__NVIC_GetPriorityGrouping
                0x0000000008002598       0x1c build/stm32h7xx_hal_cortex.o
 .text.__NVIC_EnableIRQ
                0x00000000080025b4       0x3c build/stm32h7xx_hal_cortex.o
 .text.__NVIC_SetPriority
                0x00000000080025f0       0x54 build/stm32h7xx_hal_cortex.o
 .text.NVIC_EncodePriority
                0x0000000008002644       0x66 build/stm32h7xx_hal_cortex.o
 *fill*         0x00000000080026aa        0x2 
 .text.SysTick_Config
                0x00000000080026ac       0x44 build/stm32h7xx_hal_cortex.o
 .text.HAL_NVIC_SetPriorityGrouping
                0x00000000080026f0       0x16 build/stm32h7xx_hal_cortex.o
                0x00000000080026f0                HAL_NVIC_SetPriorityGrouping
 .text.HAL_NVIC_SetPriority
                0x0000000008002706       0x34 build/stm32h7xx_hal_cortex.o
                0x0000000008002706                HAL_NVIC_SetPriority
 .text.HAL_NVIC_EnableIRQ
                0x000000000800273a       0x1c build/stm32h7xx_hal_cortex.o
                0x000000000800273a                HAL_NVIC_EnableIRQ
 .text.HAL_SYSTICK_Config
                0x0000000008002756       0x18 build/stm32h7xx_hal_cortex.o
                0x0000000008002756                HAL_SYSTICK_Config
 *fill*         0x000000000800276e        0x2 
 .text.HAL_TIM_Base_Init
                0x0000000008002770       0xc8 build/stm32h7xx_hal_tim.o
                0x0000000008002770                HAL_TIM_Base_Init
 .text.HAL_TIM_Base_Start_IT
                0x0000000008002838       0xf0 build/stm32h7xx_hal_tim.o
                0x0000000008002838                HAL_TIM_Base_Start_IT
 .text.HAL_TIM_OC_Init
                0x0000000008002928       0xc8 build/stm32h7xx_hal_tim.o
                0x0000000008002928                HAL_TIM_OC_Init
 .text.HAL_TIM_OC_MspInit
                0x00000000080029f0       0x14 build/stm32h7xx_hal_tim.o
                0x00000000080029f0                HAL_TIM_OC_MspInit
 .text.HAL_TIM_PWM_Init
                0x0000000008002a04       0xc8 build/stm32h7xx_hal_tim.o
                0x0000000008002a04                HAL_TIM_PWM_Init
 .text.HAL_TIM_PWM_MspInit
                0x0000000008002acc       0x14 build/stm32h7xx_hal_tim.o
                0x0000000008002acc                HAL_TIM_PWM_MspInit
 .text.HAL_TIM_IRQHandler
                0x0000000008002ae0      0x282 build/stm32h7xx_hal_tim.o
                0x0000000008002ae0                HAL_TIM_IRQHandler
 *fill*         0x0000000008002d62        0x2 
 .text.HAL_TIM_OC_ConfigChannel
                0x0000000008002d64       0xf4 build/stm32h7xx_hal_tim.o
                0x0000000008002d64                HAL_TIM_OC_ConfigChannel
 .text.HAL_TIM_PWM_ConfigChannel
                0x0000000008002e58      0x228 build/stm32h7xx_hal_tim.o
                0x0000000008002e58                HAL_TIM_PWM_ConfigChannel
 .text.HAL_TIM_ConfigClockSource
                0x0000000008003080      0x1f0 build/stm32h7xx_hal_tim.o
                0x0000000008003080                HAL_TIM_ConfigClockSource
 .text.HAL_TIM_PeriodElapsedHalfCpltCallback
                0x0000000008003270       0x14 build/stm32h7xx_hal_tim.o
                0x0000000008003270                HAL_TIM_PeriodElapsedHalfCpltCallback
 .text.HAL_TIM_OC_DelayElapsedCallback
                0x0000000008003284       0x14 build/stm32h7xx_hal_tim.o
                0x0000000008003284                HAL_TIM_OC_DelayElapsedCallback
 .text.HAL_TIM_IC_CaptureCallback
                0x0000000008003298       0x14 build/stm32h7xx_hal_tim.o
                0x0000000008003298                HAL_TIM_IC_CaptureCallback
 .text.HAL_TIM_IC_CaptureHalfCpltCallback
                0x00000000080032ac       0x14 build/stm32h7xx_hal_tim.o
                0x00000000080032ac                HAL_TIM_IC_CaptureHalfCpltCallback
 .text.HAL_TIM_PWM_PulseFinishedCallback
                0x00000000080032c0       0x14 build/stm32h7xx_hal_tim.o
                0x00000000080032c0                HAL_TIM_PWM_PulseFinishedCallback
 .text.HAL_TIM_PWM_PulseFinishedHalfCpltCallback
                0x00000000080032d4       0x14 build/stm32h7xx_hal_tim.o
                0x00000000080032d4                HAL_TIM_PWM_PulseFinishedHalfCpltCallback
 .text.HAL_TIM_TriggerCallback
                0x00000000080032e8       0x14 build/stm32h7xx_hal_tim.o
                0x00000000080032e8                HAL_TIM_TriggerCallback
 .text.HAL_TIM_TriggerHalfCpltCallback
                0x00000000080032fc       0x14 build/stm32h7xx_hal_tim.o
                0x00000000080032fc                HAL_TIM_TriggerHalfCpltCallback
 .text.HAL_TIM_ErrorCallback
                0x0000000008003310       0x14 build/stm32h7xx_hal_tim.o
                0x0000000008003310                HAL_TIM_ErrorCallback
 .text.TIM_Base_SetConfig
                0x0000000008003324      0x134 build/stm32h7xx_hal_tim.o
                0x0000000008003324                TIM_Base_SetConfig
 .text.TIM_OC1_SetConfig
                0x0000000008003458      0x120 build/stm32h7xx_hal_tim.o
 .text.TIM_OC2_SetConfig
                0x0000000008003578      0x114 build/stm32h7xx_hal_tim.o
                0x0000000008003578                TIM_OC2_SetConfig
 .text.TIM_OC3_SetConfig
                0x000000000800368c      0x110 build/stm32h7xx_hal_tim.o
 .text.TIM_OC4_SetConfig
                0x000000000800379c       0xd4 build/stm32h7xx_hal_tim.o
 .text.TIM_OC5_SetConfig
                0x0000000008003870       0xc8 build/stm32h7xx_hal_tim.o
 .text.TIM_OC6_SetConfig
                0x0000000008003938       0xcc build/stm32h7xx_hal_tim.o
 .text.TIM_TI1_ConfigInputStage
                0x0000000008003a04       0x5e build/stm32h7xx_hal_tim.o
 .text.TIM_TI2_ConfigInputStage
                0x0000000008003a62       0x60 build/stm32h7xx_hal_tim.o
 *fill*         0x0000000008003ac2        0x2 
 .text.TIM_ITRx_SetConfig
                0x0000000008003ac4       0x3c build/stm32h7xx_hal_tim.o
 .text.TIM_ETR_SetConfig
                0x0000000008003b00       0x40 build/stm32h7xx_hal_tim.o
                0x0000000008003b00                TIM_ETR_SetConfig
 .text.TIM_ResetCallback
                0x0000000008003b40       0xbc build/stm32h7xx_hal_tim.o
                0x0000000008003b40                TIM_ResetCallback
 .text.HAL_TIMEx_MasterConfigSynchronization
                0x0000000008003bfc      0x11c build/stm32h7xx_hal_tim_ex.o
                0x0000000008003bfc                HAL_TIMEx_MasterConfigSynchronization
 .text.HAL_TIMEx_ConfigBreakDeadTime
                0x0000000008003d18       0xfc build/stm32h7xx_hal_tim_ex.o
                0x0000000008003d18                HAL_TIMEx_ConfigBreakDeadTime
 .text.HAL_TIMEx_CommutCallback
                0x0000000008003e14       0x14 build/stm32h7xx_hal_tim_ex.o
                0x0000000008003e14                HAL_TIMEx_CommutCallback
 .text.HAL_TIMEx_CommutHalfCpltCallback
                0x0000000008003e28       0x14 build/stm32h7xx_hal_tim_ex.o
                0x0000000008003e28                HAL_TIMEx_CommutHalfCpltCallback
 .text.HAL_TIMEx_BreakCallback
                0x0000000008003e3c       0x14 build/stm32h7xx_hal_tim_ex.o
                0x0000000008003e3c                HAL_TIMEx_BreakCallback
 .text.HAL_TIMEx_Break2Callback
                0x0000000008003e50       0x14 build/stm32h7xx_hal_tim_ex.o
                0x0000000008003e50                HAL_TIMEx_Break2Callback
 .text.HAL_RCC_OscConfig
                0x0000000008003e64      0x85c build/stm32h7xx_hal_rcc.o
                0x0000000008003e64                HAL_RCC_OscConfig
 .text.HAL_RCC_ClockConfig
                0x00000000080046c0      0x36c build/stm32h7xx_hal_rcc.o
                0x00000000080046c0                HAL_RCC_ClockConfig
 .text.HAL_RCC_GetSysClockFreq
                0x0000000008004a2c      0x2f4 build/stm32h7xx_hal_rcc.o
                0x0000000008004a2c                HAL_RCC_GetSysClockFreq
 .text.HAL_RCC_GetHCLKFreq
                0x0000000008004d20       0x60 build/stm32h7xx_hal_rcc.o
                0x0000000008004d20                HAL_RCC_GetHCLKFreq
 .text.HAL_RCCEx_PeriphCLKConfig
                0x0000000008004d80      0xe8c build/stm32h7xx_hal_rcc_ex.o
                0x0000000008004d80                HAL_RCCEx_PeriphCLKConfig
 .text.HAL_RCCEx_GetPeriphCLKFreq
                0x0000000008005c0c      0x9a4 build/stm32h7xx_hal_rcc_ex.o
                0x0000000008005c0c                HAL_RCCEx_GetPeriphCLKFreq
 .text.HAL_RCCEx_GetD3PCLK1Freq
                0x00000000080065b0       0x2c build/stm32h7xx_hal_rcc_ex.o
                0x00000000080065b0                HAL_RCCEx_GetD3PCLK1Freq
 .text.HAL_RCCEx_GetPLL2ClockFreq
                0x00000000080065dc      0x2a8 build/stm32h7xx_hal_rcc_ex.o
                0x00000000080065dc                HAL_RCCEx_GetPLL2ClockFreq
 .text.HAL_RCCEx_GetPLL3ClockFreq
                0x0000000008006884      0x2a8 build/stm32h7xx_hal_rcc_ex.o
                0x0000000008006884                HAL_RCCEx_GetPLL3ClockFreq
 .text.HAL_RCCEx_GetPLL1ClockFreq
                0x0000000008006b2c      0x2a4 build/stm32h7xx_hal_rcc_ex.o
                0x0000000008006b2c                HAL_RCCEx_GetPLL1ClockFreq
 .text.RCCEx_PLL2_Config
                0x0000000008006dd0      0x164 build/stm32h7xx_hal_rcc_ex.o
 .text.RCCEx_PLL3_Config
                0x0000000008006f34      0x164 build/stm32h7xx_hal_rcc_ex.o
 .text.HAL_GPIO_Init
                0x0000000008007098      0x360 build/stm32h7xx_hal_gpio.o
                0x0000000008007098                HAL_GPIO_Init
 .text.HAL_GPIO_ReadPin
                0x00000000080073f8       0x30 build/stm32h7xx_hal_gpio.o
                0x00000000080073f8                HAL_GPIO_ReadPin
 .text.HAL_GPIO_WritePin
                0x0000000008007428       0x32 build/stm32h7xx_hal_gpio.o
                0x0000000008007428                HAL_GPIO_WritePin
 *fill*         0x000000000800745a        0x2 
 .text.HAL_PWREx_ConfigSupply
                0x000000000800745c       0x74 build/stm32h7xx_hal_pwr_ex.o
                0x000000000800745c                HAL_PWREx_ConfigSupply
 .text.HAL_Init
                0x00000000080074d0       0x78 build/stm32h7xx_hal.o
                0x00000000080074d0                HAL_Init
 .text.HAL_InitTick
                0x0000000008007548       0x6c build/stm32h7xx_hal.o
                0x0000000008007548                HAL_InitTick
 .text.HAL_IncTick
                0x00000000080075b4       0x28 build/stm32h7xx_hal.o
                0x00000000080075b4                HAL_IncTick
 .text.HAL_GetTick
                0x00000000080075dc       0x18 build/stm32h7xx_hal.o
                0x00000000080075dc                HAL_GetTick
 .text.HAL_GetREVID
                0x00000000080075f4       0x18 build/stm32h7xx_hal.o
                0x00000000080075f4                HAL_GetREVID
 .text.HAL_I2C_Init
                0x000000000800760c      0x120 build/stm32h7xx_hal_i2c.o
                0x000000000800760c                HAL_I2C_Init
 .text.HAL_I2C_IsDeviceReady
                0x000000000800772c      0x210 build/stm32h7xx_hal_i2c.o
                0x000000000800772c                HAL_I2C_IsDeviceReady
 .text.I2C_WaitOnFlagUntilTimeout
                0x000000000800793c       0x80 build/stm32h7xx_hal_i2c.o
 .text.HAL_I2CEx_ConfigAnalogFilter
                0x00000000080079bc       0x96 build/stm32h7xx_hal_i2c_ex.o
                0x00000000080079bc                HAL_I2CEx_ConfigAnalogFilter
 .text.HAL_I2CEx_ConfigDigitalFilter
                0x0000000008007a52       0x98 build/stm32h7xx_hal_i2c_ex.o
                0x0000000008007a52                HAL_I2CEx_ConfigDigitalFilter
 *fill*         0x0000000008007aea        0x2 
 .text.SystemInit
                0x0000000008007aec      0x118 build/system_stm32h7xx.o
                0x0000000008007aec                SystemInit
 .text.LL_ADC_SetCommonClock
                0x0000000008007c04       0x26 build/stm32h7xx_hal_adc.o
 .text.LL_ADC_SetCommonPathInternalCh
                0x0000000008007c2a       0x26 build/stm32h7xx_hal_adc.o
 .text.LL_ADC_GetCommonPathInternalCh
                0x0000000008007c50       0x1c build/stm32h7xx_hal_adc.o
 .text.LL_ADC_SetOffset
                0x0000000008007c6c       0x40 build/stm32h7xx_hal_adc.o
 .text.LL_ADC_SetDataRightShift
                0x0000000008007cac       0x32 build/stm32h7xx_hal_adc.o
 .text.LL_ADC_SetOffsetSignedSaturation
                0x0000000008007cde       0x36 build/stm32h7xx_hal_adc.o
 .text.LL_ADC_REG_IsTriggerSourceSWStart
                0x0000000008007d14       0x26 build/stm32h7xx_hal_adc.o
 .text.LL_ADC_REG_SetSequencerRanks
                0x0000000008007d3a       0x58 build/stm32h7xx_hal_adc.o
 .text.LL_ADC_SetChannelSamplingTime
                0x0000000008007d92       0x56 build/stm32h7xx_hal_adc.o
 .text.LL_ADC_SetChannelSingleDiff
                0x0000000008007de8       0x48 build/stm32h7xx_hal_adc.o
 .text.LL_ADC_GetMultimode
                0x0000000008007e30       0x1c build/stm32h7xx_hal_adc.o
 .text.LL_ADC_GetMultiDMATransfer
                0x0000000008007e4c       0x1c build/stm32h7xx_hal_adc.o
 .text.LL_ADC_DisableDeepPowerDown
                0x0000000008007e68       0x24 build/stm32h7xx_hal_adc.o
 .text.LL_ADC_IsDeepPowerDownEnabled
                0x0000000008007e8c       0x28 build/stm32h7xx_hal_adc.o
 .text.LL_ADC_EnableInternalRegulator
                0x0000000008007eb4       0x28 build/stm32h7xx_hal_adc.o
 .text.LL_ADC_IsInternalRegulatorEnabled
                0x0000000008007edc       0x28 build/stm32h7xx_hal_adc.o
 .text.LL_ADC_Enable
                0x0000000008007f04       0x28 build/stm32h7xx_hal_adc.o
 .text.LL_ADC_IsEnabled
                0x0000000008007f2c       0x26 build/stm32h7xx_hal_adc.o
 *fill*         0x0000000008007f52        0x2 
 .text.LL_ADC_REG_StartConversion
                0x0000000008007f54       0x28 build/stm32h7xx_hal_adc.o
 .text.LL_ADC_REG_IsConversionOngoing
                0x0000000008007f7c       0x26 build/stm32h7xx_hal_adc.o
 .text.LL_ADC_INJ_IsConversionOngoing
                0x0000000008007fa2       0x26 build/stm32h7xx_hal_adc.o
 .text.HAL_ADC_Init
                0x0000000008007fc8      0x344 build/stm32h7xx_hal_adc.o
                0x0000000008007fc8                HAL_ADC_Init
 .text.HAL_ADC_Start
                0x000000000800830c      0x194 build/stm32h7xx_hal_adc.o
                0x000000000800830c                HAL_ADC_Start
 .text.HAL_ADC_PollForConversion
                0x00000000080084a0      0x1e8 build/stm32h7xx_hal_adc.o
                0x00000000080084a0                HAL_ADC_PollForConversion
 .text.HAL_ADC_GetValue
                0x0000000008008688       0x1a build/stm32h7xx_hal_adc.o
                0x0000000008008688                HAL_ADC_GetValue
 *fill*         0x00000000080086a2        0x2 
 .text.HAL_ADC_ConfigChannel
                0x00000000080086a4      0x6a0 build/stm32h7xx_hal_adc.o
                0x00000000080086a4                HAL_ADC_ConfigChannel
 .text.ADC_Enable
                0x0000000008008d44      0x114 build/stm32h7xx_hal_adc.o
                0x0000000008008d44                ADC_Enable
 .text.ADC_ConfigureBoostMode
                0x0000000008008e58      0x214 build/stm32h7xx_hal_adc.o
                0x0000000008008e58                ADC_ConfigureBoostMode
 .text.LL_ADC_IsEnabled
                0x000000000800906c       0x26 build/stm32h7xx_hal_adc_ex.o
 .text.LL_ADC_REG_IsConversionOngoing
                0x0000000008009092       0x26 build/stm32h7xx_hal_adc_ex.o
 .text.HAL_ADCEx_MultiModeConfigChannel
                0x00000000080090b8      0x1bc build/stm32h7xx_hal_adc_ex.o
                0x00000000080090b8                HAL_ADCEx_MultiModeConfigChannel
 .text.HAL_SPI_Init
                0x0000000008009274      0x20c build/stm32h7xx_hal_spi.o
                0x0000000008009274                HAL_SPI_Init
 .text.SPI_GetPacketSize
                0x0000000008009480       0x36 build/stm32h7xx_hal_spi.o
 *fill*         0x00000000080094b6        0x2 
 .text.HAL_FDCAN_Init
                0x00000000080094b8      0x4a4 build/stm32h7xx_hal_fdcan.o
                0x00000000080094b8                HAL_FDCAN_Init
 .text.HAL_FDCAN_Start
                0x000000000800995c       0x56 build/stm32h7xx_hal_fdcan.o
                0x000000000800995c                HAL_FDCAN_Start
 .text.HAL_FDCAN_AddMessageToTxFifoQ
                0x00000000080099b2       0xb6 build/stm32h7xx_hal_fdcan.o
                0x00000000080099b2                HAL_FDCAN_AddMessageToTxFifoQ
 .text.HAL_FDCAN_IRQHandler
                0x0000000008009a68      0x4fc build/stm32h7xx_hal_fdcan.o
                0x0000000008009a68                HAL_FDCAN_IRQHandler
 .text.HAL_FDCAN_ClockCalibrationCallback
                0x0000000008009f64       0x16 build/stm32h7xx_hal_fdcan.o
                0x0000000008009f64                HAL_FDCAN_ClockCalibrationCallback
 .text.HAL_FDCAN_TxEventFifoCallback
                0x0000000008009f7a       0x16 build/stm32h7xx_hal_fdcan.o
                0x0000000008009f7a                HAL_FDCAN_TxEventFifoCallback
 .text.HAL_FDCAN_RxFifo0Callback
                0x0000000008009f90       0x16 build/stm32h7xx_hal_fdcan.o
                0x0000000008009f90                HAL_FDCAN_RxFifo0Callback
 .text.HAL_FDCAN_RxFifo1Callback
                0x0000000008009fa6       0x16 build/stm32h7xx_hal_fdcan.o
                0x0000000008009fa6                HAL_FDCAN_RxFifo1Callback
 .text.HAL_FDCAN_TxFifoEmptyCallback
                0x0000000008009fbc       0x14 build/stm32h7xx_hal_fdcan.o
                0x0000000008009fbc                HAL_FDCAN_TxFifoEmptyCallback
 .text.HAL_FDCAN_TxBufferCompleteCallback
                0x0000000008009fd0       0x16 build/stm32h7xx_hal_fdcan.o
                0x0000000008009fd0                HAL_FDCAN_TxBufferCompleteCallback
 .text.HAL_FDCAN_TxBufferAbortCallback
                0x0000000008009fe6       0x16 build/stm32h7xx_hal_fdcan.o
                0x0000000008009fe6                HAL_FDCAN_TxBufferAbortCallback
 .text.HAL_FDCAN_RxBufferNewMessageCallback
                0x0000000008009ffc       0x14 build/stm32h7xx_hal_fdcan.o
                0x0000000008009ffc                HAL_FDCAN_RxBufferNewMessageCallback
 .text.HAL_FDCAN_TimestampWraparoundCallback
                0x000000000800a010       0x14 build/stm32h7xx_hal_fdcan.o
                0x000000000800a010                HAL_FDCAN_TimestampWraparoundCallback
 .text.HAL_FDCAN_TimeoutOccurredCallback
                0x000000000800a024       0x14 build/stm32h7xx_hal_fdcan.o
                0x000000000800a024                HAL_FDCAN_TimeoutOccurredCallback
 .text.HAL_FDCAN_HighPriorityMessageCallback
                0x000000000800a038       0x14 build/stm32h7xx_hal_fdcan.o
                0x000000000800a038                HAL_FDCAN_HighPriorityMessageCallback
 .text.HAL_FDCAN_ErrorCallback
                0x000000000800a04c       0x14 build/stm32h7xx_hal_fdcan.o
                0x000000000800a04c                HAL_FDCAN_ErrorCallback
 .text.HAL_FDCAN_ErrorStatusCallback
                0x000000000800a060       0x16 build/stm32h7xx_hal_fdcan.o
                0x000000000800a060                HAL_FDCAN_ErrorStatusCallback
 .text.HAL_FDCAN_TT_ScheduleSyncCallback
                0x000000000800a076       0x16 build/stm32h7xx_hal_fdcan.o
                0x000000000800a076                HAL_FDCAN_TT_ScheduleSyncCallback
 .text.HAL_FDCAN_TT_TimeMarkCallback
                0x000000000800a08c       0x16 build/stm32h7xx_hal_fdcan.o
                0x000000000800a08c                HAL_FDCAN_TT_TimeMarkCallback
 .text.HAL_FDCAN_TT_StopWatchCallback
                0x000000000800a0a2       0x18 build/stm32h7xx_hal_fdcan.o
                0x000000000800a0a2                HAL_FDCAN_TT_StopWatchCallback
 .text.HAL_FDCAN_TT_GlobalTimeCallback
                0x000000000800a0ba       0x16 build/stm32h7xx_hal_fdcan.o
                0x000000000800a0ba                HAL_FDCAN_TT_GlobalTimeCallback
 .text.FDCAN_CalcultateRamBlockAddresses
                0x000000000800a0d0      0x30c build/stm32h7xx_hal_fdcan.o
 .text.FDCAN_CopyMessageToRAM
                0x000000000800a3dc       0xfc build/stm32h7xx_hal_fdcan.o
 .text.Reset_Handler
                0x000000000800a4d8       0x64 build/startup_stm32h743xx.o
                0x000000000800a4d8                Reset_Handler
 .text.Default_Handler
                0x000000000800a53c        0x6 build/startup_stm32h743xx.o
                0x000000000800a53c                Default_Handler
 *fill*         0x000000000800a542        0x2 
 .text.TIM15_Handler
                0x000000000800a544       0x14 build/startup_stm32h743xx.o
                0x000000000800a544                TIM15_Handler
 .text.TIM16_Handler
                0x000000000800a558       0x14 build/startup_stm32h743xx.o
                0x000000000800a558                TIM16_Handler
 .text.TIM17_Handler
                0x000000000800a56c       0x14 build/startup_stm32h743xx.o
                0x000000000800a56c                TIM17_Handler
 .text.FDCAN1_0_IRQHandler
                0x000000000800a580       0x14 build/startup_stm32h743xx.o
                0x000000000800a580                FDCAN1_0_IRQHandler
 .text.FDCAN1_1_IRQHandler
                0x000000000800a594       0x14 build/startup_stm32h743xx.o
                0x000000000800a594                FDCAN1_1_IRQHandler
 .text.SystemTick_Handler
                0x000000000800a5a8        0xc build/startup_stm32h743xx.o
                0x000000000800a5a8                SystemTick_Handler
 .text.SysTick_Handler
                0x000000000800a5b4        0xc build/startup_stm32h743xx.o
                0x000000000800a5b4                SysTick_Handler
 .text.WWDG_IRQHandler
                0x000000000800a5c0        0xc build/startup_stm32h743xx.o
                0x000000000800a5c0                WWDG_IRQHandler
 .text.PVD_AVD_IRQHandler
                0x000000000800a5cc        0xc build/startup_stm32h743xx.o
                0x000000000800a5cc                PVD_AVD_IRQHandler
 .text.TAMP_STAMP_IRQHandler
                0x000000000800a5d8        0xc build/startup_stm32h743xx.o
                0x000000000800a5d8                TAMP_STAMP_IRQHandler
 .text.RTC_WKUP_IRQHandler
                0x000000000800a5e4        0xc build/startup_stm32h743xx.o
                0x000000000800a5e4                RTC_WKUP_IRQHandler
 .text.FLASH_IRQHandler
                0x000000000800a5f0        0xc build/startup_stm32h743xx.o
                0x000000000800a5f0                FLASH_IRQHandler
 .text.RCC_IRQHandler
                0x000000000800a5fc        0xc build/startup_stm32h743xx.o
                0x000000000800a5fc                RCC_IRQHandler
 .text.EXTI0_IRQHandler
                0x000000000800a608        0xc build/startup_stm32h743xx.o
                0x000000000800a608                EXTI0_IRQHandler
 .text.EXTI1_IRQHandler
                0x000000000800a614        0xc build/startup_stm32h743xx.o
                0x000000000800a614                EXTI1_IRQHandler
 .text.EXTI2_IRQHandler
                0x000000000800a620        0xc build/startup_stm32h743xx.o
                0x000000000800a620                EXTI2_IRQHandler
 .text.EXTI3_IRQHandler
                0x000000000800a62c        0xc build/startup_stm32h743xx.o
                0x000000000800a62c                EXTI3_IRQHandler
 .text.EXTI4_IRQHandler
                0x000000000800a638        0xc build/startup_stm32h743xx.o
                0x000000000800a638                EXTI4_IRQHandler
 .text.DMA1_Stream0_IRQHandler
                0x000000000800a644        0xc build/startup_stm32h743xx.o
                0x000000000800a644                DMA1_Stream0_IRQHandler
 .text.DMA1_Stream1_IRQHandler
                0x000000000800a650        0xc build/startup_stm32h743xx.o
                0x000000000800a650                DMA1_Stream1_IRQHandler
 .text.DMA1_Stream2_IRQHandler
                0x000000000800a65c        0xc build/startup_stm32h743xx.o
                0x000000000800a65c                DMA1_Stream2_IRQHandler
 .text.DMA1_Stream3_IRQHandler
                0x000000000800a668        0xc build/startup_stm32h743xx.o
                0x000000000800a668                DMA1_Stream3_IRQHandler
 .text.DMA1_Stream4_IRQHandler
                0x000000000800a674        0xc build/startup_stm32h743xx.o
                0x000000000800a674                DMA1_Stream4_IRQHandler
 .text.DMA1_Stream5_IRQHandler
                0x000000000800a680        0xc build/startup_stm32h743xx.o
                0x000000000800a680                DMA1_Stream5_IRQHandler
 .text.DMA1_Stream6_IRQHandler
                0x000000000800a68c        0xc build/startup_stm32h743xx.o
                0x000000000800a68c                DMA1_Stream6_IRQHandler
 .text.ADC_IRQHandler
                0x000000000800a698        0xc build/startup_stm32h743xx.o
                0x000000000800a698                ADC_IRQHandler
 .text.FDCAN1_IT0_IRQHandler
                0x000000000800a6a4        0xc build/startup_stm32h743xx.o
                0x000000000800a6a4                FDCAN1_IT0_IRQHandler
 .text.FDCAN2_IT0_IRQHandler
                0x000000000800a6b0        0xc build/startup_stm32h743xx.o
                0x000000000800a6b0                FDCAN2_IT0_IRQHandler
 .text.FDCAN1_IT1_IRQHandler
                0x000000000800a6bc        0xc build/startup_stm32h743xx.o
                0x000000000800a6bc                FDCAN1_IT1_IRQHandler
 .text.FDCAN2_IT1_IRQHandler
                0x000000000800a6c8        0xc build/startup_stm32h743xx.o
                0x000000000800a6c8                FDCAN2_IT1_IRQHandler
 .text.EXTI9_5_IRQHandler
                0x000000000800a6d4        0xc build/startup_stm32h743xx.o
                0x000000000800a6d4                EXTI9_5_IRQHandler
 .text.TIM1_BRK_IRQHandler
                0x000000000800a6e0        0xc build/startup_stm32h743xx.o
                0x000000000800a6e0                TIM1_BRK_IRQHandler
 .text.TIM1_UP_IRQHandler
                0x000000000800a6ec        0xc build/startup_stm32h743xx.o
                0x000000000800a6ec                TIM1_UP_IRQHandler
 .text.TIM1_TRG_COM_IRQHandler
                0x000000000800a6f8        0xc build/startup_stm32h743xx.o
                0x000000000800a6f8                TIM1_TRG_COM_IRQHandler
 .text.TIM1_CC_IRQHandler
                0x000000000800a704        0xc build/startup_stm32h743xx.o
                0x000000000800a704                TIM1_CC_IRQHandler
 .text.TIM2_IRQHandler
                0x000000000800a710        0xc build/startup_stm32h743xx.o
                0x000000000800a710                TIM2_IRQHandler
 .text.TIM3_IRQHandler
                0x000000000800a71c        0xc build/startup_stm32h743xx.o
                0x000000000800a71c                TIM3_IRQHandler
 .text.TIM4_IRQHandler
                0x000000000800a728        0xc build/startup_stm32h743xx.o
                0x000000000800a728                TIM4_IRQHandler
 .text.I2C1_EV_IRQHandler
                0x000000000800a734        0xc build/startup_stm32h743xx.o
                0x000000000800a734                I2C1_EV_IRQHandler
 .text.I2C1_ER_IRQHandler
                0x000000000800a740        0xc build/startup_stm32h743xx.o
                0x000000000800a740                I2C1_ER_IRQHandler
 .text.I2C2_EV_IRQHandler
                0x000000000800a74c        0xc build/startup_stm32h743xx.o
                0x000000000800a74c                I2C2_EV_IRQHandler
 .text.I2C2_ER_IRQHandler
                0x000000000800a758        0xc build/startup_stm32h743xx.o
                0x000000000800a758                I2C2_ER_IRQHandler
 .text.SPI1_IRQHandler
                0x000000000800a764        0xc build/startup_stm32h743xx.o
                0x000000000800a764                SPI1_IRQHandler
 .text.SPI2_IRQHandler
                0x000000000800a770        0xc build/startup_stm32h743xx.o
                0x000000000800a770                SPI2_IRQHandler
 .text.USART1_IRQHandler
                0x000000000800a77c        0xc build/startup_stm32h743xx.o
                0x000000000800a77c                USART1_IRQHandler
 .text.USART2_IRQHandler
                0x000000000800a788        0xc build/startup_stm32h743xx.o
                0x000000000800a788                USART2_IRQHandler
 .text.USART3_IRQHandler
                0x000000000800a794        0xc build/startup_stm32h743xx.o
                0x000000000800a794                USART3_IRQHandler
 .text.EXTI15_10_IRQHandler
                0x000000000800a7a0        0xc build/startup_stm32h743xx.o
                0x000000000800a7a0                EXTI15_10_IRQHandler
 .text.RTC_Alarm_IRQHandler
                0x000000000800a7ac        0xc build/startup_stm32h743xx.o
                0x000000000800a7ac                RTC_Alarm_IRQHandler
 .text.TIM8_BRK_TIM12_IRQHandler
                0x000000000800a7b8        0xc build/startup_stm32h743xx.o
                0x000000000800a7b8                TIM8_BRK_TIM12_IRQHandler
 .text.TIM8_UP_TIM13_IRQHandler
                0x000000000800a7c4        0xc build/startup_stm32h743xx.o
                0x000000000800a7c4                TIM8_UP_TIM13_IRQHandler
 .text.TIM8_TRG_COM_TIM14_IRQHandler
                0x000000000800a7d0        0xc build/startup_stm32h743xx.o
                0x000000000800a7d0                TIM8_TRG_COM_TIM14_IRQHandler
 .text.TIM8_CC_IRQHandler
                0x000000000800a7dc        0xc build/startup_stm32h743xx.o
                0x000000000800a7dc                TIM8_CC_IRQHandler
 .text.DMA1_Stream7_IRQHandler
                0x000000000800a7e8        0xc build/startup_stm32h743xx.o
                0x000000000800a7e8                DMA1_Stream7_IRQHandler
 .text.FMC_IRQHandler
                0x000000000800a7f4        0xc build/startup_stm32h743xx.o
                0x000000000800a7f4                FMC_IRQHandler
 .text.SDMMC1_IRQHandler
                0x000000000800a800        0xc build/startup_stm32h743xx.o
                0x000000000800a800                SDMMC1_IRQHandler
 .text.TIM5_IRQHandler
                0x000000000800a80c        0xc build/startup_stm32h743xx.o
                0x000000000800a80c                TIM5_IRQHandler
 .text.SPI3_IRQHandler
                0x000000000800a818        0xc build/startup_stm32h743xx.o
                0x000000000800a818                SPI3_IRQHandler
 .text.UART4_IRQHandler
                0x000000000800a824        0xc build/startup_stm32h743xx.o
                0x000000000800a824                UART4_IRQHandler
 .text.UART5_IRQHandler
                0x000000000800a830        0xc build/startup_stm32h743xx.o
                0x000000000800a830                UART5_IRQHandler
 .text.TIM6_DAC_IRQHandler
                0x000000000800a83c        0xc build/startup_stm32h743xx.o
                0x000000000800a83c                TIM6_DAC_IRQHandler
 .text.TIM7_IRQHandler
                0x000000000800a848        0xc build/startup_stm32h743xx.o
                0x000000000800a848                TIM7_IRQHandler
 .text.DMA2_Stream0_IRQHandler
                0x000000000800a854        0xc build/startup_stm32h743xx.o
                0x000000000800a854                DMA2_Stream0_IRQHandler
 .text.DMA2_Stream1_IRQHandler
                0x000000000800a860        0xc build/startup_stm32h743xx.o
                0x000000000800a860                DMA2_Stream1_IRQHandler
 .text.DMA2_Stream2_IRQHandler
                0x000000000800a86c        0xc build/startup_stm32h743xx.o
                0x000000000800a86c                DMA2_Stream2_IRQHandler
 .text.DMA2_Stream3_IRQHandler
                0x000000000800a878        0xc build/startup_stm32h743xx.o
                0x000000000800a878                DMA2_Stream3_IRQHandler
 .text.DMA2_Stream4_IRQHandler
                0x000000000800a884        0xc build/startup_stm32h743xx.o
                0x000000000800a884                DMA2_Stream4_IRQHandler
 .text.ETH_IRQHandler
                0x000000000800a890        0xc build/startup_stm32h743xx.o
                0x000000000800a890                ETH_IRQHandler
 .text.ETH_WKUP_IRQHandler
                0x000000000800a89c        0xc build/startup_stm32h743xx.o
                0x000000000800a89c                ETH_WKUP_IRQHandler
 .text.FDCAN_CAL_IRQHandler
                0x000000000800a8a8        0xc build/startup_stm32h743xx.o
                0x000000000800a8a8                FDCAN_CAL_IRQHandler
 .text.DMA2_Stream5_IRQHandler
                0x000000000800a8b4        0xc build/startup_stm32h743xx.o
                0x000000000800a8b4                DMA2_Stream5_IRQHandler
 .text.DMA2_Stream6_IRQHandler
                0x000000000800a8c0        0xc build/startup_stm32h743xx.o
                0x000000000800a8c0                DMA2_Stream6_IRQHandler
 .text.DMA2_Stream7_IRQHandler
                0x000000000800a8cc        0xc build/startup_stm32h743xx.o
                0x000000000800a8cc                DMA2_Stream7_IRQHandler
 .text.USART6_IRQHandler
                0x000000000800a8d8        0xc build/startup_stm32h743xx.o
                0x000000000800a8d8                USART6_IRQHandler
 .text.I2C3_EV_IRQHandler
                0x000000000800a8e4        0xc build/startup_stm32h743xx.o
                0x000000000800a8e4                I2C3_EV_IRQHandler
 .text.I2C3_ER_IRQHandler
                0x000000000800a8f0        0xc build/startup_stm32h743xx.o
                0x000000000800a8f0                I2C3_ER_IRQHandler
 .text.OTG_HS_EP1_OUT_IRQHandler
                0x000000000800a8fc        0xc build/startup_stm32h743xx.o
                0x000000000800a8fc                OTG_HS_EP1_OUT_IRQHandler
 .text.OTG_HS_EP1_IN_IRQHandler
                0x000000000800a908        0xc build/startup_stm32h743xx.o
                0x000000000800a908                OTG_HS_EP1_IN_IRQHandler
 .text.OTG_HS_WKUP_IRQHandler
                0x000000000800a914        0xc build/startup_stm32h743xx.o
                0x000000000800a914                OTG_HS_WKUP_IRQHandler
 .text.OTG_HS_IRQHandler
                0x000000000800a920        0xc build/startup_stm32h743xx.o
                0x000000000800a920                OTG_HS_IRQHandler
 .text.DCMI_IRQHandler
                0x000000000800a92c        0xc build/startup_stm32h743xx.o
                0x000000000800a92c                DCMI_IRQHandler
 .text.RNG_IRQHandler
                0x000000000800a938        0xc build/startup_stm32h743xx.o
                0x000000000800a938                RNG_IRQHandler
 .text.FPU_IRQHandler
                0x000000000800a944        0xc build/startup_stm32h743xx.o
                0x000000000800a944                FPU_IRQHandler
 .text.UART7_IRQHandler
                0x000000000800a950        0xc build/startup_stm32h743xx.o
                0x000000000800a950                UART7_IRQHandler
 .text.UART8_IRQHandler
                0x000000000800a95c        0xc build/startup_stm32h743xx.o
                0x000000000800a95c                UART8_IRQHandler
 .text.SPI4_IRQHandler
                0x000000000800a968        0xc build/startup_stm32h743xx.o
                0x000000000800a968                SPI4_IRQHandler
 .text.SPI5_IRQHandler
                0x000000000800a974        0xc build/startup_stm32h743xx.o
                0x000000000800a974                SPI5_IRQHandler
 .text.SPI6_IRQHandler
                0x000000000800a980        0xc build/startup_stm32h743xx.o
                0x000000000800a980                SPI6_IRQHandler
 .text.SAI1_IRQHandler
                0x000000000800a98c        0xc build/startup_stm32h743xx.o
                0x000000000800a98c                SAI1_IRQHandler
 .text.LTDC_IRQHandler
                0x000000000800a998        0xc build/startup_stm32h743xx.o
                0x000000000800a998                LTDC_IRQHandler
 .text.LTDC_ER_IRQHandler
                0x000000000800a9a4        0xc build/startup_stm32h743xx.o
                0x000000000800a9a4                LTDC_ER_IRQHandler
 .text.DMA2D_IRQHandler
                0x000000000800a9b0        0xc build/startup_stm32h743xx.o
                0x000000000800a9b0                DMA2D_IRQHandler
 .text.SAI2_IRQHandler
                0x000000000800a9bc        0xc build/startup_stm32h743xx.o
                0x000000000800a9bc                SAI2_IRQHandler
 .text.QUADSPI_IRQHandler
                0x000000000800a9c8        0xc build/startup_stm32h743xx.o
                0x000000000800a9c8                QUADSPI_IRQHandler
 .text.LPTIM1_IRQHandler
                0x000000000800a9d4        0xc build/startup_stm32h743xx.o
                0x000000000800a9d4                LPTIM1_IRQHandler
 .text.CEC_IRQHandler
                0x000000000800a9e0        0xc build/startup_stm32h743xx.o
                0x000000000800a9e0                CEC_IRQHandler
 .text.I2C4_EV_IRQHandler
                0x000000000800a9ec        0xc build/startup_stm32h743xx.o
                0x000000000800a9ec                I2C4_EV_IRQHandler
 .text.I2C4_ER_IRQHandler
                0x000000000800a9f8        0xc build/startup_stm32h743xx.o
                0x000000000800a9f8                I2C4_ER_IRQHandler
 .text.SPDIF_RX_IRQHandler
                0x000000000800aa04        0xc build/startup_stm32h743xx.o
                0x000000000800aa04                SPDIF_RX_IRQHandler
 .text.OTG_FS_EP1_OUT_IRQHandler
                0x000000000800aa10        0xc build/startup_stm32h743xx.o
                0x000000000800aa10                OTG_FS_EP1_OUT_IRQHandler
 .text.OTG_FS_EP1_IN_IRQHandler
                0x000000000800aa1c        0xc build/startup_stm32h743xx.o
                0x000000000800aa1c                OTG_FS_EP1_IN_IRQHandler
 .text.OTG_FS_WKUP_IRQHandler
                0x000000000800aa28        0xc build/startup_stm32h743xx.o
                0x000000000800aa28                OTG_FS_WKUP_IRQHandler
 .text.OTG_FS_IRQHandler
                0x000000000800aa34        0xc build/startup_stm32h743xx.o
                0x000000000800aa34                OTG_FS_IRQHandler
 .text.DMAMUX1_OVR_IRQHandler
                0x000000000800aa40        0xc build/startup_stm32h743xx.o
                0x000000000800aa40                DMAMUX1_OVR_IRQHandler
 .text.HRTIM1_Master_IRQHandler
                0x000000000800aa4c        0xc build/startup_stm32h743xx.o
                0x000000000800aa4c                HRTIM1_Master_IRQHandler
 .text.HRTIM1_TIMA_IRQHandler
                0x000000000800aa58        0xc build/startup_stm32h743xx.o
                0x000000000800aa58                HRTIM1_TIMA_IRQHandler
 .text.HRTIM1_TIMB_IRQHandler
                0x000000000800aa64        0xc build/startup_stm32h743xx.o
                0x000000000800aa64                HRTIM1_TIMB_IRQHandler
 .text.HRTIM1_TIMC_IRQHandler
                0x000000000800aa70        0xc build/startup_stm32h743xx.o
                0x000000000800aa70                HRTIM1_TIMC_IRQHandler
 .text.HRTIM1_TIMD_IRQHandler
                0x000000000800aa7c        0xc build/startup_stm32h743xx.o
                0x000000000800aa7c                HRTIM1_TIMD_IRQHandler
 .text.HRTIM1_TIME_IRQHandler
                0x000000000800aa88        0xc build/startup_stm32h743xx.o
                0x000000000800aa88                HRTIM1_TIME_IRQHandler
 .text.HRTIM1_FLT_IRQHandler
                0x000000000800aa94        0xc build/startup_stm32h743xx.o
                0x000000000800aa94                HRTIM1_FLT_IRQHandler
 .text.DFSDM1_FLT0_IRQHandler
                0x000000000800aaa0        0xc build/startup_stm32h743xx.o
                0x000000000800aaa0                DFSDM1_FLT0_IRQHandler
 .text.DFSDM1_FLT1_IRQHandler
                0x000000000800aaac        0xc build/startup_stm32h743xx.o
                0x000000000800aaac                DFSDM1_FLT1_IRQHandler
 .text.DFSDM1_FLT2_IRQHandler
                0x000000000800aab8        0xc build/startup_stm32h743xx.o
                0x000000000800aab8                DFSDM1_FLT2_IRQHandler
 .text.DFSDM1_FLT3_IRQHandler
                0x000000000800aac4        0xc build/startup_stm32h743xx.o
                0x000000000800aac4                DFSDM1_FLT3_IRQHandler
 .text.SAI3_IRQHandler
                0x000000000800aad0        0xc build/startup_stm32h743xx.o
                0x000000000800aad0                SAI3_IRQHandler
 .text.SWPMI1_IRQHandler
                0x000000000800aadc        0xc build/startup_stm32h743xx.o
                0x000000000800aadc                SWPMI1_IRQHandler
 .text.TIM15_IRQHandler
                0x000000000800aae8        0xc build/startup_stm32h743xx.o
                0x000000000800aae8                TIM15_IRQHandler
 .text.TIM16_IRQHandler
                0x000000000800aaf4        0xc build/startup_stm32h743xx.o
                0x000000000800aaf4                TIM16_IRQHandler
 .text.TIM17_IRQHandler
                0x000000000800ab00        0xc build/startup_stm32h743xx.o
                0x000000000800ab00                TIM17_IRQHandler
 .text.MDIOS_WKUP_IRQHandler
                0x000000000800ab0c        0xc build/startup_stm32h743xx.o
                0x000000000800ab0c                MDIOS_WKUP_IRQHandler
 .text.MDIOS_IRQHandler
                0x000000000800ab18        0xc build/startup_stm32h743xx.o
                0x000000000800ab18                MDIOS_IRQHandler
 .text.JPEG_IRQHandler
                0x000000000800ab24        0xc build/startup_stm32h743xx.o
                0x000000000800ab24                JPEG_IRQHandler
 .text.MDMA_IRQHandler
                0x000000000800ab30        0xc build/startup_stm32h743xx.o
                0x000000000800ab30                MDMA_IRQHandler
 .text.SDMMC2_IRQHandler
                0x000000000800ab3c        0xc build/startup_stm32h743xx.o
                0x000000000800ab3c                SDMMC2_IRQHandler
 .text.HSEM1_IRQHandler
                0x000000000800ab48        0xc build/startup_stm32h743xx.o
                0x000000000800ab48                HSEM1_IRQHandler
 .text.ADC3_IRQHandler
                0x000000000800ab54        0xc build/startup_stm32h743xx.o
                0x000000000800ab54                ADC3_IRQHandler
 .text.DMAMUX2_OVR_IRQHandler
                0x000000000800ab60        0xc build/startup_stm32h743xx.o
                0x000000000800ab60                DMAMUX2_OVR_IRQHandler
 .text.BDMA_Channel0_IRQHandler
                0x000000000800ab6c        0xc build/startup_stm32h743xx.o
                0x000000000800ab6c                BDMA_Channel0_IRQHandler
 .text.BDMA_Channel1_IRQHandler
                0x000000000800ab78        0xc build/startup_stm32h743xx.o
                0x000000000800ab78                BDMA_Channel1_IRQHandler
 .text.BDMA_Channel2_IRQHandler
                0x000000000800ab84        0xc build/startup_stm32h743xx.o
                0x000000000800ab84                BDMA_Channel2_IRQHandler
 .text.BDMA_Channel3_IRQHandler
                0x000000000800ab90        0xc build/startup_stm32h743xx.o
                0x000000000800ab90                BDMA_Channel3_IRQHandler
 .text.BDMA_Channel4_IRQHandler
                0x000000000800ab9c        0xc build/startup_stm32h743xx.o
                0x000000000800ab9c                BDMA_Channel4_IRQHandler
 .text.BDMA_Channel5_IRQHandler
                0x000000000800aba8        0xc build/startup_stm32h743xx.o
                0x000000000800aba8                BDMA_Channel5_IRQHandler
 .text.BDMA_Channel6_IRQHandler
                0x000000000800abb4        0xc build/startup_stm32h743xx.o
                0x000000000800abb4                BDMA_Channel6_IRQHandler
 .text.BDMA_Channel7_IRQHandler
                0x000000000800abc0        0xc build/startup_stm32h743xx.o
                0x000000000800abc0                BDMA_Channel7_IRQHandler
 .text.COMP1_IRQHandler
                0x000000000800abcc        0xc build/startup_stm32h743xx.o
                0x000000000800abcc                COMP1_IRQHandler
 .text.LPTIM2_IRQHandler
                0x000000000800abd8        0xc build/startup_stm32h743xx.o
                0x000000000800abd8                LPTIM2_IRQHandler
 .text.LPTIM3_IRQHandler
                0x000000000800abe4        0xc build/startup_stm32h743xx.o
                0x000000000800abe4                LPTIM3_IRQHandler
 .text.LPTIM4_IRQHandler
                0x000000000800abf0        0xc build/startup_stm32h743xx.o
                0x000000000800abf0                LPTIM4_IRQHandler
 .text.LPTIM5_IRQHandler
                0x000000000800abfc        0xc build/startup_stm32h743xx.o
                0x000000000800abfc                LPTIM5_IRQHandler
 .text.LPUART1_IRQHandler
                0x000000000800ac08        0xc build/startup_stm32h743xx.o
                0x000000000800ac08                LPUART1_IRQHandler
 .text.CRS_IRQHandler
                0x000000000800ac14        0xc build/startup_stm32h743xx.o
                0x000000000800ac14                CRS_IRQHandler
 .text.ECC_IRQHandler
                0x000000000800ac20        0xc build/startup_stm32h743xx.o
                0x000000000800ac20                ECC_IRQHandler
 .text.SAI4_IRQHandler
                0x000000000800ac2c        0xc build/startup_stm32h743xx.o
                0x000000000800ac2c                SAI4_IRQHandler
 .text.WAKEUP_PIN_IRQHandler
                0x000000000800ac38        0xc build/startup_stm32h743xx.o
                0x000000000800ac38                WAKEUP_PIN_IRQHandler
 .text.__libc_init_array
                0x000000000800ac44       0x48 /Users/seojisu/Library/Arm-GCC-xPack/bin/../lib/gcc/arm-none-eabi/10.3.1/../../../../arm-none-eabi/lib/thumb/v7e-m+dp/hard/libc_nano.a(lib_a-init.o)
                0x000000000800ac44                __libc_init_array
 .text.memcpy   0x000000000800ac8c       0x1c /Users/seojisu/Library/Arm-GCC-xPack/bin/../lib/gcc/arm-none-eabi/10.3.1/../../../../arm-none-eabi/lib/thumb/v7e-m+dp/hard/libc_nano.a(lib_a-memcpy-stub.o)
                0x000000000800ac8c                memcpy
 .text.memset   0x000000000800aca8       0x10 /Users/seojisu/Library/Arm-GCC-xPack/bin/../lib/gcc/arm-none-eabi/10.3.1/../../../../arm-none-eabi/lib/thumb/v7e-m+dp/hard/libc_nano.a(lib_a-memset.o)
                0x000000000800aca8                memset
 *(.glue_7)
 .glue_7        0x000000000800acb8        0x0 linker stubs
 *(.glue_7t)
 .glue_7t       0x000000000800acb8        0x0 linker stubs
 *(.eh_frame)
 .eh_frame      0x000000000800acb8        0x0 /Users/seojisu/Library/Arm-GCC-xPack/bin/../lib/gcc/arm-none-eabi/10.3.1/thumb/v7e-m+dp/hard/crtbegin.o
 *(.init)
 .init          0x000000000800acb8        0x4 /Users/seojisu/Library/Arm-GCC-xPack/bin/../lib/gcc/arm-none-eabi/10.3.1/thumb/v7e-m+dp/hard/crti.o
                0x000000000800acb8                _init
 .init          0x000000000800acbc        0x8 /Users/seojisu/Library/Arm-GCC-xPack/bin/../lib/gcc/arm-none-eabi/10.3.1/thumb/v7e-m+dp/hard/crtn.o
 *(.fini)
 .fini          0x000000000800acc4        0x4 /Users/seojisu/Library/Arm-GCC-xPack/bin/../lib/gcc/arm-none-eabi/10.3.1/thumb/v7e-m+dp/hard/crti.o
                0x000000000800acc4                _fini
 .fini          0x000000000800acc8        0x8 /Users/seojisu/Library/Arm-GCC-xPack/bin/../lib/gcc/arm-none-eabi/10.3.1/thumb/v7e-m+dp/hard/crtn.o
                0x000000000800acd0                . = ALIGN (0x4)
                0x000000000800acd0                _etext = .

.vfp11_veneer   0x000000000800acd0        0x0
 .vfp11_veneer  0x000000000800acd0        0x0 linker stubs

.v4_bx          0x000000000800acd0        0x0
 .v4_bx         0x000000000800acd0        0x0 linker stubs

.iplt           0x000000000800acd0        0x0
 .iplt          0x000000000800acd0        0x0 /Users/seojisu/Library/Arm-GCC-xPack/bin/../lib/gcc/arm-none-eabi/10.3.1/thumb/v7e-m+dp/hard/crtbegin.o

.rodata         0x000000000800acd0       0x6c
                0x000000000800acd0                . = ALIGN (0x4)
 *(.rodata)
 .rodata        0x000000000800acd0       0x4c build/stm32h7xx_hal_fdcan.o
 *(.rodata*)
 .rodata.D1CorePrescTable
                0x000000000800ad1c       0x10 build/system_stm32h7xx.o
                0x000000000800ad1c                D1CorePrescTable
 .rodata.DLCtoBytes
                0x000000000800ad2c       0x10 build/stm32h7xx_hal_fdcan.o
                0x000000000800ad3c                . = ALIGN (0x4)

.rel.dyn        0x000000000800ad3c        0x0
 .rel.iplt      0x000000000800ad3c        0x0 /Users/seojisu/Library/Arm-GCC-xPack/bin/../lib/gcc/arm-none-eabi/10.3.1/thumb/v7e-m+dp/hard/crtbegin.o

.ARM.extab
 *(.ARM.extab* .gnu.linkonce.armextab.*)

.ARM            0x000000000800ad3c        0x0
                0x000000000800ad3c                __exidx_start = .
 *(.ARM.exidx*)
                0x000000000800ad3c                __exidx_end = .

.preinit_array  0x000000000800ad3c        0x0
                0x000000000800ad3c                PROVIDE (__preinit_array_start = .)
 *(.preinit_array*)
                0x000000000800ad3c                PROVIDE (__preinit_array_end = .)

.init_array     0x000000000800ad3c        0x4
                0x000000000800ad3c                PROVIDE (__init_array_start = .)
 *(SORT_BY_NAME(.init_array.*))
 *(.init_array*)
 .init_array    0x000000000800ad3c        0x4 /Users/seojisu/Library/Arm-GCC-xPack/bin/../lib/gcc/arm-none-eabi/10.3.1/thumb/v7e-m+dp/hard/crtbegin.o
                0x000000000800ad40                PROVIDE (__init_array_end = .)

.fini_array     0x000000000800ad40        0x4
                [!provide]                        PROVIDE (__fini_array_start = .)
 *(SORT_BY_NAME(.fini_array.*))
 *(.fini_array*)
 .fini_array    0x000000000800ad40        0x4 /Users/seojisu/Library/Arm-GCC-xPack/bin/../lib/gcc/arm-none-eabi/10.3.1/thumb/v7e-m+dp/hard/crtbegin.o
                [!provide]                        PROVIDE (__fini_array_end = .)
                0x000000000800ad44                _sidata = LOADADDR (.data)

.data           0x0000000020000000       0x1c load address 0x000000000800ad44
                0x0000000020000000                . = ALIGN (0x4)
                0x0000000020000000                _sdata = .
 *(.data)
 *(.data*)
 .data.Tx_Buffer
                0x0000000020000000        0x8 build/can.o
                0x0000000020000000                Tx_Buffer
 .data.Motor_Driver_Duty
                0x0000000020000008        0x4 build/motor_driver.o
                0x0000000020000008                Motor_Driver_Duty
 .data.uwTickPrio
                0x000000002000000c        0x4 build/stm32h7xx_hal.o
                0x000000002000000c                uwTickPrio
 .data.uwTickFreq
                0x0000000020000010        0x1 build/stm32h7xx_hal.o
                0x0000000020000010                uwTickFreq
 *fill*         0x0000000020000011        0x3 
 .data.SystemCoreClock
                0x0000000020000014        0x4 build/system_stm32h7xx.o
                0x0000000020000014                SystemCoreClock
 .data.SystemD2Clock
                0x0000000020000018        0x4 build/system_stm32h7xx.o
                0x0000000020000018                SystemD2Clock
                0x000000002000001c                . = ALIGN (0x4)
                0x000000002000001c                _edata = .

.igot.plt       0x000000002000001c        0x0 load address 0x000000000800ad60
 .igot.plt      0x000000002000001c        0x0 /Users/seojisu/Library/Arm-GCC-xPack/bin/../lib/gcc/arm-none-eabi/10.3.1/thumb/v7e-m+dp/hard/crtbegin.o
                0x000000002000001c                . = ALIGN (0x4)

.bss            0x000000002000001c      0x7fc load address 0x000000000800ad60
                0x000000002000001c                _sbss = .
                0x000000002000001c                __bss_start__ = _sbss
 *(.bss)
 *(.bss*)
 .bss.completed.1
                0x000000002000001c        0x1 /Users/seojisu/Library/Arm-GCC-xPack/bin/../lib/gcc/arm-none-eabi/10.3.1/thumb/v7e-m+dp/hard/crtbegin.o
 *fill*         0x000000002000001d        0x3 
 .bss.object.0  0x0000000020000020       0x18 /Users/seojisu/Library/Arm-GCC-xPack/bin/../lib/gcc/arm-none-eabi/10.3.1/thumb/v7e-m+dp/hard/crtbegin.o
 .bss.hadc1     0x0000000020000038       0x64 build/main.o
                0x0000000020000038                hadc1
 .bss.hadc3     0x000000002000009c       0x64 build/main.o
                0x000000002000009c                hadc3
 .bss.hfdcan1   0x0000000020000100       0xec build/main.o
                0x0000000020000100                hfdcan1
 .bss.hfdcan2   0x00000000200001ec       0xec build/main.o
                0x00000000200001ec                hfdcan2
 .bss.hi2c1     0x00000000200002d8       0x4c build/main.o
                0x00000000200002d8                hi2c1
 .bss.hi2c4     0x0000000020000324       0x4c build/main.o
                0x0000000020000324                hi2c4
 .bss.hspi5     0x0000000020000370       0x88 build/main.o
                0x0000000020000370                hspi5
 .bss.htim5     0x00000000200003f8       0xbc build/main.o
                0x00000000200003f8                htim5
 .bss.htim15    0x00000000200004b4       0xbc build/main.o
                0x00000000200004b4                htim15
 .bss.htim16    0x0000000020000570       0xbc build/main.o
                0x0000000020000570                htim16
 .bss.htim17    0x000000002000062c       0xbc build/main.o
                0x000000002000062c                htim17
 .bss.HAL_RCC_FDCAN_CLK_ENABLED
                0x00000000200006e8        0x4 build/stm32h7xx_hal_msp.o
 .bss.Os_Var    0x00000000200006ec       0x64 build/os.o
                0x00000000200006ec                Os_Var
 .bss.LED_Control_time
                0x0000000020000750        0x1 build/led.o
                0x0000000020000750                LED_Control_time
 *fill*         0x0000000020000751        0x3 
 .bss.IMU_BANK0
                0x0000000020000754       0x41 build/imu.o
                0x0000000020000754                IMU_BANK0
 .bss.IMU_Address
                0x0000000020000795        0x1 build/imu.o
                0x0000000020000795                IMU_Address
 *fill*         0x0000000020000796        0x2 
 .bss.ADC_CH6_Raw
                0x0000000020000798        0x4 build/adc.o
                0x0000000020000798                ADC_CH6_Raw
 .bss.ADC_CH7_Raw
                0x000000002000079c        0x4 build/adc.o
                0x000000002000079c                ADC_CH7_Raw
 .bss.ADC_BATT_Raw
                0x00000000200007a0        0x4 build/adc.o
                0x00000000200007a0                ADC_BATT_Raw
 .bss.ADC_CPU_Raw
                0x00000000200007a4        0x4 build/adc.o
                0x00000000200007a4                ADC_CPU_Raw
 .bss.ADC_CH6_Volt
                0x00000000200007a8        0x4 build/adc.o
                0x00000000200007a8                ADC_CH6_Volt
 .bss.ADC_CH7_Volt
                0x00000000200007ac        0x4 build/adc.o
                0x00000000200007ac                ADC_CH7_Volt
 .bss.ADC_BATT_Volt
                0x00000000200007b0        0x4 build/adc.o
                0x00000000200007b0                ADC_BATT_Volt
 .bss.ADC_CPU_Volt
                0x00000000200007b4        0x4 build/adc.o
                0x00000000200007b4                ADC_CPU_Volt
 .bss.state.1   0x00000000200007b8        0x1 build/lcd.o
 .bss.counter.0
                0x00000000200007b9        0x1 build/lcd.o
 *fill*         0x00000000200007ba        0x2 
 .bss.CAN1      0x00000000200007bc       0x24 build/can.o
                0x00000000200007bc                CAN1
 .bss.CAN2      0x00000000200007e0       0x24 build/can.o
                0x00000000200007e0                CAN2
 .bss.CAN1_Start_status
                0x0000000020000804        0x1 build/can.o
                0x0000000020000804                CAN1_Start_status
 .bss.CAN2_Start_status
                0x0000000020000805        0x1 build/can.o
                0x0000000020000805                CAN2_Start_status
 .bss.CAN1_Tx_status
                0x0000000020000806        0x1 build/can.o
                0x0000000020000806                CAN1_Tx_status
 .bss.CAN2_Tx_status
                0x0000000020000807        0x1 build/can.o
                0x0000000020000807                CAN2_Tx_status
 .bss.Motor_Driver_Step
                0x0000000020000808        0x1 build/motor_driver.o
                0x0000000020000808                Motor_Driver_Step
 *fill*         0x0000000020000809        0x3 
 .bss.Motor_Angle_Offset
                0x000000002000080c        0x4 build/motor_driver.o
                0x000000002000080c                Motor_Angle_Offset
 .bss.Motor_Driver_Fault
                0x0000000020000810        0x1 build/motor_driver.o
                0x0000000020000810                Motor_Driver_Fault
 .bss.AS5048_Angle
                0x0000000020000811        0x1 build/motor_driver.o
                0x0000000020000811                AS5048_Angle
 *fill*         0x0000000020000812        0x2 
 .bss.uwTick    0x0000000020000814        0x4 build/stm32h7xx_hal.o
                0x0000000020000814                uwTick
 *(COMMON)
                0x0000000020000818                . = ALIGN (0x4)
                0x0000000020000818                _ebss = .
                0x0000000020000818                __bss_end__ = _ebss

._user_heap_stack
                0x0000000020000818      0x600 load address 0x000000000800ad60
                0x0000000020000818                . = ALIGN (0x8)
                [!provide]                        PROVIDE (end = .)
                [!provide]                        PROVIDE (_end = .)
                0x0000000020000a18                . = (. + _Min_Heap_Size)
 *fill*         0x0000000020000818      0x200 
                0x0000000020000e18                . = (. + _Min_Stack_Size)
 *fill*         0x0000000020000a18      0x400 
                0x0000000020000e18                . = ALIGN (0x8)

/DISCARD/
 libc.a(*)
 libm.a(*)
 libgcc.a(*)

.ARM.attributes
                0x0000000000000000       0x2e
 *(.ARM.attributes)
 .ARM.attributes
                0x0000000000000000       0x1e /Users/seojisu/Library/Arm-GCC-xPack/bin/../lib/gcc/arm-none-eabi/10.3.1/thumb/v7e-m+dp/hard/crti.o
 .ARM.attributes
                0x000000000000001e       0x32 /Users/seojisu/Library/Arm-GCC-xPack/bin/../lib/gcc/arm-none-eabi/10.3.1/thumb/v7e-m+dp/hard/crtbegin.o
 .ARM.attributes
                0x0000000000000050       0x32 build/main.o
 .ARM.attributes
                0x0000000000000082       0x32 build/stm32h7xx_it.o
 .ARM.attributes
                0x00000000000000b4       0x32 build/stm32h7xx_hal_msp.o
 .ARM.attributes
                0x00000000000000e6       0x32 build/os.o
 .ARM.attributes
                0x0000000000000118       0x32 build/led.o
 .ARM.attributes
                0x000000000000014a       0x32 build/imu.o
 .ARM.attributes
                0x000000000000017c       0x32 build/adc.o
 .ARM.attributes
                0x00000000000001ae       0x32 build/lcd.o
 .ARM.attributes
                0x00000000000001e0       0x32 build/can.o
 .ARM.attributes
                0x0000000000000212       0x32 build/motor_driver.o
 .ARM.attributes
                0x0000000000000244       0x32 build/stm32h7xx_hal_cortex.o
 .ARM.attributes
                0x0000000000000276       0x32 build/stm32h7xx_hal_tim.o
 .ARM.attributes
                0x00000000000002a8       0x32 build/stm32h7xx_hal_tim_ex.o
 .ARM.attributes
                0x00000000000002da       0x32 build/stm32h7xx_hal_rcc.o
 .ARM.attributes
                0x000000000000030c       0x32 build/stm32h7xx_hal_rcc_ex.o
 .ARM.attributes
                0x000000000000033e       0x32 build/stm32h7xx_hal_gpio.o
 .ARM.attributes
                0x0000000000000370       0x32 build/stm32h7xx_hal_pwr_ex.o
 .ARM.attributes
                0x00000000000003a2       0x32 build/stm32h7xx_hal.o
 .ARM.attributes
                0x00000000000003d4       0x32 build/stm32h7xx_hal_i2c.o
 .ARM.attributes
                0x0000000000000406       0x32 build/stm32h7xx_hal_i2c_ex.o
 .ARM.attributes
                0x0000000000000438       0x32 build/system_stm32h7xx.o
 .ARM.attributes
                0x000000000000046a       0x32 build/stm32h7xx_hal_adc.o
 .ARM.attributes
                0x000000000000049c       0x32 build/stm32h7xx_hal_adc_ex.o
 .ARM.attributes
                0x00000000000004ce       0x32 build/stm32h7xx_hal_spi.o
 .ARM.attributes
                0x0000000000000500       0x32 build/stm32h7xx_hal_fdcan.o
 .ARM.attributes
                0x0000000000000532       0x32 build/startup_stm32h743xx.o
 .ARM.attributes
                0x0000000000000564       0x32 /Users/seojisu/Library/Arm-GCC-xPack/bin/../lib/gcc/arm-none-eabi/10.3.1/../../../../arm-none-eabi/lib/thumb/v7e-m+dp/hard/libc_nano.a(lib_a-init.o)
 .ARM.attributes
                0x0000000000000596       0x32 /Users/seojisu/Library/Arm-GCC-xPack/bin/../lib/gcc/arm-none-eabi/10.3.1/../../../../arm-none-eabi/lib/thumb/v7e-m+dp/hard/libc_nano.a(lib_a-memcpy-stub.o)
 .ARM.attributes
                0x00000000000005c8       0x32 /Users/seojisu/Library/Arm-GCC-xPack/bin/../lib/gcc/arm-none-eabi/10.3.1/../../../../arm-none-eabi/lib/thumb/v7e-m+dp/hard/libc_nano.a(lib_a-memset.o)
 .ARM.attributes
                0x00000000000005fa       0x1e /Users/seojisu/Library/Arm-GCC-xPack/bin/../lib/gcc/arm-none-eabi/10.3.1/thumb/v7e-m+dp/hard/crtn.o
OUTPUT(build/Project_J.elf elf32-littlearm)
LOAD linker stubs
LOAD /Users/seojisu/Library/Arm-GCC-xPack/bin/../lib/gcc/arm-none-eabi/10.3.1/../../../../arm-none-eabi/lib/thumb/v7e-m+dp/hard/libc.a
LOAD /Users/seojisu/Library/Arm-GCC-xPack/bin/../lib/gcc/arm-none-eabi/10.3.1/../../../../arm-none-eabi/lib/thumb/v7e-m+dp/hard/libm.a
LOAD /Users/seojisu/Library/Arm-GCC-xPack/bin/../lib/gcc/arm-none-eabi/10.3.1/thumb/v7e-m+dp/hard/libgcc.a

.comment        0x0000000000000000       0x42
 .comment       0x0000000000000000       0x42 /Users/seojisu/Library/Arm-GCC-xPack/bin/../lib/gcc/arm-none-eabi/10.3.1/thumb/v7e-m+dp/hard/crtbegin.o
                                         0x43 (size before relaxing)
 .comment       0x0000000000000042       0x43 build/main.o
 .comment       0x0000000000000042       0x43 build/stm32h7xx_it.o
 .comment       0x0000000000000042       0x43 build/stm32h7xx_hal_msp.o
 .comment       0x0000000000000042       0x43 build/os.o
 .comment       0x0000000000000042       0x43 build/led.o
 .comment       0x0000000000000042       0x43 build/imu.o
 .comment       0x0000000000000042       0x43 build/adc.o
 .comment       0x0000000000000042       0x43 build/lcd.o
 .comment       0x0000000000000042       0x43 build/can.o
 .comment       0x0000000000000042       0x43 build/motor_driver.o
 .comment       0x0000000000000042       0x43 build/stm32h7xx_hal_cortex.o
 .comment       0x0000000000000042       0x43 build/stm32h7xx_hal_tim.o
 .comment       0x0000000000000042       0x43 build/stm32h7xx_hal_tim_ex.o
 .comment       0x0000000000000042       0x43 build/stm32h7xx_hal_rcc.o
 .comment       0x0000000000000042       0x43 build/stm32h7xx_hal_rcc_ex.o
 .comment       0x0000000000000042       0x43 build/stm32h7xx_hal_gpio.o
 .comment       0x0000000000000042       0x43 build/stm32h7xx_hal_pwr_ex.o
 .comment       0x0000000000000042       0x43 build/stm32h7xx_hal.o
 .comment       0x0000000000000042       0x43 build/stm32h7xx_hal_i2c.o
 .comment       0x0000000000000042       0x43 build/stm32h7xx_hal_i2c_ex.o
 .comment       0x0000000000000042       0x43 build/system_stm32h7xx.o
 .comment       0x0000000000000042       0x43 build/stm32h7xx_hal_adc.o
 .comment       0x0000000000000042       0x43 build/stm32h7xx_hal_adc_ex.o
 .comment       0x0000000000000042       0x43 build/stm32h7xx_hal_spi.o
 .comment       0x0000000000000042       0x43 build/stm32h7xx_hal_fdcan.o
 .comment       0x0000000000000042       0x43 build/startup_stm32h743xx.o
 .comment       0x0000000000000042       0x43 /Users/seojisu/Library/Arm-GCC-xPack/bin/../lib/gcc/arm-none-eabi/10.3.1/../../../../arm-none-eabi/lib/thumb/v7e-m+dp/hard/libc_nano.a(lib_a-init.o)
 .comment       0x0000000000000042       0x43 /Users/seojisu/Library/Arm-GCC-xPack/bin/../lib/gcc/arm-none-eabi/10.3.1/../../../../arm-none-eabi/lib/thumb/v7e-m+dp/hard/libc_nano.a(lib_a-memcpy-stub.o)
 .comment       0x0000000000000042       0x43 /Users/seojisu/Library/Arm-GCC-xPack/bin/../lib/gcc/arm-none-eabi/10.3.1/../../../../arm-none-eabi/lib/thumb/v7e-m+dp/hard/libc_nano.a(lib_a-memset.o)

.debug_info     0x0000000000000000    0x27695
 .debug_info    0x0000000000000000     0x3b48 build/main.o
 .debug_info    0x0000000000003b48      0xaf8 build/stm32h7xx_it.o
 .debug_info    0x0000000000004640     0x31a9 build/stm32h7xx_hal_msp.o
 .debug_info    0x00000000000077e9      0x5b3 build/os.o
 .debug_info    0x0000000000007d9c      0x1cf build/led.o
 .debug_info    0x0000000000007f6b     0x1b9a build/imu.o
 .debug_info    0x0000000000009b05      0xa3a build/adc.o
 .debug_info    0x000000000000a53f      0x2af build/lcd.o
 .debug_info    0x000000000000a7ee      0xc8f build/can.o
 .debug_info    0x000000000000b47d      0x569 build/motor_driver.o
 .debug_info    0x000000000000b9e6     0x12c0 build/stm32h7xx_hal_cortex.o
 .debug_info    0x000000000000cca6     0x3426 build/stm32h7xx_hal_tim.o
 .debug_info    0x00000000000100cc     0x1b71 build/stm32h7xx_hal_tim_ex.o
 .debug_info    0x0000000000011c3d     0x109e build/stm32h7xx_hal_rcc.o
 .debug_info    0x0000000000012cdb     0x14aa build/stm32h7xx_hal_rcc_ex.o
 .debug_info    0x0000000000014185      0xea3 build/stm32h7xx_hal_gpio.o
 .debug_info    0x0000000000015028     0x1262 build/stm32h7xx_hal_pwr_ex.o
 .debug_info    0x000000000001628a     0x17d0 build/stm32h7xx_hal.o
 .debug_info    0x0000000000017a5a     0x2550 build/stm32h7xx_hal_i2c.o
 .debug_info    0x0000000000019faa      0xfbf build/stm32h7xx_hal_i2c_ex.o
 .debug_info    0x000000000001af69      0xe89 build/system_stm32h7xx.o
 .debug_info    0x000000000001bdf2     0x2114 build/stm32h7xx_hal_adc.o
 .debug_info    0x000000000001df06     0x223b build/stm32h7xx_hal_adc_ex.o
 .debug_info    0x0000000000020141     0x16f8 build/stm32h7xx_hal_spi.o
 .debug_info    0x0000000000021839     0x3b2b build/stm32h7xx_hal_fdcan.o
 .debug_info    0x0000000000025364     0x2331 build/startup_stm32h743xx.o

.debug_abbrev   0x0000000000000000     0x32e4
 .debug_abbrev  0x0000000000000000      0x2e6 build/main.o
 .debug_abbrev  0x00000000000002e6      0x16c build/stm32h7xx_it.o
 .debug_abbrev  0x0000000000000452      0x203 build/stm32h7xx_hal_msp.o
 .debug_abbrev  0x0000000000000655      0x17f build/os.o
 .debug_abbrev  0x00000000000007d4       0xdd build/led.o
 .debug_abbrev  0x00000000000008b1      0x180 build/imu.o
 .debug_abbrev  0x0000000000000a31      0x16c build/adc.o
 .debug_abbrev  0x0000000000000b9d      0x106 build/lcd.o
 .debug_abbrev  0x0000000000000ca3      0x149 build/can.o
 .debug_abbrev  0x0000000000000dec      0x1a7 build/motor_driver.o
 .debug_abbrev  0x0000000000000f93      0x306 build/stm32h7xx_hal_cortex.o
 .debug_abbrev  0x0000000000001299      0x241 build/stm32h7xx_hal_tim.o
 .debug_abbrev  0x00000000000014da      0x249 build/stm32h7xx_hal_tim_ex.o
 .debug_abbrev  0x0000000000001723      0x24d build/stm32h7xx_hal_rcc.o
 .debug_abbrev  0x0000000000001970      0x235 build/stm32h7xx_hal_rcc_ex.o
 .debug_abbrev  0x0000000000001ba5      0x1c9 build/stm32h7xx_hal_gpio.o
 .debug_abbrev  0x0000000000001d6e      0x244 build/stm32h7xx_hal_pwr_ex.o
 .debug_abbrev  0x0000000000001fb2      0x21e build/stm32h7xx_hal.o
 .debug_abbrev  0x00000000000021d0      0x216 build/stm32h7xx_hal_i2c.o
 .debug_abbrev  0x00000000000023e6      0x1be build/stm32h7xx_hal_i2c_ex.o
 .debug_abbrev  0x00000000000025a4      0x124 build/system_stm32h7xx.o
 .debug_abbrev  0x00000000000026c8      0x27d build/stm32h7xx_hal_adc.o
 .debug_abbrev  0x0000000000002945      0x2c3 build/stm32h7xx_hal_adc_ex.o
 .debug_abbrev  0x0000000000002c08      0x26e build/stm32h7xx_hal_spi.o
 .debug_abbrev  0x0000000000002e76      0x285 build/stm32h7xx_hal_fdcan.o
 .debug_abbrev  0x00000000000030fb      0x1e9 build/startup_stm32h743xx.o

.debug_loc      0x0000000000000000    0x11c17
 .debug_loc     0x0000000000000000      0x41c build/main.o
 .debug_loc     0x000000000000041c      0x1f8 build/stm32h7xx_it.o
 .debug_loc     0x0000000000000614      0x3d0 build/stm32h7xx_hal_msp.o
 .debug_loc     0x00000000000009e4      0x35c build/os.o
 .debug_loc     0x0000000000000d40       0x2c build/led.o
 .debug_loc     0x0000000000000d6c       0x9c build/imu.o
 .debug_loc     0x0000000000000e08       0x70 build/adc.o
 .debug_loc     0x0000000000000e78      0x1c4 build/lcd.o
 .debug_loc     0x000000000000103c       0x58 build/can.o
 .debug_loc     0x0000000000001094      0x198 build/motor_driver.o
 .debug_loc     0x000000000000122c      0xa38 build/stm32h7xx_hal_cortex.o
 .debug_loc     0x0000000000001c64     0x296c build/stm32h7xx_hal_tim.o
 .debug_loc     0x00000000000045d0      0xf38 build/stm32h7xx_hal_tim_ex.o
 .debug_loc     0x0000000000005508      0x3e8 build/stm32h7xx_hal_rcc.o
 .debug_loc     0x00000000000058f0      0x862 build/stm32h7xx_hal_rcc_ex.o
 .debug_loc     0x0000000000006152      0x2d4 build/stm32h7xx_hal_gpio.o
 .debug_loc     0x0000000000006426      0xbda build/stm32h7xx_hal_pwr_ex.o
 .debug_loc     0x0000000000007000      0xe34 build/stm32h7xx_hal.o
 .debug_loc     0x0000000000007e34     0x19a0 build/stm32h7xx_hal_i2c.o
 .debug_loc     0x00000000000097d4      0x228 build/stm32h7xx_hal_i2c_ex.o
 .debug_loc     0x00000000000099fc       0xa0 build/system_stm32h7xx.o
 .debug_loc     0x0000000000009a9c     0x16cc build/stm32h7xx_hal_adc.o
 .debug_loc     0x000000000000b168     0x1316 build/stm32h7xx_hal_adc_ex.o
 .debug_loc     0x000000000000c47e     0x1089 build/stm32h7xx_hal_spi.o
 .debug_loc     0x000000000000d507     0x2c34 build/stm32h7xx_hal_fdcan.o
 .debug_loc     0x000000000001013b     0x1adc build/startup_stm32h743xx.o

.debug_aranges  0x0000000000000000     0x2020
 .debug_aranges
                0x0000000000000000       0x98 build/main.o
 .debug_aranges
                0x0000000000000098       0x60 build/stm32h7xx_it.o
 .debug_aranges
                0x00000000000000f8       0x78 build/stm32h7xx_hal_msp.o
 .debug_aranges
                0x0000000000000170       0x80 build/os.o
 .debug_aranges
                0x00000000000001f0       0x20 build/led.o
 .debug_aranges
                0x0000000000000210       0x30 build/imu.o
 .debug_aranges
                0x0000000000000240       0x28 build/adc.o
 .debug_aranges
                0x0000000000000268       0x50 build/lcd.o
 .debug_aranges
                0x00000000000002b8       0x28 build/can.o
 .debug_aranges
                0x00000000000002e0       0x48 build/motor_driver.o
 .debug_aranges
                0x0000000000000328      0x120 build/stm32h7xx_hal_cortex.o
 .debug_aranges
                0x0000000000000448      0x3f8 build/stm32h7xx_hal_tim.o
 .debug_aranges
                0x0000000000000840      0x188 build/stm32h7xx_hal_tim_ex.o
 .debug_aranges
                0x00000000000009c8       0x88 build/stm32h7xx_hal_rcc.o
 .debug_aranges
                0x0000000000000a50       0xf8 build/stm32h7xx_hal_rcc_ex.o
 .debug_aranges
                0x0000000000000b48       0x58 build/stm32h7xx_hal_gpio.o
 .debug_aranges
                0x0000000000000ba0      0x158 build/stm32h7xx_hal_pwr_ex.o
 .debug_aranges
                0x0000000000000cf8      0x198 build/stm32h7xx_hal.o
 .debug_aranges
                0x0000000000000e90      0x290 build/stm32h7xx_hal_i2c.o
 .debug_aranges
                0x0000000000001120       0x48 build/stm32h7xx_hal_i2c_ex.o
 .debug_aranges
                0x0000000000001168       0x28 build/system_stm32h7xx.o
 .debug_aranges
                0x0000000000001190      0x228 build/stm32h7xx_hal_adc.o
 .debug_aranges
                0x00000000000013b8      0x1d8 build/stm32h7xx_hal_adc_ex.o
 .debug_aranges
                0x0000000000001590      0x1a0 build/stm32h7xx_hal_spi.o
 .debug_aranges
                0x0000000000001730      0x3f8 build/stm32h7xx_hal_fdcan.o
 .debug_aranges
                0x0000000000001b28      0x4f8 build/startup_stm32h743xx.o

.debug_ranges   0x0000000000000000     0x1e80
 .debug_ranges  0x0000000000000000       0x88 build/main.o
 .debug_ranges  0x0000000000000088       0x50 build/stm32h7xx_it.o
 .debug_ranges  0x00000000000000d8       0x68 build/stm32h7xx_hal_msp.o
 .debug_ranges  0x0000000000000140       0x70 build/os.o
 .debug_ranges  0x00000000000001b0       0x10 build/led.o
 .debug_ranges  0x00000000000001c0       0x20 build/imu.o
 .debug_ranges  0x00000000000001e0       0x18 build/adc.o
 .debug_ranges  0x00000000000001f8       0x40 build/lcd.o
 .debug_ranges  0x0000000000000238       0x18 build/can.o
 .debug_ranges  0x0000000000000250       0x38 build/motor_driver.o
 .debug_ranges  0x0000000000000288      0x110 build/stm32h7xx_hal_cortex.o
 .debug_ranges  0x0000000000000398      0x3e8 build/stm32h7xx_hal_tim.o
 .debug_ranges  0x0000000000000780      0x178 build/stm32h7xx_hal_tim_ex.o
 .debug_ranges  0x00000000000008f8       0x78 build/stm32h7xx_hal_rcc.o
 .debug_ranges  0x0000000000000970       0xe8 build/stm32h7xx_hal_rcc_ex.o
 .debug_ranges  0x0000000000000a58       0x48 build/stm32h7xx_hal_gpio.o
 .debug_ranges  0x0000000000000aa0      0x148 build/stm32h7xx_hal_pwr_ex.o
 .debug_ranges  0x0000000000000be8      0x188 build/stm32h7xx_hal.o
 .debug_ranges  0x0000000000000d70      0x280 build/stm32h7xx_hal_i2c.o
 .debug_ranges  0x0000000000000ff0       0x38 build/stm32h7xx_hal_i2c_ex.o
 .debug_ranges  0x0000000000001028       0x18 build/system_stm32h7xx.o
 .debug_ranges  0x0000000000001040      0x218 build/stm32h7xx_hal_adc.o
 .debug_ranges  0x0000000000001258      0x1c8 build/stm32h7xx_hal_adc_ex.o
 .debug_ranges  0x0000000000001420      0x190 build/stm32h7xx_hal_spi.o
 .debug_ranges  0x00000000000015b0      0x3e8 build/stm32h7xx_hal_fdcan.o
 .debug_ranges  0x0000000000001998      0x4e8 build/startup_stm32h743xx.o

.debug_line     0x0000000000000000    0x17297
 .debug_line    0x0000000000000000      0x991 build/main.o
 .debug_line    0x0000000000000991      0x262 build/stm32h7xx_it.o
 .debug_line    0x0000000000000bf3      0x523 build/stm32h7xx_hal_msp.o
 .debug_line    0x0000000000001116      0x28e build/os.o
 .debug_line    0x00000000000013a4      0x1c4 build/led.o
 .debug_line    0x0000000000001568      0x1e4 build/imu.o
 .debug_line    0x000000000000174c      0x244 build/adc.o
 .debug_line    0x0000000000001990      0x283 build/lcd.o
 .debug_line    0x0000000000001c13      0x206 build/can.o
 .debug_line    0x0000000000001e19      0x330 build/motor_driver.o
 .debug_line    0x0000000000002149      0x75f build/stm32h7xx_hal_cortex.o
 .debug_line    0x00000000000028a8     0x3bfa build/stm32h7xx_hal_tim.o
 .debug_line    0x00000000000064a2     0x1741 build/stm32h7xx_hal_tim_ex.o
 .debug_line    0x0000000000007be3      0xd2e build/stm32h7xx_hal_rcc.o
 .debug_line    0x0000000000008911     0x14c0 build/stm32h7xx_hal_rcc_ex.o
 .debug_line    0x0000000000009dd1      0x5fe build/stm32h7xx_hal_gpio.o
 .debug_line    0x000000000000a3cf      0x88a build/stm32h7xx_hal_pwr_ex.o
 .debug_line    0x000000000000ac59      0x770 build/stm32h7xx_hal.o
 .debug_line    0x000000000000b3c9     0x3178 build/stm32h7xx_hal_i2c.o
 .debug_line    0x000000000000e541      0x3c1 build/stm32h7xx_hal_i2c_ex.o
 .debug_line    0x000000000000e902      0x376 build/system_stm32h7xx.o
 .debug_line    0x000000000000ec78     0x1d09 build/stm32h7xx_hal_adc.o
 .debug_line    0x0000000000010981     0x18e9 build/stm32h7xx_hal_adc_ex.o
 .debug_line    0x000000000001226a     0x1946 build/stm32h7xx_hal_spi.o
 .debug_line    0x0000000000013bb0     0x266e build/stm32h7xx_hal_fdcan.o
 .debug_line    0x000000000001621e     0x1079 build/startup_stm32h743xx.o

.debug_str      0x0000000000000000     0xb5a0
 .debug_str     0x0000000000000000     0x2093 build/main.o
                                       0x257f (size before relaxing)
 .debug_str     0x0000000000002093       0xbb build/stm32h7xx_it.o
                                        0xb06 (size before relaxing)
 .debug_str     0x000000000000214e      0x924 build/stm32h7xx_hal_msp.o
                                       0x2789 (size before relaxing)
 .debug_str     0x0000000000002a72      0x3e9 build/os.o
                                        0x551 (size before relaxing)
 .debug_str     0x0000000000002e5b       0x2c build/led.o
                                        0x210 (size before relaxing)
 .debug_str     0x0000000000002e87      0xb84 build/imu.o
                                       0x1326 (size before relaxing)
 .debug_str     0x0000000000003a0b       0x8e build/adc.o
                                        0x838 (size before relaxing)
 .debug_str     0x0000000000003a99       0x7b build/lcd.o
                                        0x25d (size before relaxing)
 .debug_str     0x0000000000003b14      0x110 build/can.o
                                        0x93f (size before relaxing)
 .debug_str     0x0000000000003c24       0xf8 build/motor_driver.o
                                        0x3bb (size before relaxing)
 .debug_str     0x0000000000003d1c      0x4ab build/stm32h7xx_hal_cortex.o
                                       0x1025 (size before relaxing)
 .debug_str     0x00000000000041c7     0x1199 build/stm32h7xx_hal_tim.o
                                       0x1dce (size before relaxing)
 .debug_str     0x0000000000005360      0x5c9 build/stm32h7xx_hal_tim_ex.o
                                       0x130b (size before relaxing)
 .debug_str     0x0000000000005929      0x382 build/stm32h7xx_hal_rcc.o
                                        0x9c3 (size before relaxing)
 .debug_str     0x0000000000005cab      0x685 build/stm32h7xx_hal_rcc_ex.o
                                        0xe94 (size before relaxing)
 .debug_str     0x0000000000006330      0x12c build/stm32h7xx_hal_gpio.o
                                        0x6b1 (size before relaxing)
 .debug_str     0x000000000000645c      0x54a build/stm32h7xx_hal_pwr_ex.o
                                        0xa06 (size before relaxing)
 .debug_str     0x00000000000069a6      0x660 build/stm32h7xx_hal.o
                                       0x1430 (size before relaxing)
 .debug_str     0x0000000000007006      0x8ba build/stm32h7xx_hal_i2c.o
                                       0x10d7 (size before relaxing)
 .debug_str     0x00000000000078c0       0xf0 build/stm32h7xx_hal_i2c_ex.o
                                        0xb1c (size before relaxing)
 .debug_str     0x00000000000079b0       0x3d build/system_stm32h7xx.o
                                        0x70c (size before relaxing)
 .debug_str     0x00000000000079ed      0x8c2 build/stm32h7xx_hal_adc.o
                                       0x1210 (size before relaxing)
 .debug_str     0x00000000000082af      0x7ea build/stm32h7xx_hal_adc_ex.o
                                       0x13b9 (size before relaxing)
 .debug_str     0x0000000000008a99      0x4fa build/stm32h7xx_hal_spi.o
                                        0xd41 (size before relaxing)
 .debug_str     0x0000000000008f93     0x1ada build/stm32h7xx_hal_fdcan.o
                                       0x255c (size before relaxing)
 .debug_str     0x000000000000aa6d      0xb33 build/startup_stm32h743xx.o
                                       0x1ce1 (size before relaxing)

.debug_frame    0x0000000000000000     0x86fc
 .debug_frame   0x0000000000000000      0x21c build/main.o
 .debug_frame   0x000000000000021c      0x10c build/stm32h7xx_it.o
 .debug_frame   0x0000000000000328      0x1cc build/stm32h7xx_hal_msp.o
 .debug_frame   0x00000000000004f4      0x1b8 build/os.o
 .debug_frame   0x00000000000006ac       0x2c build/led.o
 .debug_frame   0x00000000000006d8       0x68 build/imu.o
 .debug_frame   0x0000000000000740       0x4c build/adc.o
 .debug_frame   0x000000000000078c       0xf4 build/lcd.o
 .debug_frame   0x0000000000000880       0x48 build/can.o
 .debug_frame   0x00000000000008c8       0xd8 build/motor_driver.o
 .debug_frame   0x00000000000009a0      0x4b8 build/stm32h7xx_hal_cortex.o
 .debug_frame   0x0000000000000e58     0x1294 build/stm32h7xx_hal_tim.o
 .debug_frame   0x00000000000020ec      0x6d8 build/stm32h7xx_hal_tim_ex.o
 .debug_frame   0x00000000000027c4      0x1f8 build/stm32h7xx_hal_rcc.o
 .debug_frame   0x00000000000029bc      0x3f4 build/stm32h7xx_hal_rcc_ex.o
 .debug_frame   0x0000000000002db0      0x14c build/stm32h7xx_hal_gpio.o
 .debug_frame   0x0000000000002efc      0x580 build/stm32h7xx_hal_pwr_ex.o
 .debug_frame   0x000000000000347c      0x690 build/stm32h7xx_hal.o
 .debug_frame   0x0000000000003b0c      0xbf0 build/stm32h7xx_hal_i2c.o
 .debug_frame   0x00000000000046fc      0x100 build/stm32h7xx_hal_i2c_ex.o
 .debug_frame   0x00000000000047fc       0x58 build/system_stm32h7xx.o
 .debug_frame   0x0000000000004854      0xa28 build/stm32h7xx_hal_adc.o
 .debug_frame   0x000000000000527c      0x88c build/stm32h7xx_hal_adc_ex.o
 .debug_frame   0x0000000000005b08      0x778 build/stm32h7xx_hal_spi.o
 .debug_frame   0x0000000000006280     0x135c build/stm32h7xx_hal_fdcan.o
 .debug_frame   0x00000000000075dc     0x1120 build/startup_stm32h743xx.o

Cross Reference Table

Symbol                                            File
ADC3_IRQHandler                                   build/startup_stm32h743xx.o
ADC_BATT_Raw                                      build/adc.o
ADC_BATT_Volt                                     build/adc.o
ADC_CH6_Raw                                       build/adc.o
ADC_CH6_Volt                                      build/adc.o
ADC_CH7_Raw                                       build/adc.o
ADC_CH7_Volt                                      build/adc.o
ADC_CPU_Raw                                       build/adc.o
ADC_CPU_Volt                                      build/adc.o
ADC_ConfigureBoostMode                            build/stm32h7xx_hal_adc.o
ADC_ConversionStop                                build/stm32h7xx_hal_adc.o
                                                  build/stm32h7xx_hal_adc_ex.o
ADC_DMAConvCplt                                   build/stm32h7xx_hal_adc.o
                                                  build/stm32h7xx_hal_adc_ex.o
ADC_DMAError                                      build/stm32h7xx_hal_adc.o
                                                  build/stm32h7xx_hal_adc_ex.o