Archive member included to satisfy reference by file (symbol)

d:/3.tools/arm_gcc_toolchain/20_q4_major/bin/../lib/gcc/arm-none-eabi/10.2.1/../../../../arm-none-eabi/lib/thumb/v7e-m+dp/hard\libc_nano.a(lib_a-exit.o)
                              d:/3.tools/arm_gcc_toolchain/20_q4_major/bin/../lib/gcc/arm-none-eabi/10.2.1/../../../../arm-none-eabi/lib/thumb/v7e-m+dp/hard/crt0.o (exit)
d:/3.tools/arm_gcc_toolchain/20_q4_major/bin/../lib/gcc/arm-none-eabi/10.2.1/../../../../arm-none-eabi/lib/thumb/v7e-m+dp/hard\libc_nano.a(lib_a-impure.o)
                              d:/3.tools/arm_gcc_toolchain/20_q4_major/bin/../lib/gcc/arm-none-eabi/10.2.1/../../../../arm-none-eabi/lib/thumb/v7e-m+dp/hard\libc_nano.a(lib_a-exit.o) (_global_impure_ptr)
d:/3.tools/arm_gcc_toolchain/20_q4_major/bin/../lib/gcc/arm-none-eabi/10.2.1/../../../../arm-none-eabi/lib/thumb/v7e-m+dp/hard\libc_nano.a(lib_a-init.o)
                              d:/3.tools/arm_gcc_toolchain/20_q4_major/bin/../lib/gcc/arm-none-eabi/10.2.1/../../../../arm-none-eabi/lib/thumb/v7e-m+dp/hard/crt0.o (__libc_init_array)
d:/3.tools/arm_gcc_toolchain/20_q4_major/bin/../lib/gcc/arm-none-eabi/10.2.1/../../../../arm-none-eabi/lib/thumb/v7e-m+dp/hard\libc_nano.a(lib_a-memset.o)
                              d:/3.tools/arm_gcc_toolchain/20_q4_major/bin/../lib/gcc/arm-none-eabi/10.2.1/../../../../arm-none-eabi/lib/thumb/v7e-m+dp/hard/crt0.o (memset)
d:/3.tools/arm_gcc_toolchain/20_q4_major/bin/../lib/gcc/arm-none-eabi/10.2.1/../../../../arm-none-eabi/lib/thumb/v7e-m+dp/hard\libnosys.a(_exit.o)
                              d:/3.tools/arm_gcc_toolchain/20_q4_major/bin/../lib/gcc/arm-none-eabi/10.2.1/../../../../arm-none-eabi/lib/thumb/v7e-m+dp/hard\libc_nano.a(lib_a-exit.o) (_exit)

Discarded input sections

 .text          0x00000000        0x0 d:/3.tools/arm_gcc_toolchain/20_q4_major/bin/../lib/gcc/arm-none-eabi/10.2.1/thumb/v7e-m+dp/hard/crti.o
 .data          0x00000000        0x0 d:/3.tools/arm_gcc_toolchain/20_q4_major/bin/../lib/gcc/arm-none-eabi/10.2.1/thumb/v7e-m+dp/hard/crti.o
 .bss           0x00000000        0x0 d:/3.tools/arm_gcc_toolchain/20_q4_major/bin/../lib/gcc/arm-none-eabi/10.2.1/thumb/v7e-m+dp/hard/crti.o
 .data          0x00000000        0x4 d:/3.tools/arm_gcc_toolchain/20_q4_major/bin/../lib/gcc/arm-none-eabi/10.2.1/thumb/v7e-m+dp/hard/crtbegin.o
 .rodata        0x00000000       0x24 d:/3.tools/arm_gcc_toolchain/20_q4_major/bin/../lib/gcc/arm-none-eabi/10.2.1/thumb/v7e-m+dp/hard/crtbegin.o
 .text          0x00000000       0x7c d:/3.tools/arm_gcc_toolchain/20_q4_major/bin/../lib/gcc/arm-none-eabi/10.2.1/../../../../arm-none-eabi/lib/thumb/v7e-m+dp/hard/crt0.o
 .data          0x00000000        0x0 d:/3.tools/arm_gcc_toolchain/20_q4_major/bin/../lib/gcc/arm-none-eabi/10.2.1/../../../../arm-none-eabi/lib/thumb/v7e-m+dp/hard/crt0.o
 .bss           0x00000000        0x0 d:/3.tools/arm_gcc_toolchain/20_q4_major/bin/../lib/gcc/arm-none-eabi/10.2.1/../../../../arm-none-eabi/lib/thumb/v7e-m+dp/hard/crt0.o
 .ARM.extab     0x00000000        0x0 d:/3.tools/arm_gcc_toolchain/20_q4_major/bin/../lib/gcc/arm-none-eabi/10.2.1/../../../../arm-none-eabi/lib/thumb/v7e-m+dp/hard/crt0.o
 .ARM.exidx     0x00000000       0x10 d:/3.tools/arm_gcc_toolchain/20_q4_major/bin/../lib/gcc/arm-none-eabi/10.2.1/../../../../arm-none-eabi/lib/thumb/v7e-m+dp/hard/crt0.o
 .ARM.attributes
                0x00000000       0x1c d:/3.tools/arm_gcc_toolchain/20_q4_major/bin/../lib/gcc/arm-none-eabi/10.2.1/../../../../arm-none-eabi/lib/thumb/v7e-m+dp/hard/crt0.o
 .text          0x00000000        0x0 build/main.o
 .data          0x00000000        0x0 build/main.o
 .bss           0x00000000        0x0 build/main.o
 .text          0x00000000        0x0 build/stm32h7xx_it.o
 .data          0x00000000        0x0 build/stm32h7xx_it.o
 .bss           0x00000000        0x0 build/stm32h7xx_it.o
 .text          0x00000000        0x0 build/stm32h7xx_hal_msp.o
 .data          0x00000000        0x0 build/stm32h7xx_hal_msp.o
 .bss           0x00000000        0x0 build/stm32h7xx_hal_msp.o
 .text.HAL_I2C_MspDeInit
                0x00000000       0x40 build/stm32h7xx_hal_msp.o
 .text.HAL_TIM_Base_MspDeInit
                0x00000000       0x4c build/stm32h7xx_hal_msp.o
 .text          0x00000000        0x0 build/os.o
 .data          0x00000000        0x0 build/os.o
 .bss           0x00000000        0x0 build/os.o
 .text.Os_Init_Task
                0x00000000        0x2 build/os.o
 .text          0x00000000        0x0 build/led.o
 .data          0x00000000        0x0 build/led.o
 .bss           0x00000000        0x0 build/led.o
 .text          0x00000000        0x0 build/imu.o
 .data          0x00000000        0x0 build/imu.o
 .bss           0x00000000        0x0 build/imu.o
 .text          0x00000000        0x0 build/stm32h7xx_hal_cortex.o
 .data          0x00000000        0x0 build/stm32h7xx_hal_cortex.o
 .bss           0x00000000        0x0 build/stm32h7xx_hal_cortex.o
 .text.HAL_NVIC_DisableIRQ
[...]
Memory Configuration

Name             Origin             Length             Attributes
DTCMRAM          0x20000000         0x00020000         xrw
RAM_D1           0x24000000         0x00080000         xrw
RAM_D2           0x30000000         0x00048000         xrw
RAM_D3           0x38000000         0x00010000         xrw
ITCMRAM          0x00000000         0x00010000         xrw
FLASH            0x08000000         0x00200000         xr
*default*        0x00000000         0xffffffff

Linker script and memory map

LOAD d:/3.tools/arm_gcc_toolchain/20_q4_major/bin/../lib/gcc/arm-none-eabi/10.2.1/thumb/v7e-m+dp/hard/crti.o
LOAD d:/3.tools/arm_gcc_toolchain/20_q4_major/bin/../lib/gcc/arm-none-eabi/10.2.1/thumb/v7e-m+dp/hard/crtbegin.o
LOAD d:/3.tools/arm_gcc_toolchain/20_q4_major/bin/../lib/gcc/arm-none-eabi/10.2.1/../../../../arm-none-eabi/lib/thumb/v7e-m+dp/hard/crt0.o
LOAD build/main.o
LOAD build/stm32h7xx_it.o
LOAD build/stm32h7xx_hal_msp.o
LOAD build/os.o
LOAD build/led.o
LOAD build/imu.o
LOAD build/stm32h7xx_hal_cortex.o
LOAD build/stm32h7xx_hal_tim.o
LOAD build/stm32h7xx_hal_tim_ex.o
LOAD build/stm32h7xx_hal_rcc.o
LOAD build/stm32h7xx_hal_rcc_ex.o
LOAD build/stm32h7xx_hal_flash.o
LOAD build/stm32h7xx_hal_flash_ex.o
LOAD build/stm32h7xx_hal_gpio.o
LOAD build/stm32h7xx_hal_hsem.o
LOAD build/stm32h7xx_hal_dma.o
LOAD build/stm32h7xx_hal_dma_ex.o
LOAD build/stm32h7xx_hal_mdma.o
LOAD build/stm32h7xx_hal_pwr.o
LOAD build/stm32h7xx_hal_pwr_ex.o
LOAD build/stm32h7xx_hal.o
LOAD build/stm32h7xx_hal_i2c.o
LOAD build/stm32h7xx_hal_i2c_ex.o
LOAD build/stm32h7xx_hal_exti.o
LOAD build/system_stm32h7xx.o
LOAD build/startup_stm32h743xx.o
LOAD d:/3.tools/arm_gcc_toolchain/20_q4_major/bin/../lib/gcc/arm-none-eabi/10.2.1/../../../../arm-none-eabi/lib/thumb/v7e-m+dp/hard\libc_nano.a
LOAD d:/3.tools/arm_gcc_toolchain/20_q4_major/bin/../lib/gcc/arm-none-eabi/10.2.1/../../../../arm-none-eabi/lib/thumb/v7e-m+dp/hard\libm.a
LOAD d:/3.tools/arm_gcc_toolchain/20_q4_major/bin/../lib/gcc/arm-none-eabi/10.2.1/../../../../arm-none-eabi/lib/thumb/v7e-m+dp/hard\libnosys.a
START GROUP
LOAD d:/3.tools/arm_gcc_toolchain/20_q4_major/bin/../lib/gcc/arm-none-eabi/10.2.1/thumb/v7e-m+dp/hard\libgcc.a
LOAD d:/3.tools/arm_gcc_toolchain/20_q4_major/bin/../lib/gcc/arm-none-eabi/10.2.1/../../../../arm-none-eabi/lib/thumb/v7e-m+dp/hard\libc_nano.a
END GROUP
START GROUP
LOAD d:/3.tools/arm_gcc_toolchain/20_q4_major/bin/../lib/gcc/arm-none-eabi/10.2.1/thumb/v7e-m+dp/hard\libgcc.a
LOAD d:/3.tools/arm_gcc_toolchain/20_q4_major/bin/../lib/gcc/arm-none-eabi/10.2.1/../../../../arm-none-eabi/lib/thumb/v7e-m+dp/hard\libc_nano.a
END GROUP
LOAD d:/3.tools/arm_gcc_toolchain/20_q4_major/bin/../lib/gcc/arm-none-eabi/10.2.1/thumb/v7e-m+dp/hard/crtend.o
LOAD d:/3.tools/arm_gcc_toolchain/20_q4_major/bin/../lib/gcc/arm-none-eabi/10.2.1/thumb/v7e-m+dp/hard/crtn.o
                0x20020000                _estack = 0x20020000
                0x00000200                _Min_Heap_Size = 0x200
                0x00000400                _Min_Stack_Size = 0x400

.isr_vector     0x08000000      0x298
                0x08000000                . = ALIGN (0x4)
 *(.isr_vector)
 .isr_vector    0x08000000      0x298 build/startup_stm32h743xx.o
                0x08000000                VectorTable
                0x08000298                . = ALIGN (0x4)

.text           0x08000298     0x3400
                0x08000298                . = ALIGN (0x4)
 *(.text)
 .text          0x08000298       0x40 d:/3.tools/arm_gcc_toolchain/20_q4_major/bin/../lib/gcc/arm-none-eabi/10.2.1/thumb/v7e-m+dp/hard/crtbegin.o
 *(.text*)
 .text.MX_GPIO_Init
                0x080002d8      0x114 build/main.o
 .text.Error_Handler
                0x080003ec        0x4 build/main.o
                0x080003ec                Error_Handler
 .text.MX_TIM17_Init
                0x080003f0       0x9c build/main.o
 .text.MX_TIM16_Init
                0x0800048c       0x98 build/main.o
 .text.MX_I2C1_Init
                0x08000524       0x54 build/main.o
 .text.SystemClock_Config
                0x08000578       0xc4 build/main.o
                0x08000578                SystemClock_Config
 .text.main     0x0800063c       0xc4 build/main.o
                0x0800063c                main
 .text.NMI_Handler
                0x08000700        0x2 build/stm32h7xx_it.o
                0x08000700                NMI_Handler
 .text.HardFault_Handler
                0x08000702        0x2 build/stm32h7xx_it.o
                0x08000702                HardFault_Handler
 .text.MemManage_Handler
                0x08000704        0x2 build/stm32h7xx_it.o
                0x08000704                MemManage_Handler
 .text.BusFault_Handler
                0x08000706        0x2 build/stm32h7xx_it.o
                0x08000706                BusFault_Handler
 .text.UsageFault_Handler
                0x08000708        0x2 build/stm32h7xx_it.o
                0x08000708                UsageFault_Handler
 .text.SVC_Handler
                0x0800070a        0x2 build/stm32h7xx_it.o
                0x0800070a                SVC_Handler
 .text.DebugMon_Handler
                0x0800070c        0x2 build/stm32h7xx_it.o
                0x0800070c                DebugMon_Handler
 .text.PendSV_Handler
                0x0800070e        0x2 build/stm32h7xx_it.o
                0x0800070e                PendSV_Handler
 .text.HAL_TIM_PeriodElapsedCallback
                0x08000710       0x2c build/stm32h7xx_it.o
                0x08000710                HAL_TIM_PeriodElapsedCallback
 .text.HAL_MspInit
                0x0800073c       0x24 build/stm32h7xx_hal_msp.o
                0x0800073c                HAL_MspInit
 .text.HAL_I2C_MspInit
                0x08000760       0x98 build/stm32h7xx_hal_msp.o
                0x08000760                HAL_I2C_MspInit
 .text.HAL_TIM_Base_MspInit
                0x080007f8       0x7c build/stm32h7xx_hal_msp.o
                0x080007f8                HAL_TIM_Base_MspInit
 .text.Os_5ms_Task
                0x08000874        0x2 build/os.o
 .text.Os_10ms_Task
                0x08000876        0x2 build/os.o
 .text.Os_100ms_Task
                0x08000878        0x2 build/os.o
 .text.Os_1000ms_Task
                0x0800087a        0x2 build/os.o
 .text.Os_1ms_Task
                0x0800087c        0xc build/os.o
 .text.Os_Time_Handler
                0x08000888       0x10 build/os.o
                0x08000888                Os_Time_Handler
 .text.Os_Task_Counter_Handler
                0x08000898       0xa0 build/os.o
                0x08000898                Os_Task_Counter_Handler
 .text.Os_Get_Tick_1us
                0x08000938        0xc build/os.o
                0x08000938                Os_Get_Tick_1us
 .text.Os_Calc_Runtime_Start
                0x08000944       0x3c build/os.o
 .text.Os_Calc_Runtime_Stop
                0x08000980       0x78 build/os.o
 .text.Os_Calc_Period
                0x080009f8       0x78 build/os.o
 .text.Os_Handler
                0x08000a70      0x100 build/os.o
                0x08000a70                Os_Handler
 .text.LED_Control
                0x08000b70       0xf8 build/led.o
                0x08000b70                LED_Control
 .text.IMU_Read_Data
                0x08000c68        0xc build/imu.o
 .text.IMU_Control
                0x08000c74        0x8 build/imu.o
                0x08000c74                IMU_Control
 .text.HAL_NVIC_SetPriorityGrouping
                0x08000c7c       0x24 build/stm32h7xx_hal_cortex.o
                0x08000c7c                HAL_NVIC_SetPriorityGrouping
 .text.HAL_NVIC_SetPriority
                0x08000ca0       0x6c build/stm32h7xx_hal_cortex.o
                0x08000ca0                HAL_NVIC_SetPriority
 .text.HAL_NVIC_EnableIRQ
                0x08000d0c       0x1c build/stm32h7xx_hal_cortex.o
                0x08000d0c                HAL_NVIC_EnableIRQ
 .text.HAL_SYSTICK_Config
                0x08000d28       0x28 build/stm32h7xx_hal_cortex.o
                0x08000d28                HAL_SYSTICK_Config
 .text.HAL_TIM_OC_MspInit
                0x08000d50        0x2 build/stm32h7xx_hal_tim.o
                0x08000d50                HAL_TIM_OC_MspInit
 .text.HAL_TIM_PeriodElapsedHalfCpltCallback
                0x08000d52        0x2 build/stm32h7xx_hal_tim.o
                0x08000d52                HAL_TIM_PeriodElapsedHalfCpltCallback
 .text.HAL_TIM_OC_DelayElapsedCallback
                0x08000d54        0x2 build/stm32h7xx_hal_tim.o
                0x08000d54                HAL_TIM_OC_DelayElapsedCallback
 .text.HAL_TIM_IC_CaptureCallback
                0x08000d56        0x2 build/stm32h7xx_hal_tim.o
                0x08000d56                HAL_TIM_IC_CaptureCallback
 .text.HAL_TIM_IC_CaptureHalfCpltCallback
                0x08000d58        0x2 build/stm32h7xx_hal_tim.o
                0x08000d58                HAL_TIM_IC_CaptureHalfCpltCallback
 .text.HAL_TIM_PWM_PulseFinishedCallback
                0x08000d5a        0x2 build/stm32h7xx_hal_tim.o
                0x08000d5a                HAL_TIM_PWM_PulseFinishedCallback
 .text.HAL_TIM_PWM_PulseFinishedHalfCpltCallback
                0x08000d5c        0x2 build/stm32h7xx_hal_tim.o
                0x08000d5c                HAL_TIM_PWM_PulseFinishedHalfCpltCallback
 .text.HAL_TIM_TriggerCallback
                0x08000d5e        0x2 build/stm32h7xx_hal_tim.o
                0x08000d5e                HAL_TIM_TriggerCallback
 .text.HAL_TIM_TriggerHalfCpltCallback
                0x08000d60        0x2 build/stm32h7xx_hal_tim.o
                0x08000d60                HAL_TIM_TriggerHalfCpltCallback
 .text.HAL_TIM_ErrorCallback
                0x08000d62        0x2 build/stm32h7xx_hal_tim.o
                0x08000d62                HAL_TIM_ErrorCallback
 .text.TIM_OC1_SetConfig
                0x08000d64       0xa8 build/stm32h7xx_hal_tim.o
 .text.TIM_OC3_SetConfig
                0x08000e0c       0x90 build/stm32h7xx_hal_tim.o
 .text.TIM_OC4_SetConfig
                0x08000e9c       0x70 build/stm32h7xx_hal_tim.o
 .text.TIM_OC5_SetConfig
                0x08000f0c       0x70 build/stm32h7xx_hal_tim.o
 .text.TIM_OC6_SetConfig
                0x08000f7c       0x70 build/stm32h7xx_hal_tim.o
 .text.HAL_TIM_Base_Start_IT
                0x08000fec       0x88 build/stm32h7xx_hal_tim.o
                0x08000fec                HAL_TIM_Base_Start_IT
 .text.HAL_TIM_IRQHandler
                0x08001074      0x1b8 build/stm32h7xx_hal_tim.o
                0x08001074                HAL_TIM_IRQHandler
 .text.TIM_Base_SetConfig
                0x0800122c      0x104 build/stm32h7xx_hal_tim.o
                0x0800122c                TIM_Base_SetConfig
 .text.TIM_OC2_SetConfig
                0x08001330       0x94 build/stm32h7xx_hal_tim.o
                0x08001330                TIM_OC2_SetConfig
 .text.HAL_TIM_OC_ConfigChannel
                0x080013c4       0x6a build/stm32h7xx_hal_tim.o
                0x080013c4                HAL_TIM_OC_ConfigChannel
 *fill*         0x0800142e        0x2 
 .text.TIM_ResetCallback
                0x08001430       0x90 build/stm32h7xx_hal_tim.o
                0x08001430                TIM_ResetCallback
 .text.HAL_TIM_Base_Init
                0x080014c0       0x74 build/stm32h7xx_hal_tim.o
                0x080014c0                HAL_TIM_Base_Init
 .text.HAL_TIM_OC_Init
                0x08001534       0x74 build/stm32h7xx_hal_tim.o
                0x08001534                HAL_TIM_OC_Init
 .text.HAL_TIMEx_ConfigBreakDeadTime
                0x080015a8       0x90 build/stm32h7xx_hal_tim_ex.o
                0x080015a8                HAL_TIMEx_ConfigBreakDeadTime
 .text.HAL_TIMEx_CommutCallback
                0x08001638        0x2 build/stm32h7xx_hal_tim_ex.o
                0x08001638                HAL_TIMEx_CommutCallback
 .text.HAL_TIMEx_CommutHalfCpltCallback
                0x0800163a        0x2 build/stm32h7xx_hal_tim_ex.o
                0x0800163a                HAL_TIMEx_CommutHalfCpltCallback
 .text.HAL_TIMEx_BreakCallback
                0x0800163c        0x2 build/stm32h7xx_hal_tim_ex.o
                0x0800163c                HAL_TIMEx_BreakCallback
 .text.HAL_TIMEx_Break2Callback
                0x0800163e        0x2 build/stm32h7xx_hal_tim_ex.o
                0x0800163e                HAL_TIMEx_Break2Callback
 .text.HAL_RCC_OscConfig
                0x08001640      0x648 build/stm32h7xx_hal_rcc.o
                0x08001640                HAL_RCC_OscConfig
 .text.HAL_RCC_GetSysClockFreq
                0x08001c88      0x1f4 build/stm32h7xx_hal_rcc.o
                0x08001c88                HAL_RCC_GetSysClockFreq
 .text.HAL_RCC_ClockConfig
                0x08001e7c      0x294 build/stm32h7xx_hal_rcc.o
                0x08001e7c                HAL_RCC_ClockConfig
 .text.RCCEx_PLL2_Config
                0x08002110      0x10c build/stm32h7xx_hal_rcc_ex.o
 .text.RCCEx_PLL3_Config
                0x0800221c      0x10c build/stm32h7xx_hal_rcc_ex.o
 .text.HAL_RCCEx_PeriphCLKConfig
                0x08002328      0x9c4 build/stm32h7xx_hal_rcc_ex.o
                0x08002328                HAL_RCCEx_PeriphCLKConfig
 .text.HAL_GPIO_Init
                0x08002cec      0x1fc build/stm32h7xx_hal_gpio.o
                0x08002cec                HAL_GPIO_Init
 .text.HAL_GPIO_WritePin
                0x08002ee8        0xc build/stm32h7xx_hal_gpio.o
                0x08002ee8                HAL_GPIO_WritePin
 .text.HAL_PWREx_ConfigSupply
                0x08002ef4       0x54 build/stm32h7xx_hal_pwr_ex.o
                0x08002ef4                HAL_PWREx_ConfigSupply
 .text.HAL_InitTick
                0x08002f48       0x50 build/stm32h7xx_hal.o
                0x08002f48                HAL_InitTick
 .text.HAL_Init
                0x08002f98       0x5c build/stm32h7xx_hal.o
                0x08002f98                HAL_Init
 .text.HAL_IncTick
                0x08002ff4       0x18 build/stm32h7xx_hal.o
                0x08002ff4                HAL_IncTick
 .text.HAL_GetTick
                0x0800300c        0xc build/stm32h7xx_hal.o
                0x0800300c                HAL_GetTick
 .text.HAL_GetREVID
                0x08003018        0xc build/stm32h7xx_hal.o
                0x08003018                HAL_GetREVID
 .text.HAL_I2C_Init
                0x08003024       0xbc build/stm32h7xx_hal_i2c.o
                0x08003024                HAL_I2C_Init
 .text.HAL_I2CEx_ConfigAnalogFilter
                0x080030e0       0x5c build/stm32h7xx_hal_i2c_ex.o
                0x080030e0                HAL_I2CEx_ConfigAnalogFilter
 .text.HAL_I2CEx_ConfigDigitalFilter
                0x0800313c       0x58 build/stm32h7xx_hal_i2c_ex.o
                0x0800313c                HAL_I2CEx_ConfigDigitalFilter
 .text.SystemInit
                0x08003194       0xd4 build/system_stm32h7xx.o
                0x08003194                SystemInit
 .text.Reset_Handler
                0x08003268       0x48 build/startup_stm32h743xx.o
                0x08003268                Reset_Handler
 .text.Default_Handler
                0x080032b0        0x2 build/startup_stm32h743xx.o
                0x080032b0                Default_Handler
 .text.WWDG_IRQHandler
                0x080032b2        0x6 build/startup_stm32h743xx.o
                0x080032b2                WWDG_IRQHandler
 .text.PVD_AVD_IRQHandler
                0x080032b8        0x6 build/startup_stm32h743xx.o
                0x080032b8                PVD_AVD_IRQHandler
 .text.TAMP_STAMP_IRQHandler
                0x080032be        0x6 build/startup_stm32h743xx.o
                0x080032be                TAMP_STAMP_IRQHandler
 .text.RTC_WKUP_IRQHandler
                0x080032c4        0x6 build/startup_stm32h743xx.o
                0x080032c4                RTC_WKUP_IRQHandler
 .text.FLASH_IRQHandler
                0x080032ca        0x6 build/startup_stm32h743xx.o
                0x080032ca                FLASH_IRQHandler
 .text.RCC_IRQHandler
                0x080032d0        0x6 build/startup_stm32h743xx.o
                0x080032d0                RCC_IRQHandler
 .text.EXTI0_IRQHandler
                0x080032d6        0x6 build/startup_stm32h743xx.o
                0x080032d6                EXTI0_IRQHandler
 .text.EXTI1_IRQHandler
                0x080032dc        0x6 build/startup_stm32h743xx.o
                0x080032dc                EXTI1_IRQHandler
 .text.EXTI2_IRQHandler
                0x080032e2        0x6 build/startup_stm32h743xx.o
                0x080032e2                EXTI2_IRQHandler
 .text.EXTI3_IRQHandler
                0x080032e8        0x6 build/startup_stm32h743xx.o
                0x080032e8                EXTI3_IRQHandler
 .text.EXTI4_IRQHandler
                0x080032ee        0x6 build/startup_stm32h743xx.o
                0x080032ee                EXTI4_IRQHandler
 .text.DMA1_Stream0_IRQHandler
                0x080032f4        0x6 build/startup_stm32h743xx.o
                0x080032f4                DMA1_Stream0_IRQHandler
 .text.DMA1_Stream1_IRQHandler
                0x080032fa        0x6 build/startup_stm32h743xx.o
                0x080032fa                DMA1_Stream1_IRQHandler
 .text.DMA1_Stream2_IRQHandler
                0x08003300        0x6 build/startup_stm32h743xx.o
                0x08003300                DMA1_Stream2_IRQHandler
 .text.DMA1_Stream3_IRQHandler
                0x08003306        0x6 build/startup_stm32h743xx.o
                0x08003306                DMA1_Stream3_IRQHandler
 .text.DMA1_Stream4_IRQHandler
                0x0800330c        0x6 build/startup_stm32h743xx.o
                0x0800330c                DMA1_Stream4_IRQHandler
 .text.DMA1_Stream5_IRQHandler
                0x08003312        0x6 build/startup_stm32h743xx.o
                0x08003312                DMA1_Stream5_IRQHandler
 .text.DMA1_Stream6_IRQHandler
                0x08003318        0x6 build/startup_stm32h743xx.o
                0x08003318                DMA1_Stream6_IRQHandler
 .text.ADC_IRQHandler
                0x0800331e        0x6 build/startup_stm32h743xx.o
                0x0800331e                ADC_IRQHandler
 .text.FDCAN1_IT0_IRQHandler
                0x08003324        0x6 build/startup_stm32h743xx.o
                0x08003324                FDCAN1_IT0_IRQHandler
 .text.FDCAN2_IT0_IRQHandler
                0x0800332a        0x6 build/startup_stm32h743xx.o
                0x0800332a                FDCAN2_IT0_IRQHandler
 .text.FDCAN1_IT1_IRQHandler
                0x08003330        0x6 build/startup_stm32h743xx.o
                0x08003330                FDCAN1_IT1_IRQHandler
 .text.FDCAN2_IT1_IRQHandler
                0x08003336        0x6 build/startup_stm32h743xx.o
                0x08003336                FDCAN2_IT1_IRQHandler
 .text.EXTI9_5_IRQHandler
                0x0800333c        0x6 build/startup_stm32h743xx.o
                0x0800333c                EXTI9_5_IRQHandler
 .text.TIM1_BRK_IRQHandler
                0x08003342        0x6 build/startup_stm32h743xx.o
                0x08003342                TIM1_BRK_IRQHandler
 .text.TIM1_UP_IRQHandler
                0x08003348        0x6 build/startup_stm32h743xx.o
                0x08003348                TIM1_UP_IRQHandler
 .text.TIM1_TRG_COM_IRQHandler
                0x0800334e        0x6 build/startup_stm32h743xx.o
                0x0800334e                TIM1_TRG_COM_IRQHandler
 .text.TIM1_CC_IRQHandler
                0x08003354        0x6 build/startup_stm32h743xx.o
                0x08003354                TIM1_CC_IRQHandler
 .text.TIM2_IRQHandler
                0x0800335a        0x6 build/startup_stm32h743xx.o
                0x0800335a                TIM2_IRQHandler
 .text.TIM3_IRQHandler
                0x08003360        0x6 build/startup_stm32h743xx.o
                0x08003360                TIM3_IRQHandler
 .text.TIM4_IRQHandler
                0x08003366        0x6 build/startup_stm32h743xx.o
                0x08003366                TIM4_IRQHandler
 .text.I2C1_EV_IRQHandler
                0x0800336c        0x6 build/startup_stm32h743xx.o
                0x0800336c                I2C1_EV_IRQHandler
 .text.I2C1_ER_IRQHandler
                0x08003372        0x6 build/startup_stm32h743xx.o
                0x08003372                I2C1_ER_IRQHandler
 .text.I2C2_EV_IRQHandler
                0x08003378        0x6 build/startup_stm32h743xx.o
                0x08003378                I2C2_EV_IRQHandler
 .text.I2C2_ER_IRQHandler
                0x0800337e        0x6 build/startup_stm32h743xx.o
                0x0800337e                I2C2_ER_IRQHandler
 .text.SPI1_IRQHandler
                0x08003384        0x6 build/startup_stm32h743xx.o
                0x08003384                SPI1_IRQHandler
 .text.SPI2_IRQHandler
                0x0800338a        0x6 build/startup_stm32h743xx.o
                0x0800338a                SPI2_IRQHandler
 .text.USART1_IRQHandler
                0x08003390        0x6 build/startup_stm32h743xx.o
                0x08003390                USART1_IRQHandler
 .text.USART2_IRQHandler
                0x08003396        0x6 build/startup_stm32h743xx.o
                0x08003396                USART2_IRQHandler
 .text.USART3_IRQHandler
                0x0800339c        0x6 build/startup_stm32h743xx.o
                0x0800339c                USART3_IRQHandler
 .text.EXTI15_10_IRQHandler
                0x080033a2        0x6 build/startup_stm32h743xx.o
                0x080033a2                EXTI15_10_IRQHandler
 .text.RTC_Alarm_IRQHandler
                0x080033a8        0x6 build/startup_stm32h743xx.o
                0x080033a8                RTC_Alarm_IRQHandler
 .text.TIM8_BRK_TIM12_IRQHandler
                0x080033ae        0x6 build/startup_stm32h743xx.o
                0x080033ae                TIM8_BRK_TIM12_IRQHandler
 .text.TIM8_UP_TIM13_IRQHandler
                0x080033b4        0x6 build/startup_stm32h743xx.o
                0x080033b4                TIM8_UP_TIM13_IRQHandler
 .text.TIM8_TRG_COM_TIM14_IRQHandler
                0x080033ba        0x6 build/startup_stm32h743xx.o
                0x080033ba                TIM8_TRG_COM_TIM14_IRQHandler
 .text.TIM8_CC_IRQHandler
                0x080033c0        0x6 build/startup_stm32h743xx.o
                0x080033c0                TIM8_CC_IRQHandler
 .text.DMA1_Stream7_IRQHandler
                0x080033c6        0x6 build/startup_stm32h743xx.o
                0x080033c6                DMA1_Stream7_IRQHandler
 .text.FMC_IRQHandler
                0x080033cc        0x6 build/startup_stm32h743xx.o
                0x080033cc                FMC_IRQHandler
 .text.SDMMC1_IRQHandler
                0x080033d2        0x6 build/startup_stm32h743xx.o
                0x080033d2                SDMMC1_IRQHandler
 .text.TIM5_IRQHandler
                0x080033d8        0x6 build/startup_stm32h743xx.o
                0x080033d8                TIM5_IRQHandler
 .text.SPI3_IRQHandler
                0x080033de        0x6 build/startup_stm32h743xx.o
                0x080033de                SPI3_IRQHandler
 .text.UART4_IRQHandler
                0x080033e4        0x6 build/startup_stm32h743xx.o
                0x080033e4                UART4_IRQHandler
 .text.UART5_IRQHandler
                0x080033ea        0x6 build/startup_stm32h743xx.o
                0x080033ea                UART5_IRQHandler
 .text.TIM6_DAC_IRQHandler
                0x080033f0        0x6 build/startup_stm32h743xx.o
                0x080033f0                TIM6_DAC_IRQHandler
 .text.TIM7_IRQHandler
                0x080033f6        0x6 build/startup_stm32h743xx.o
                0x080033f6                TIM7_IRQHandler
 .text.DMA2_Stream0_IRQHandler
                0x080033fc        0x6 build/startup_stm32h743xx.o
                0x080033fc                DMA2_Stream0_IRQHandler
 .text.DMA2_Stream1_IRQHandler
                0x08003402        0x6 build/startup_stm32h743xx.o
                0x08003402                DMA2_Stream1_IRQHandler
 .text.DMA2_Stream2_IRQHandler
                0x08003408        0x6 build/startup_stm32h743xx.o
                0x08003408                DMA2_Stream2_IRQHandler
 .text.DMA2_Stream3_IRQHandler
                0x0800340e        0x6 build/startup_stm32h743xx.o
                0x0800340e                DMA2_Stream3_IRQHandler
 .text.DMA2_Stream4_IRQHandler
                0x08003414        0x6 build/startup_stm32h743xx.o
                0x08003414                DMA2_Stream4_IRQHandler
 .text.ETH_IRQHandler
                0x0800341a        0x6 build/startup_stm32h743xx.o
                0x0800341a                ETH_IRQHandler
 .text.ETH_WKUP_IRQHandler
                0x08003420        0x6 build/startup_stm32h743xx.o
                0x08003420                ETH_WKUP_IRQHandler
 .text.FDCAN_CAL_IRQHandler
                0x08003426        0x6 build/startup_stm32h743xx.o
                0x08003426                FDCAN_CAL_IRQHandler
 .text.DMA2_Stream5_IRQHandler
                0x0800342c        0x6 build/startup_stm32h743xx.o
                0x0800342c                DMA2_Stream5_IRQHandler
 .text.DMA2_Stream6_IRQHandler
                0x08003432        0x6 build/startup_stm32h743xx.o
                0x08003432                DMA2_Stream6_IRQHandler
 .text.DMA2_Stream7_IRQHandler
                0x08003438        0x6 build/startup_stm32h743xx.o
                0x08003438                DMA2_Stream7_IRQHandler
 .text.USART6_IRQHandler
                0x0800343e        0x6 build/startup_stm32h743xx.o
                0x0800343e                USART6_IRQHandler
 .text.I2C3_EV_IRQHandler
                0x08003444        0x6 build/startup_stm32h743xx.o
                0x08003444                I2C3_EV_IRQHandler
 .text.I2C3_ER_IRQHandler
                0x0800344a        0x6 build/startup_stm32h743xx.o
                0x0800344a                I2C3_ER_IRQHandler
 .text.OTG_HS_EP1_OUT_IRQHandler
                0x08003450        0x6 build/startup_stm32h743xx.o
                0x08003450                OTG_HS_EP1_OUT_IRQHandler
 .text.OTG_HS_EP1_IN_IRQHandler
                0x08003456        0x6 build/startup_stm32h743xx.o
                0x08003456                OTG_HS_EP1_IN_IRQHandler
 .text.OTG_HS_WKUP_IRQHandler
                0x0800345c        0x6 build/startup_stm32h743xx.o
                0x0800345c                OTG_HS_WKUP_IRQHandler
 .text.OTG_HS_IRQHandler
                0x08003462        0x6 build/startup_stm32h743xx.o
                0x08003462                OTG_HS_IRQHandler
 .text.DCMI_IRQHandler
                0x08003468        0x6 build/startup_stm32h743xx.o
                0x08003468                DCMI_IRQHandler
 .text.RNG_IRQHandler
                0x0800346e        0x6 build/startup_stm32h743xx.o
                0x0800346e                RNG_IRQHandler
 .text.FPU_IRQHandler
                0x08003474        0x6 build/startup_stm32h743xx.o
                0x08003474                FPU_IRQHandler
 .text.UART7_IRQHandler
                0x0800347a        0x6 build/startup_stm32h743xx.o
                0x0800347a                UART7_IRQHandler
 .text.UART8_IRQHandler
                0x08003480        0x6 build/startup_stm32h743xx.o
                0x08003480                UART8_IRQHandler
 .text.SPI4_IRQHandler
                0x08003486        0x6 build/startup_stm32h743xx.o
                0x08003486                SPI4_IRQHandler
 .text.SPI5_IRQHandler
                0x0800348c        0x6 build/startup_stm32h743xx.o
                0x0800348c                SPI5_IRQHandler
 .text.SPI6_IRQHandler
                0x08003492        0x6 build/startup_stm32h743xx.o
                0x08003492                SPI6_IRQHandler
 .text.SAI1_IRQHandler
                0x08003498        0x6 build/startup_stm32h743xx.o
                0x08003498                SAI1_IRQHandler
 .text.LTDC_IRQHandler
                0x0800349e        0x6 build/startup_stm32h743xx.o
                0x0800349e                LTDC_IRQHandler
 .text.LTDC_ER_IRQHandler
                0x080034a4        0x6 build/startup_stm32h743xx.o
                0x080034a4                LTDC_ER_IRQHandler
 .text.DMA2D_IRQHandler
                0x080034aa        0x6 build/startup_stm32h743xx.o
                0x080034aa                DMA2D_IRQHandler
 .text.SAI2_IRQHandler
                0x080034b0        0x6 build/startup_stm32h743xx.o
                0x080034b0                SAI2_IRQHandler
 .text.QUADSPI_IRQHandler
                0x080034b6        0x6 build/startup_stm32h743xx.o
                0x080034b6                QUADSPI_IRQHandler
 .text.LPTIM1_IRQHandler
                0x080034bc        0x6 build/startup_stm32h743xx.o
                0x080034bc                LPTIM1_IRQHandler
 .text.CEC_IRQHandler
                0x080034c2        0x6 build/startup_stm32h743xx.o
                0x080034c2                CEC_IRQHandler
 .text.I2C4_EV_IRQHandler
                0x080034c8        0x6 build/startup_stm32h743xx.o
                0x080034c8                I2C4_EV_IRQHandler
 .text.I2C4_ER_IRQHandler
                0x080034ce        0x6 build/startup_stm32h743xx.o
                0x080034ce                I2C4_ER_IRQHandler
 .text.SPDIF_RX_IRQHandler
                0x080034d4        0x6 build/startup_stm32h743xx.o
                0x080034d4                SPDIF_RX_IRQHandler
 .text.OTG_FS_EP1_OUT_IRQHandler
                0x080034da        0x6 build/startup_stm32h743xx.o
                0x080034da                OTG_FS_EP1_OUT_IRQHandler
 .text.OTG_FS_EP1_IN_IRQHandler
                0x080034e0        0x6 build/startup_stm32h743xx.o
                0x080034e0                OTG_FS_EP1_IN_IRQHandler
 .text.OTG_FS_WKUP_IRQHandler
                0x080034e6        0x6 build/startup_stm32h743xx.o
                0x080034e6                OTG_FS_WKUP_IRQHandler
 .text.OTG_FS_IRQHandler
                0x080034ec        0x6 build/startup_stm32h743xx.o
                0x080034ec                OTG_FS_IRQHandler
 .text.DMAMUX1_OVR_IRQHandler
                0x080034f2        0x6 build/startup_stm32h743xx.o
                0x080034f2                DMAMUX1_OVR_IRQHandler
 .text.HRTIM1_Master_IRQHandler
                0x080034f8        0x6 build/startup_stm32h743xx.o
                0x080034f8                HRTIM1_Master_IRQHandler
 .text.HRTIM1_TIMA_IRQHandler
                0x080034fe        0x6 build/startup_stm32h743xx.o
                0x080034fe                HRTIM1_TIMA_IRQHandler
 .text.HRTIM1_TIMB_IRQHandler
                0x08003504        0x6 build/startup_stm32h743xx.o
                0x08003504                HRTIM1_TIMB_IRQHandler
 .text.HRTIM1_TIMC_IRQHandler
                0x0800350a        0x6 build/startup_stm32h743xx.o
                0x0800350a                HRTIM1_TIMC_IRQHandler
 .text.HRTIM1_TIMD_IRQHandler
                0x08003510        0x6 build/startup_stm32h743xx.o
                0x08003510                HRTIM1_TIMD_IRQHandler
 .text.HRTIM1_TIME_IRQHandler
                0x08003516        0x6 build/startup_stm32h743xx.o
                0x08003516                HRTIM1_TIME_IRQHandler
 .text.HRTIM1_FLT_IRQHandler
                0x0800351c        0x6 build/startup_stm32h743xx.o
                0x0800351c                HRTIM1_FLT_IRQHandler
 .text.DFSDM1_FLT0_IRQHandler
                0x08003522        0x6 build/startup_stm32h743xx.o
                0x08003522                DFSDM1_FLT0_IRQHandler
 .text.DFSDM1_FLT1_IRQHandler
                0x08003528        0x6 build/startup_stm32h743xx.o
                0x08003528                DFSDM1_FLT1_IRQHandler
 .text.DFSDM1_FLT2_IRQHandler
                0x0800352e        0x6 build/startup_stm32h743xx.o
                0x0800352e                DFSDM1_FLT2_IRQHandler
 .text.DFSDM1_FLT3_IRQHandler
                0x08003534        0x6 build/startup_stm32h743xx.o
                0x08003534                DFSDM1_FLT3_IRQHandler
 .text.SAI3_IRQHandler
                0x0800353a        0x6 build/startup_stm32h743xx.o
                0x0800353a                SAI3_IRQHandler
 .text.SWPMI1_IRQHandler
                0x08003540        0x6 build/startup_stm32h743xx.o
                0x08003540                SWPMI1_IRQHandler
 .text.TIM15_IRQHandler
                0x08003546        0x6 build/startup_stm32h743xx.o
                0x08003546                TIM15_IRQHandler
 .text.MDIOS_WKUP_IRQHandler
                0x0800354c        0x6 build/startup_stm32h743xx.o
                0x0800354c                MDIOS_WKUP_IRQHandler
 .text.MDIOS_IRQHandler
                0x08003552        0x6 build/startup_stm32h743xx.o
                0x08003552                MDIOS_IRQHandler
 .text.JPEG_IRQHandler
                0x08003558        0x6 build/startup_stm32h743xx.o
                0x08003558                JPEG_IRQHandler
 .text.MDMA_IRQHandler
                0x0800355e        0x6 build/startup_stm32h743xx.o
                0x0800355e                MDMA_IRQHandler
 .text.SDMMC2_IRQHandler
                0x08003564        0x6 build/startup_stm32h743xx.o
                0x08003564                SDMMC2_IRQHandler
 .text.HSEM1_IRQHandler
                0x0800356a        0x6 build/startup_stm32h743xx.o
                0x0800356a                HSEM1_IRQHandler
 .text.ADC3_IRQHandler
                0x08003570        0x6 build/startup_stm32h743xx.o
                0x08003570                ADC3_IRQHandler
 .text.DMAMUX2_OVR_IRQHandler
                0x08003576        0x6 build/startup_stm32h743xx.o
                0x08003576                DMAMUX2_OVR_IRQHandler
 .text.BDMA_Channel0_IRQHandler
                0x0800357c        0x6 build/startup_stm32h743xx.o
                0x0800357c                BDMA_Channel0_IRQHandler
 .text.BDMA_Channel1_IRQHandler
                0x08003582        0x6 build/startup_stm32h743xx.o
                0x08003582                BDMA_Channel1_IRQHandler
 .text.BDMA_Channel2_IRQHandler
                0x08003588        0x6 build/startup_stm32h743xx.o
                0x08003588                BDMA_Channel2_IRQHandler
 .text.BDMA_Channel3_IRQHandler
                0x0800358e        0x6 build/startup_stm32h743xx.o
                0x0800358e                BDMA_Channel3_IRQHandler
 .text.BDMA_Channel4_IRQHandler
                0x08003594        0x6 build/startup_stm32h743xx.o
                0x08003594                BDMA_Channel4_IRQHandler
 .text.BDMA_Channel5_IRQHandler
                0x0800359a        0x6 build/startup_stm32h743xx.o
                0x0800359a                BDMA_Channel5_IRQHandler
 .text.BDMA_Channel6_IRQHandler
                0x080035a0        0x6 build/startup_stm32h743xx.o
                0x080035a0                BDMA_Channel6_IRQHandler
 .text.BDMA_Channel7_IRQHandler
                0x080035a6        0x6 build/startup_stm32h743xx.o
                0x080035a6                BDMA_Channel7_IRQHandler
 .text.COMP1_IRQHandler
                0x080035ac        0x6 build/startup_stm32h743xx.o
                0x080035ac                COMP1_IRQHandler
 .text.LPTIM2_IRQHandler
                0x080035b2        0x6 build/startup_stm32h743xx.o
                0x080035b2                LPTIM2_IRQHandler
 .text.LPTIM3_IRQHandler
                0x080035b8        0x6 build/startup_stm32h743xx.o
                0x080035b8                LPTIM3_IRQHandler
 .text.LPTIM4_IRQHandler
                0x080035be        0x6 build/startup_stm32h743xx.o
                0x080035be                LPTIM4_IRQHandler
 .text.LPTIM5_IRQHandler
                0x080035c4        0x6 build/startup_stm32h743xx.o
                0x080035c4                LPTIM5_IRQHandler
 .text.LPUART1_IRQHandler
                0x080035ca        0x6 build/startup_stm32h743xx.o
                0x080035ca                LPUART1_IRQHandler
 .text.CRS_IRQHandler
                0x080035d0        0x6 build/startup_stm32h743xx.o
                0x080035d0                CRS_IRQHandler
 .text.ECC_IRQHandler
                0x080035d6        0x6 build/startup_stm32h743xx.o
                0x080035d6                ECC_IRQHandler
 .text.SAI4_IRQHandler
                0x080035dc        0x6 build/startup_stm32h743xx.o
                0x080035dc                SAI4_IRQHandler
 .text.WAKEUP_PIN_IRQHandler
                0x080035e2        0x6 build/startup_stm32h743xx.o
                0x080035e2                WAKEUP_PIN_IRQHandler
 .text.TIM16_Handler
                0x080035e8       0x10 build/startup_stm32h743xx.o
                0x080035e8                TIM16_Handler
 .text.TIM16_IRQHandler
                0x080035f8        0x8 build/startup_stm32h743xx.o
                0x080035f8                TIM16_IRQHandler
 .text.TIM17_Handler
                0x08003600       0x10 build/startup_stm32h743xx.o
                0x08003600                TIM17_Handler
 .text.TIM17_IRQHandler
                0x08003610        0x8 build/startup_stm32h743xx.o
                0x08003610                TIM17_IRQHandler
 .text.SystemTick_Handler
                0x08003618        0x8 build/startup_stm32h743xx.o
                0x08003618                SystemTick_Handler
 .text.SysTick_Handler
                0x08003620        0x8 build/startup_stm32h743xx.o
                0x08003620                SysTick_Handler
 .text.__libc_init_array
                0x08003628       0x48 d:/3.tools/arm_gcc_toolchain/20_q4_major/bin/../lib/gcc/arm-none-eabi/10.2.1/../../../../arm-none-eabi/lib/thumb/v7e-m+dp/hard\libc_nano.a(lib_a-init.o)
                0x08003628                __libc_init_array
 .text.memset   0x08003670       0x10 d:/3.tools/arm_gcc_toolchain/20_q4_major/bin/../lib/gcc/arm-none-eabi/10.2.1/../../../../arm-none-eabi/lib/thumb/v7e-m+dp/hard\libc_nano.a(lib_a-memset.o)
                0x08003670                memset
 *(.glue_7)
 .glue_7        0x08003680        0x0 linker stubs
 *(.glue_7t)
 .glue_7t       0x08003680        0x0 linker stubs
 *(.eh_frame)
 .eh_frame      0x08003680        0x0 d:/3.tools/arm_gcc_toolchain/20_q4_major/bin/../lib/gcc/arm-none-eabi/10.2.1/thumb/v7e-m+dp/hard/crtbegin.o
 *(.init)
 .init          0x08003680        0x4 d:/3.tools/arm_gcc_toolchain/20_q4_major/bin/../lib/gcc/arm-none-eabi/10.2.1/thumb/v7e-m+dp/hard/crti.o
                0x08003680                _init
 .init          0x08003684        0x8 d:/3.tools/arm_gcc_toolchain/20_q4_major/bin/../lib/gcc/arm-none-eabi/10.2.1/thumb/v7e-m+dp/hard/crtn.o
 *(.fini)
 .fini          0x0800368c        0x4 d:/3.tools/arm_gcc_toolchain/20_q4_major/bin/../lib/gcc/arm-none-eabi/10.2.1/thumb/v7e-m+dp/hard/crti.o
                0x0800368c                _fini
 .fini          0x08003690        0x8 d:/3.tools/arm_gcc_toolchain/20_q4_major/bin/../lib/gcc/arm-none-eabi/10.2.1/thumb/v7e-m+dp/hard/crtn.o
                0x08003698                . = ALIGN (0x4)
                0x08003698                _etext = .

.vfp11_veneer   0x08003698        0x0
 .vfp11_veneer  0x08003698        0x0 linker stubs

.v4_bx          0x08003698        0x0
 .v4_bx         0x08003698        0x0 linker stubs

.iplt           0x08003698        0x0
 .iplt          0x08003698        0x0 d:/3.tools/arm_gcc_toolchain/20_q4_major/bin/../lib/gcc/arm-none-eabi/10.2.1/thumb/v7e-m+dp/hard/crtbegin.o

.rodata         0x08003698       0x10
                0x08003698                . = ALIGN (0x4)
 *(.rodata)
 *(.rodata*)
 .rodata.D1CorePrescTable
                0x08003698       0x10 build/system_stm32h7xx.o
                0x08003698                D1CorePrescTable
                0x080036a8                . = ALIGN (0x4)

.rel.dyn        0x080036a8        0x0
 .rel.iplt      0x080036a8        0x0 d:/3.tools/arm_gcc_toolchain/20_q4_major/bin/../lib/gcc/arm-none-eabi/10.2.1/thumb/v7e-m+dp/hard/crtbegin.o

.ARM.extab
 *(.ARM.extab* .gnu.linkonce.armextab.*)

.ARM            0x080036a8        0x0
                0x080036a8                __exidx_start = .
 *(.ARM.exidx*)
                0x080036a8                __exidx_end = .

.preinit_array  0x080036a8        0x0
                0x080036a8                PROVIDE (__preinit_array_start = .)
 *(.preinit_array*)
                0x080036a8                PROVIDE (__preinit_array_end = .)

.init_array     0x080036a8        0x4
                0x080036a8                PROVIDE (__init_array_start = .)
 *(SORT_BY_NAME(.init_array.*))
 *(.init_array*)
 .init_array    0x080036a8        0x4 d:/3.tools/arm_gcc_toolchain/20_q4_major/bin/../lib/gcc/arm-none-eabi/10.2.1/thumb/v7e-m+dp/hard/crtbegin.o
                0x080036ac                PROVIDE (__init_array_end = .)

.fini_array     0x080036ac        0x4
                [!provide]                PROVIDE (__fini_array_start = .)
 *(SORT_BY_NAME(.fini_array.*))
 *(.fini_array*)
 .fini_array    0x080036ac        0x4 d:/3.tools/arm_gcc_toolchain/20_q4_major/bin/../lib/gcc/arm-none-eabi/10.2.1/thumb/v7e-m+dp/hard/crtbegin.o
                [!provide]                PROVIDE (__fini_array_end = .)
                0x080036b0                _sidata = LOADADDR (.data)

.data           0x20000000       0x10 load address 0x080036b0
                0x20000000                . = ALIGN (0x4)
                0x20000000                _sdata = .
 *(.data)
 *(.data*)
 .data.uwTickFreq
                0x20000000        0x1 build/stm32h7xx_hal.o
                0x20000000                uwTickFreq
 *fill*         0x20000001        0x3 
 .data.uwTickPrio
                0x20000004        0x4 build/stm32h7xx_hal.o
                0x20000004                uwTickPrio
 .data.SystemCoreClock
                0x20000008        0x4 build/system_stm32h7xx.o
                0x20000008                SystemCoreClock
 .data.SystemD2Clock
                0x2000000c        0x4 build/system_stm32h7xx.o
                0x2000000c                SystemD2Clock
                0x20000010                . = ALIGN (0x4)
                0x20000010                _edata = .

.igot.plt       0x20000010        0x0 load address 0x080036c0
 .igot.plt      0x20000010        0x0 d:/3.tools/arm_gcc_toolchain/20_q4_major/bin/../lib/gcc/arm-none-eabi/10.2.1/thumb/v7e-m+dp/hard/crtbegin.o
                0x20000010                . = ALIGN (0x4)

.bss            0x20000010      0x2d0 load address 0x080036c0
                0x20000010                _sbss = .
                0x20000010                __bss_start__ = _sbss
 *(.bss)
 .bss           0x20000010       0x1c d:/3.tools/arm_gcc_toolchain/20_q4_major/bin/../lib/gcc/arm-none-eabi/10.2.1/thumb/v7e-m+dp/hard/crtbegin.o
 *(.bss*)
 .bss.hi2c1     0x2000002c       0x4c build/main.o
                0x2000002c                hi2c1
 .bss.htim16    0x20000078       0xbc build/main.o
                0x20000078                htim16
 .bss.htim17    0x20000134       0xbc build/main.o
                0x20000134                htim17
 .bss.Os_Var    0x200001f0       0xa4 build/os.o
                0x200001f0                Os_Var
 .bss.LED_Control_time
                0x20000294        0x1 build/led.o
                0x20000294                LED_Control_time
 *fill*         0x20000295        0x3 
 .bss.IMU_BANK0
                0x20000298       0x41 build/imu.o
                0x20000298                IMU_BANK0
 *fill*         0x200002d9        0x3 
 .bss.uwTick    0x200002dc        0x4 build/stm32h7xx_hal.o
                0x200002dc                uwTick
 *(COMMON)
                0x200002e0                . = ALIGN (0x4)
                0x200002e0                _ebss = .
                0x200002e0                __bss_end__ = _ebss

._user_heap_stack
                0x200002e0      0x600 load address 0x080036c0
                0x200002e0                . = ALIGN (0x8)
                [!provide]                PROVIDE (end = .)
                [!provide]                PROVIDE (_end = .)
                0x200004e0                . = (. + _Min_Heap_Size)
 *fill*         0x200002e0      0x200 
                0x200008e0                . = (. + _Min_Stack_Size)
 *fill*         0x200004e0      0x400 
                0x200008e0                . = ALIGN (0x8)

/DISCARD/
 libc.a(*)
 libm.a(*)
 libgcc.a(*)

.ARM.attributes
                0x00000000       0x2e
 *(.ARM.attributes)
 .ARM.attributes
                0x00000000       0x1e d:/3.tools/arm_gcc_toolchain/20_q4_major/bin/../lib/gcc/arm-none-eabi/10.2.1/thumb/v7e-m+dp/hard/crti.o
 .ARM.attributes
                0x0000001e       0x32 d:/3.tools/arm_gcc_toolchain/20_q4_major/bin/../lib/gcc/arm-none-eabi/10.2.1/thumb/v7e-m+dp/hard/crtbegin.o
 .ARM.attributes
                0x00000050       0x32 build/main.o
 .ARM.attributes
                0x00000082       0x32 build/stm32h7xx_it.o
 .ARM.attributes
                0x000000b4       0x32 build/stm32h7xx_hal_msp.o
 .ARM.attributes
                0x000000e6       0x32 build/os.o
 .ARM.attributes
                0x00000118       0x32 build/led.o
 .ARM.attributes
                0x0000014a       0x32 build/imu.o
 .ARM.attributes
                0x0000017c       0x32 build/stm32h7xx_hal_cortex.o
 .ARM.attributes
                0x000001ae       0x32 build/stm32h7xx_hal_tim.o
 .ARM.attributes
                0x000001e0       0x32 build/stm32h7xx_hal_tim_ex.o
 .ARM.attributes
                0x00000212       0x32 build/stm32h7xx_hal_rcc.o
 .ARM.attributes
                0x00000244       0x32 build/stm32h7xx_hal_rcc_ex.o
 .ARM.attributes
                0x00000276       0x32 build/stm32h7xx_hal_gpio.o
 .ARM.attributes
                0x000002a8       0x32 build/stm32h7xx_hal_pwr_ex.o
 .ARM.attributes
                0x000002da       0x32 build/stm32h7xx_hal.o
 .ARM.attributes
                0x0000030c       0x32 build/stm32h7xx_hal_i2c.o
 .ARM.attributes
                0x0000033e       0x32 build/stm32h7xx_hal_i2c_ex.o
 .ARM.attributes
                0x00000370       0x32 build/system_stm32h7xx.o
 .ARM.attributes
                0x000003a2       0x32 build/startup_stm32h743xx.o
 .ARM.attributes
                0x000003d4       0x32 d:/3.tools/arm_gcc_toolchain/20_q4_major/bin/../lib/gcc/arm-none-eabi/10.2.1/../../../../arm-none-eabi/lib/thumb/v7e-m+dp/hard\libc_nano.a(lib_a-init.o)
 .ARM.attributes
                0x00000406       0x32 d:/3.tools/arm_gcc_toolchain/20_q4_major/bin/../lib/gcc/arm-none-eabi/10.2.1/../../../../arm-none-eabi/lib/thumb/v7e-m+dp/hard\libc_nano.a(lib_a-memset.o)
 .ARM.attributes
                0x00000438       0x1e d:/3.tools/arm_gcc_toolchain/20_q4_major/bin/../lib/gcc/arm-none-eabi/10.2.1/thumb/v7e-m+dp/hard/crtn.o
OUTPUT(build/Project_J.elf elf32-littlearm)
LOAD linker stubs
LOAD d:/3.tools/arm_gcc_toolchain/20_q4_major/bin/../lib/gcc/arm-none-eabi/10.2.1/../../../../arm-none-eabi/lib/thumb/v7e-m+dp/hard\libc.a
LOAD d:/3.tools/arm_gcc_toolchain/20_q4_major/bin/../lib/gcc/arm-none-eabi/10.2.1/../../../../arm-none-eabi/lib/thumb/v7e-m+dp/hard\libm.a
LOAD d:/3.tools/arm_gcc_toolchain/20_q4_major/bin/../lib/gcc/arm-none-eabi/10.2.1/thumb/v7e-m+dp/hard\libgcc.a

.debug_info     0x00000000    0x1d780
 .debug_info    0x00000000     0x25fc build/main.o
 .debug_info    0x000025fc      0xb23 build/stm32h7xx_it.o
 .debug_info    0x0000311f     0x1cf7 build/stm32h7xx_hal_msp.o
 .debug_info    0x00004e16      0x81a build/os.o
 .debug_info    0x00005630      0x3e7 build/led.o
 .debug_info    0x00005a17     0x145c build/imu.o
 .debug_info    0x00006e73     0x1507 build/stm32h7xx_hal_cortex.o
 .debug_info    0x0000837a     0x4416 build/stm32h7xx_hal_tim.o
 .debug_info    0x0000c790     0x2129 build/stm32h7xx_hal_tim_ex.o
 .debug_info    0x0000e8b9     0x13bd build/stm32h7xx_hal_rcc.o
 .debug_info    0x0000fc76     0x1c07 build/stm32h7xx_hal_rcc_ex.o
 .debug_info    0x0001187d      0xee1 build/stm32h7xx_hal_gpio.o
 .debug_info    0x0001275e     0x13f3 build/stm32h7xx_hal_pwr_ex.o
 .debug_info    0x00013b51     0x18de build/stm32h7xx_hal.o
 .debug_info    0x0001542f     0x4359 build/stm32h7xx_hal_i2c.o
 .debug_info    0x00019788      0xfdc build/stm32h7xx_hal_i2c_ex.o
 .debug_info    0x0001a764      0xeb5 build/system_stm32h7xx.o
 .debug_info    0x0001b619     0x2167 build/startup_stm32h743xx.o

.debug_abbrev   0x00000000     0x2792
 .debug_abbrev  0x00000000      0x331 build/main.o
 .debug_abbrev  0x00000331      0x18e build/stm32h7xx_it.o
 .debug_abbrev  0x000004bf      0x217 build/stm32h7xx_hal_msp.o
 .debug_abbrev  0x000006d6      0x19f build/os.o
 .debug_abbrev  0x00000875      0x117 build/led.o
 .debug_abbrev  0x0000098c       0xf7 build/imu.o
 .debug_abbrev  0x00000a83      0x395 build/stm32h7xx_hal_cortex.o
 .debug_abbrev  0x00000e18      0x2c1 build/stm32h7xx_hal_tim.o
 .debug_abbrev  0x000010d9      0x2b2 build/stm32h7xx_hal_tim_ex.o
 .debug_abbrev  0x0000138b      0x269 build/stm32h7xx_hal_rcc.o
 .debug_abbrev  0x000015f4      0x286 build/stm32h7xx_hal_rcc_ex.o
 .debug_abbrev  0x0000187a      0x253 build/stm32h7xx_hal_gpio.o
 .debug_abbrev  0x00001acd      0x2b6 build/stm32h7xx_hal_pwr_ex.o
 .debug_abbrev  0x00001d83      0x261 build/stm32h7xx_hal.o
 .debug_abbrev  0x00001fe4      0x2a9 build/stm32h7xx_hal_i2c.o
 .debug_abbrev  0x0000228d      0x1c4 build/stm32h7xx_hal_i2c_ex.o
 .debug_abbrev  0x00002451      0x12a build/system_stm32h7xx.o
 .debug_abbrev  0x0000257b      0x217 build/startup_stm32h743xx.o

.debug_loc      0x00000000    0x132d0
 .debug_loc     0x00000000      0x1cd build/main.o
 .debug_loc     0x000001cd       0x5c build/stm32h7xx_it.o
 .debug_loc     0x00000229      0x235 build/stm32h7xx_hal_msp.o
 .debug_loc     0x0000045e      0x348 build/os.o
 .debug_loc     0x000007a6       0x20 build/led.o
 .debug_loc     0x000007c6       0x20 build/imu.o
 .debug_loc     0x000007e6      0x786 build/stm32h7xx_hal_cortex.o
 .debug_loc     0x00000f6c     0x5b2f build/stm32h7xx_hal_tim.o
 .debug_loc     0x00006a9b     0x2938 build/stm32h7xx_hal_tim_ex.o
 .debug_loc     0x000093d3      0xa81 build/stm32h7xx_hal_rcc.o
 .debug_loc     0x00009e54     0x1bd8 build/stm32h7xx_hal_rcc_ex.o
 .debug_loc     0x0000ba2c      0x483 build/stm32h7xx_hal_gpio.o
 .debug_loc     0x0000beaf      0x65b build/stm32h7xx_hal_pwr_ex.o
 .debug_loc     0x0000c50a      0x526 build/stm32h7xx_hal.o
 .debug_loc     0x0000ca30     0x50db build/stm32h7xx_hal_i2c.o
 .debug_loc     0x00011b0b      0x25a build/stm32h7xx_hal_i2c_ex.o
 .debug_loc     0x00011d65      0x1d8 build/system_stm32h7xx.o
 .debug_loc     0x00011f3d     0x1393 build/startup_stm32h743xx.o

.debug_aranges  0x00000000     0x1490
 .debug_aranges
                0x00000000       0x50 build/main.o
 .debug_aranges
                0x00000050       0x60 build/stm32h7xx_it.o
 .debug_aranges
                0x000000b0       0x40 build/stm32h7xx_hal_msp.o
 .debug_aranges
                0x000000f0       0x80 build/os.o
 .debug_aranges
                0x00000170       0x20 build/led.o
 .debug_aranges
                0x00000190       0x28 build/imu.o
 .debug_aranges
                0x000001b8       0xb0 build/stm32h7xx_hal_cortex.o
 .debug_aranges
                0x00000268      0x3f8 build/stm32h7xx_hal_tim.o
 .debug_aranges
                0x00000660      0x188 build/stm32h7xx_hal_tim_ex.o
 .debug_aranges
                0x000007e8       0x88 build/stm32h7xx_hal_rcc.o
 .debug_aranges
                0x00000870       0xf8 build/stm32h7xx_hal_rcc_ex.o
 .debug_aranges
                0x00000968       0x58 build/stm32h7xx_hal_gpio.o
 .debug_aranges
                0x000009c0      0x158 build/stm32h7xx_hal_pwr_ex.o
 .debug_aranges
                0x00000b18      0x198 build/stm32h7xx_hal.o
 .debug_aranges
                0x00000cb0      0x290 build/stm32h7xx_hal_i2c.o
 .debug_aranges
                0x00000f40       0x48 build/stm32h7xx_hal_i2c_ex.o
 .debug_aranges
                0x00000f88       0x28 build/system_stm32h7xx.o
 .debug_aranges
                0x00000fb0      0x4e0 build/startup_stm32h743xx.o

.debug_ranges   0x00000000     0x14a0
 .debug_ranges  0x00000000       0x40 build/main.o
 .debug_ranges  0x00000040       0x50 build/stm32h7xx_it.o
 .debug_ranges  0x00000090       0x30 build/stm32h7xx_hal_msp.o
 .debug_ranges  0x000000c0       0x70 build/os.o
 .debug_ranges  0x00000130       0x10 build/led.o
 .debug_ranges  0x00000140       0x18 build/imu.o
 .debug_ranges  0x00000158      0x100 build/stm32h7xx_hal_cortex.o
 .debug_ranges  0x00000258      0x3e8 build/stm32h7xx_hal_tim.o
 .debug_ranges  0x00000640      0x178 build/stm32h7xx_hal_tim_ex.o
 .debug_ranges  0x000007b8       0xe8 build/stm32h7xx_hal_rcc.o
 .debug_ranges  0x000008a0       0xe8 build/stm32h7xx_hal_rcc_ex.o
 .debug_ranges  0x00000988       0x48 build/stm32h7xx_hal_gpio.o
 .debug_ranges  0x000009d0      0x1a8 build/stm32h7xx_hal_pwr_ex.o
 .debug_ranges  0x00000b78      0x188 build/stm32h7xx_hal.o
 .debug_ranges  0x00000d00      0x280 build/stm32h7xx_hal_i2c.o
 .debug_ranges  0x00000f80       0x38 build/stm32h7xx_hal_i2c_ex.o
 .debug_ranges  0x00000fb8       0x18 build/system_stm32h7xx.o
 .debug_ranges  0x00000fd0      0x4d0 build/startup_stm32h743xx.o

.debug_line     0x00000000    0x13a80
 .debug_line    0x00000000      0x8b0 build/main.o
 .debug_line    0x000008b0      0x2c2 build/stm32h7xx_it.o
 .debug_line    0x00000b72      0x377 build/stm32h7xx_hal_msp.o
 .debug_line    0x00000ee9      0x496 build/os.o
 .debug_line    0x0000137f      0x1d0 build/led.o
 .debug_line    0x0000154f       0x7e build/imu.o
 .debug_line    0x000015cd      0x773 build/stm32h7xx_hal_cortex.o
 .debug_line    0x00001d40     0x5415 build/stm32h7xx_hal_tim.o
 .debug_line    0x00007155     0x1e4d build/stm32h7xx_hal_tim_ex.o
 .debug_line    0x00008fa2     0x11c0 build/stm32h7xx_hal_rcc.o
 .debug_line    0x0000a162     0x1d72 build/stm32h7xx_hal_rcc_ex.o
 .debug_line    0x0000bed4      0x690 build/stm32h7xx_hal_gpio.o
 .debug_line    0x0000c564      0xa68 build/stm32h7xx_hal_pwr_ex.o
 .debug_line    0x0000cfcc      0x8a8 build/stm32h7xx_hal.o
 .debug_line    0x0000d874     0x4a98 build/stm32h7xx_hal_i2c.o
 .debug_line    0x0001230c      0x4a1 build/stm32h7xx_hal_i2c_ex.o
 .debug_line    0x000127ad      0x425 build/system_stm32h7xx.o
 .debug_line    0x00012bd2      0xeae build/startup_stm32h743xx.o

.debug_str      0x00000000     0x7939
 .debug_str     0x00000000     0x1407 build/main.o
                               0x164d (size before relaxing)
 .debug_str     0x00001407       0xe3 build/stm32h7xx_it.o
                                0xb2e (size before relaxing)
 .debug_str     0x000014ea      0xc26 build/stm32h7xx_hal_msp.o
                               0x1c4e (size before relaxing)
 .debug_str     0x00002110      0x510 build/os.o
                                0x6ab (size before relaxing)
 .debug_str     0x00002620       0x20 build/led.o
                                0x222 (size before relaxing)
 .debug_str     0x00002640      0xb5c build/imu.o
                                0xce8 (size before relaxing)
 .debug_str     0x0000319c      0x476 build/stm32h7xx_hal_cortex.o
                               0x1025 (size before relaxing)
 .debug_str     0x00003612     0x11d8 build/stm32h7xx_hal_tim.o
                               0x1df0 (size before relaxing)
 .debug_str     0x000047ea      0x613 build/stm32h7xx_hal_tim_ex.o
                               0x1388 (size before relaxing)
 .debug_str     0x00004dfd      0x382 build/stm32h7xx_hal_rcc.o
                                0x9f7 (size before relaxing)
 .debug_str     0x0000517f      0x66b build/stm32h7xx_hal_rcc_ex.o
                                0xed9 (size before relaxing)
 .debug_str     0x000057ea       0xfc build/stm32h7xx_hal_gpio.o
                                0x6b1 (size before relaxing)
 .debug_str     0x000058e6      0x551 build/stm32h7xx_hal_pwr_ex.o
                                0xa26 (size before relaxing)
 .debug_str     0x00005e37      0x631 build/stm32h7xx_hal.o
                               0x148d (size before relaxing)
 .debug_str     0x00006468      0x8c1 build/stm32h7xx_hal_i2c.o
                               0x1112 (size before relaxing)
 .debug_str     0x00006d29       0xb5 build/stm32h7xx_hal_i2c_ex.o
                                0xb1c (size before relaxing)
 .debug_str     0x00006dde       0x3d build/system_stm32h7xx.o
                                0x70c (size before relaxing)
 .debug_str     0x00006e1b      0xb1e build/startup_stm32h743xx.o
                               0x16a3 (size before relaxing)

.comment        0x00000000       0x4d
 .comment       0x00000000       0x4d build/main.o
                                 0x4e (size before relaxing)
 .comment       0x0000004d       0x4e build/stm32h7xx_it.o
 .comment       0x0000004d       0x4e build/stm32h7xx_hal_msp.o
 .comment       0x0000004d       0x4e build/os.o
 .comment       0x0000004d       0x4e build/led.o
 .comment       0x0000004d       0x4e build/imu.o
 .comment       0x0000004d       0x4e build/stm32h7xx_hal_cortex.o
 .comment       0x0000004d       0x4e build/stm32h7xx_hal_tim.o
 .comment       0x0000004d       0x4e build/stm32h7xx_hal_tim_ex.o
 .comment       0x0000004d       0x4e build/stm32h7xx_hal_rcc.o
 .comment       0x0000004d       0x4e build/stm32h7xx_hal_rcc_ex.o
 .comment       0x0000004d       0x4e build/stm32h7xx_hal_gpio.o
 .comment       0x0000004d       0x4e build/stm32h7xx_hal_pwr_ex.o
 .comment       0x0000004d       0x4e build/stm32h7xx_hal.o
 .comment       0x0000004d       0x4e build/stm32h7xx_hal_i2c.o
 .comment       0x0000004d       0x4e build/stm32h7xx_hal_i2c_ex.o
 .comment       0x0000004d       0x4e build/system_stm32h7xx.o
 .comment       0x0000004d       0x4e build/startup_stm32h743xx.o

.debug_frame    0x00000000     0x38cc
 .debug_frame   0x00000000       0xd8 build/main.o
 .debug_frame   0x000000d8       0xa8 build/stm32h7xx_it.o
 .debug_frame   0x00000180       0x9c build/stm32h7xx_hal_msp.o
 .debug_frame   0x0000021c      0x10c build/os.o
 .debug_frame   0x00000328       0x28 build/led.o
 .debug_frame   0x00000350       0x38 build/imu.o
 .debug_frame   0x00000388      0x158 build/stm32h7xx_hal_cortex.o
 .debug_frame   0x000004e0      0xbb0 build/stm32h7xx_hal_tim.o
 .debug_frame   0x00001090      0x480 build/stm32h7xx_hal_tim_ex.o
 .debug_frame   0x00001510      0x18c build/stm32h7xx_hal_rcc.o
 .debug_frame   0x0000169c      0x26c build/stm32h7xx_hal_rcc_ex.o
 .debug_frame   0x00001908       0xd0 build/stm32h7xx_hal_gpio.o
 .debug_frame   0x000019d8      0x2f4 build/stm32h7xx_hal_pwr_ex.o
 .debug_frame   0x00001ccc      0x360 build/stm32h7xx_hal.o
 .debug_frame   0x0000202c      0x938 build/stm32h7xx_hal_i2c.o
 .debug_frame   0x00002964       0x80 build/stm32h7xx_hal_i2c_ex.o
 .debug_frame   0x000029e4       0x3c build/system_stm32h7xx.o
 .debug_frame   0x00002a20      0xe60 build/startup_stm32h743xx.o
 .debug_frame   0x00003880       0x2c d:/3.tools/arm_gcc_toolchain/20_q4_major/bin/../lib/gcc/arm-none-eabi/10.2.1/../../../../arm-none-eabi/lib/thumb/v7e-m+dp/hard\libc_nano.a(lib_a-init.o)
 .debug_frame   0x000038ac       0x20 d:/3.tools/arm_gcc_toolchain/20_q4_major/bin/../lib/gcc/arm-none-eabi/10.2.1/../../../../arm-none-eabi/lib/thumb/v7e-m+dp/hard\libc_nano.a(lib_a-memset.o)

Cross Reference Table

Symbol                                            File
ADC3_IRQHandler                                   build/startup_stm32h743xx.o
ADC_IRQHandler                                    build/startup_stm32h743xx.o
BDMA_Channel0_IRQHandler                          build/startup_stm32h743xx.o
BDMA_Channel1_IRQHandler                          build/startup_stm32h743xx.o
BDMA_Channel2_IRQHandler                          build/startup_stm32h743xx.o
BDMA_Channel3_IRQHandler                          build/startup_stm32h743xx.o
BDMA_Channel4_IRQHandler                          build/startup_stm32h743xx.o
BDMA_Channel5_IRQHandler                          build/startup_stm32h743xx.o
BDMA_Channel6_IRQHandler                          build/startup_stm32h743xx.o
BDMA_Channel7_IRQHandler                          build/startup_stm32h743xx.o
BusFault_Handler                                  build/stm32h7xx_it.o
CEC_IRQHandler                                    build/startup_stm32h743xx.o
COMP1_IRQHandler                                  build/startup_stm32h743xx.o
CRS_IRQHandler                                    build/startup_stm32h743xx.o
D1CorePrescTable                                  build/system_stm32h7xx.o
                                                  build/stm32h7xx_hal.o
                                                  build/stm32h7xx_hal_rcc_ex.o
                                                  build/stm32h7xx_hal_rcc.o
DCMI_IRQHandler                                   build/startup_stm32h743xx.o
DFSDM1_FLT0_IRQHandler                            build/startup_stm32h743xx.o
DFSDM1_FLT1_IRQHandler                            build/startup_stm32h743xx.o
DFSDM1_FLT2_IRQHandler                            build/startup_stm32h743xx.o
DFSDM1_FLT3_IRQHandler                            build/startup_stm32h743xx.o
DMA1_Stream0_IRQHandler                           build/startup_stm32h743xx.o
DMA1_Stream1_IRQHandler                           build/startup_stm32h743xx.o
DMA1_Stream2_IRQHandler                           build/startup_stm32h743xx.o
DMA1_Stream3_IRQHandler                           build/startup_stm32h743xx.o
DMA1_Stream4_IRQHandler                           build/startup_stm32h743xx.o
DMA1_Stream5_IRQHandler                           build/startup_stm32h743xx.o
DMA1_Stream6_IRQHandler                           build/startup_stm32h743xx.o
DMA1_Stream7_IRQHandler                           build/startup_stm32h743xx.o
DMA2D_IRQHandler                                  build/startup_stm32h743xx.o
DMA2_Stream0_IRQHandler                           build/startup_stm32h743xx.o
DMA2_Stream1_IRQHandler                           build/startup_stm32h743xx.o
DMA2_Stream2_IRQHandler                           build/startup_stm32h743xx.o
DMA2_Stream3_IRQHandler                           build/startup_stm32h743xx.o
DMA2_Stream4_IRQHandler                           build/startup_stm32h743xx.o
DMA2_Stream5_IRQHandler                           build/startup_stm32h743xx.o
DMA2_Stream6_IRQHandler                           build/startup_stm32h743xx.o
DMA2_Stream7_IRQHandler                           build/startup_stm32h743xx.o
DMAMUX1_OVR_IRQHandler                            build/startup_stm32h743xx.o
DMAMUX2_OVR_IRQHandler                            build/startup_stm32h743xx.o
DebugMon_Handler                                  build/stm32h7xx_it.o
Default_Handler                                   build/startup_stm32h743xx.o
ECC_IRQHandler                                    build/startup_stm32h743xx.o
ETH_IRQHandler                                    build/startup_stm32h743xx.o
ETH_WKUP_IRQHandler                               build/startup_stm32h743xx.o
EXTI0_IRQHandler                                  build/startup_stm32h743xx.o
EXTI15_10_IRQHandler                              build/startup_stm32h743xx.o
EXTI1_IRQHandler                                  build/startup_stm32h743xx.o
EXTI2_IRQHandler                                  build/startup_stm32h743xx.o
EXTI3_IRQHandler                                  build/startup_stm32h743xx.o
EXTI4_IRQHandler                                  build/startup_stm32h743xx.o
EXTI9_5_IRQHandler                                build/startup_stm32h743xx.o
Error_Handler                                     build/main.o
                                                  build/stm32h7xx_hal_msp.o
FDCAN1_IT0_IRQHandler                             build/startup_stm32h743xx.o
FDCAN1_IT1_IRQHandler                             build/startup_stm32h743xx.o
FDCAN2_IT0_IRQHandler                             build/startup_stm32h743xx.o
FDCAN2_IT1_IRQHandler                             build/startup_stm32h743xx.o
FDCAN_CAL_IRQHandler                              build/startup_stm32h743xx.o
FLASH_CRC_WaitForLastOperation                    build/stm32h7xx_hal_flash.o
                                                  build/stm32h7xx_hal_flash_ex.o
FLASH_Erase_Sector                                build/stm32h7xx_hal_flash_ex.o
                                                  build/stm32h7xx_hal_flash.o
FLASH_IRQHandler                                  build/startup_stm32h743xx.o
FLASH_OB_WaitForLastOperation                     build/stm32h7xx_hal_flash.o
                                                  build/stm32h7xx_hal_flash_ex.o
FLASH_WaitForLastOperation                        build/stm32h7xx_hal_flash.o
                                                  build/stm32h7xx_hal_flash_ex.o
FMC_IRQHandler                                    build/startup_stm32h743xx.o
FPU_IRQHandler                                    build/startup_stm32h743xx.o
HAL_DBGMCU_DisableDBGSleepMode                    build/stm32h7xx_hal.o
HAL_DBGMCU_DisableDBGStandbyMode                  build/stm32h7xx_hal.o
HAL_DBGMCU_DisableDBGStopMode                     build/stm32h7xx_hal.o
HAL_DBGMCU_EnableDBGSleepMode                     build/stm32h7xx_hal.o
HAL_DBGMCU_EnableDBGStandbyMode                   build/stm32h7xx_hal.o
HAL_DBGMCU_EnableDBGStopMode                      build/stm32h7xx_hal.o
HAL_DMAEx_ChangeMemory                            build/stm32h7xx_hal_dma_ex.o
HAL_DMAEx_ConfigMuxRequestGenerator               build/stm32h7xx_hal_dma_ex.o
HAL_DMAEx_ConfigMuxSync                           build/stm32h7xx_hal_dma_ex.o
HAL_DMAEx_DisableMuxRequestGenerator              build/stm32h7xx_hal_dma_ex.o
HAL_DMAEx_EnableMuxRequestGenerator               build/stm32h7xx_hal_dma_ex.o
HAL_DMAEx_MUX_IRQHandler                          build/stm32h7xx_hal_dma_ex.o
HAL_DMAEx_MultiBufferStart                        build/stm32h7xx_hal_dma_ex.o
HAL_DMAEx_MultiBufferStart_IT                     build/stm32h7xx_hal_dma_ex.o
HAL_DMA_Abort                                     build/stm32h7xx_hal_dma.o
HAL_DMA_Abort_IT                                  build/stm32h7xx_hal_dma.o
                                                  build/stm32h7xx_hal_i2c.o
                                                  build/stm32h7xx_hal_tim_ex.o
                                                  build/stm32h7xx_hal_tim.o
HAL_DMA_DeInit                                    build/stm32h7xx_hal_dma.o
HAL_DMA_GetError                                  build/stm32h7xx_hal_dma.o
                                                  build/stm32h7xx_hal_i2c.o
HAL_DMA_GetState                                  build/stm32h7xx_hal_dma.o
                                                  build/stm32h7xx_hal_i2c.o
HAL_DMA_IRQHandler                                build/stm32h7xx_hal_dma.o
HAL_DMA_Init                                      build/stm32h7xx_hal_dma.o
HAL_DMA_PollForTransfer                           build/stm32h7xx_hal_dma.o
HAL_DMA_RegisterCallback                          build/stm32h7xx_hal_dma.o
HAL_DMA_Start                                     build/stm32h7xx_hal_dma.o
HAL_DMA_Start_IT                                  build/stm32h7xx_hal_dma.o
                                                  build/stm32h7xx_hal_i2c.o
                                                  build/stm32h7xx_hal_tim_ex.o
                                                  build/stm32h7xx_hal_tim.o
HAL_DMA_UnRegisterCallback                        build/stm32h7xx_hal_dma.o
HAL_DeInit                                        build/stm32h7xx_hal.o
HAL_Delay                                         build/stm32h7xx_hal.o
HAL_DisableCompensationCell                       build/stm32h7xx_hal.o
HAL_EXTI_ClearConfigLine                          build/stm32h7xx_hal_exti.o
HAL_EXTI_ClearPending                             build/stm32h7xx_hal_exti.o
HAL_EXTI_D1_ClearFlag                             build/stm32h7xx_hal.o
HAL_EXTI_D1_EventInputConfig                      build/stm32h7xx_hal.o
HAL_EXTI_D3_EventInputConfig                      build/stm32h7xx_hal.o
HAL_EXTI_EdgeConfig                               build/stm32h7xx_hal.o
HAL_EXTI_GenerateSWI                              build/stm32h7xx_hal_exti.o
HAL_EXTI_GenerateSWInterrupt                      build/stm32h7xx_hal.o
HAL_EXTI_GetConfigLine                            build/stm32h7xx_hal_exti.o
HAL_EXTI_GetHandle                                build/stm32h7xx_hal_exti.o
HAL_EXTI_GetPending                               build/stm32h7xx_hal_exti.o
HAL_EXTI_IRQHandler                               build/stm32h7xx_hal_exti.o
HAL_EXTI_RegisterCallback                         build/stm32h7xx_hal_exti.o
HAL_EXTI_SetConfigLine                            build/stm32h7xx_hal_exti.o
HAL_EnableCompensationCell                        build/stm32h7xx_hal.o
HAL_FLASHEx_ComputeCRC                            build/stm32h7xx_hal_flash_ex.o
HAL_FLASHEx_Erase                                 build/stm32h7xx_hal_flash_ex.o
HAL_FLASHEx_Erase_IT                              build/stm32h7xx_hal_flash_ex.o
HAL_FLASHEx_Lock_Bank1                            build/stm32h7xx_hal_flash_ex.o
HAL_FLASHEx_Lock_Bank2                            build/stm32h7xx_hal_flash_ex.o
HAL_FLASHEx_OBGetConfig                           build/stm32h7xx_hal_flash_ex.o
HAL_FLASHEx_OBProgram                             build/stm32h7xx_hal_flash_ex.o
HAL_FLASHEx_Unlock_Bank1                          build/stm32h7xx_hal_flash_ex.o
HAL_FLASHEx_Unlock_Bank2                          build/stm32h7xx_hal_flash_ex.o
HAL_FLASH_EndOfOperationCallback                  build/stm32h7xx_hal_flash.o
HAL_FLASH_GetError                                build/stm32h7xx_hal_flash.o
HAL_FLASH_IRQHandler                              build/stm32h7xx_hal_flash.o
HAL_FLASH_Lock                                    build/stm32h7xx_hal_flash.o
HAL_FLASH_OB_Launch                               build/stm32h7xx_hal_flash.o
HAL_FLASH_OB_Lock                                 build/stm32h7xx_hal_flash.o
HAL_FLASH_OB_Unlock                               build/stm32h7xx_hal_flash.o
HAL_FLASH_OperationErrorCallback                  build/stm32h7xx_hal_flash.o
HAL_FLASH_Program                                 build/stm32h7xx_hal_flash.o
HAL_FLASH_Program_IT                              build/stm32h7xx_hal_flash.o
HAL_FLASH_Unlock                                  build/stm32h7xx_hal_flash.o
HAL_GPIO_DeInit                                   build/stm32h7xx_hal_gpio.o
                                                  build/stm32h7xx_hal_msp.o
HAL_GPIO_EXTI_Callback                            build/stm32h7xx_hal_gpio.o
HAL_GPIO_EXTI_IRQHandler                          build/stm32h7xx_hal_gpio.o
HAL_GPIO_Init                                     build/stm32h7xx_hal_gpio.o
                                                  build/stm32h7xx_hal_rcc.o
                                                  build/stm32h7xx_hal_msp.o
                                                  build/main.o
HAL_GPIO_LockPin                                  build/stm32h7xx_hal_gpio.o
HAL_GPIO_ReadPin                                  build/stm32h7xx_hal_gpio.o
HAL_GPIO_TogglePin                                build/stm32h7xx_hal_gpio.o
HAL_GPIO_WritePin                                 build/stm32h7xx_hal_gpio.o
                                                  build/led.o
                                                  build/main.o
HAL_GetCurrentCPUID                               build/stm32h7xx_hal_cortex.o
HAL_GetDEVID                                      build/stm32h7xx_hal.o
HAL_GetFMCMemorySwappingConfig                    build/stm32h7xx_hal.o
HAL_GetHalVersion                                 build/stm32h7xx_hal.o
HAL_GetREVID                                      build/stm32h7xx_hal.o
                                                  build/stm32h7xx_hal_rcc_ex.o
                                                  build/stm32h7xx_hal_rcc.o
HAL_GetTick                                       build/stm32h7xx_hal.o
                                                  build/stm32h7xx_hal_i2c.o
                                                  build/stm32h7xx_hal_pwr_ex.o
                                                  build/stm32h7xx_hal_mdma.o
                                                  build/stm32h7xx_hal_dma.o
                                                  build/stm32h7xx_hal_flash.o
                                                  build/stm32h7xx_hal_rcc_ex.o
                                                  build/stm32h7xx_hal_rcc.o
HAL_GetTickFreq                                   build/stm32h7xx_hal.o
HAL_GetTickPrio                                   build/stm32h7xx_hal.o
HAL_GetUIDw0                                      build/stm32h7xx_hal.o
HAL_GetUIDw1                                      build/stm32h7xx_hal.o
HAL_GetUIDw2                                      build/stm32h7xx_hal.o
HAL_HSEM_ActivateNotification                     build/stm32h7xx_hal_hsem.o
HAL_HSEM_DeactivateNotification                   build/stm32h7xx_hal_hsem.o
HAL_HSEM_FastTake                                 build/stm32h7xx_hal_hsem.o
HAL_HSEM_FreeCallback                             build/stm32h7xx_hal_hsem.o
HAL_HSEM_GetClearKey                              build/stm32h7xx_hal_hsem.o
HAL_HSEM_IRQHandler                               build/stm32h7xx_hal_hsem.o
HAL_HSEM_IsSemTaken                               build/stm32h7xx_hal_hsem.o
HAL_HSEM_Release                                  build/stm32h7xx_hal_hsem.o
HAL_HSEM_ReleaseAll                               build/stm32h7xx_hal_hsem.o
HAL_HSEM_SetClearKey                              build/stm32h7xx_hal_hsem.o
HAL_HSEM_Take                                     build/stm32h7xx_hal_hsem.o
HAL_I2CEx_ConfigAnalogFilter                      build/stm32h7xx_hal_i2c_ex.o
                                                  build/main.o
HAL_I2CEx_ConfigDigitalFilter                     build/stm32h7xx_hal_i2c_ex.o
                                                  build/main.o
HAL_I2CEx_DisableFastModePlus                     build/stm32h7xx_hal_i2c_ex.o
HAL_I2CEx_DisableWakeUp                           build/stm32h7xx_hal_i2c_ex.o
HAL_I2CEx_EnableFastModePlus                      build/stm32h7xx_hal_i2c_ex.o
HAL_I2CEx_EnableWakeUp                            build/stm32h7xx_hal_i2c_ex.o
HAL_I2C_AbortCpltCallback                         build/stm32h7xx_hal_i2c.o
HAL_I2C_AddrCallback                              build/stm32h7xx_hal_i2c.o
HAL_I2C_DeInit                                    build/stm32h7xx_hal_i2c.o
HAL_I2C_DisableListen_IT                          build/stm32h7xx_hal_i2c.o
HAL_I2C_ER_IRQHandler                             build/stm32h7xx_hal_i2c.o
HAL_I2C_EV_IRQHandler                             build/stm32h7xx_hal_i2c.o
HAL_I2C_EnableListen_IT                           build/stm32h7xx_hal_i2c.o
HAL_I2C_ErrorCallback                             build/stm32h7xx_hal_i2c.o
HAL_I2C_GetError                                  build/stm32h7xx_hal_i2c.o
HAL_I2C_GetMode                                   build/stm32h7xx_hal_i2c.o
HAL_I2C_GetState                                  build/stm32h7xx_hal_i2c.o
HAL_I2C_Init                                      build/stm32h7xx_hal_i2c.o
                                                  build/main.o
HAL_I2C_IsDeviceReady                             build/stm32h7xx_hal_i2c.o
HAL_I2C_ListenCpltCallback                        build/stm32h7xx_hal_i2c.o
HAL_I2C_MasterRxCpltCallback                      build/stm32h7xx_hal_i2c.o
HAL_I2C_MasterTxCpltCallback                      build/stm32h7xx_hal_i2c.o
HAL_I2C_Master_Abort_IT                           build/stm32h7xx_hal_i2c.o
HAL_I2C_Master_Receive                            build/stm32h7xx_hal_i2c.o
HAL_I2C_Master_Receive_DMA                        build/stm32h7xx_hal_i2c.o
HAL_I2C_Master_Receive_IT                         build/stm32h7xx_hal_i2c.o
HAL_I2C_Master_Seq_Receive_DMA                    build/stm32h7xx_hal_i2c.o
HAL_I2C_Master_Seq_Receive_IT                     build/stm32h7xx_hal_i2c.o
HAL_I2C_Master_Seq_Transmit_DMA                   build/stm32h7xx_hal_i2c.o
HAL_I2C_Master_Seq_Transmit_IT                    build/stm32h7xx_hal_i2c.o
HAL_I2C_Master_Transmit                           build/stm32h7xx_hal_i2c.o
HAL_I2C_Master_Transmit_DMA                       build/stm32h7xx_hal_i2c.o
HAL_I2C_Master_Transmit_IT                        build/stm32h7xx_hal_i2c.o
HAL_I2C_MemRxCpltCallback                         build/stm32h7xx_hal_i2c.o
HAL_I2C_MemTxCpltCallback                         build/stm32h7xx_hal_i2c.o
HAL_I2C_Mem_Read                                  build/stm32h7xx_hal_i2c.o
HAL_I2C_Mem_Read_DMA                              build/stm32h7xx_hal_i2c.o
HAL_I2C_Mem_Read_IT                               build/stm32h7xx_hal_i2c.o
HAL_I2C_Mem_Write                                 build/stm32h7xx_hal_i2c.o
HAL_I2C_Mem_Write_DMA                             build/stm32h7xx_hal_i2c.o
HAL_I2C_Mem_Write_IT                              build/stm32h7xx_hal_i2c.o
HAL_I2C_MspDeInit                                 build/stm32h7xx_hal_msp.o
HAL_I2C_MspInit                                   build/stm32h7xx_hal_msp.o
HAL_I2C_SlaveRxCpltCallback                       build/stm32h7xx_hal_i2c.o
HAL_I2C_SlaveTxCpltCallback                       build/stm32h7xx_hal_i2c.o
HAL_I2C_Slave_Receive                             build/stm32h7xx_hal_i2c.o
HAL_I2C_Slave_Receive_DMA                         build/stm32h7xx_hal_i2c.o
HAL_I2C_Slave_Receive_IT                          build/stm32h7xx_hal_i2c.o
HAL_I2C_Slave_Seq_Receive_DMA                     build/stm32h7xx_hal_i2c.o
HAL_I2C_Slave_Seq_Receive_IT                      build/stm32h7xx_hal_i2c.o
HAL_I2C_Slave_Seq_Transmit_DMA                    build/stm32h7xx_hal_i2c.o
HAL_I2C_Slave_Seq_Transmit_IT                     build/stm32h7xx_hal_i2c.o
HAL_I2C_Slave_Transmit                            build/stm32h7xx_hal_i2c.o
HAL_I2C_Slave_Transmit_DMA                        build/stm32h7xx_hal_i2c.o
HAL_I2C_Slave_Transmit_IT                         build/stm32h7xx_hal_i2c.o
HAL_IncTick                                       build/stm32h7xx_hal.o
                                                  build/startup_stm32h743xx.o
HAL_Init                                          build/stm32h7xx_hal.o
                                                  build/main.o
HAL_InitTick                                      build/stm32h7xx_hal.o
                                                  build/stm32h7xx_hal_rcc.o
HAL_MDMA_Abort                                    build/stm32h7xx_hal_mdma.o
HAL_MDMA_Abort_IT                                 build/stm32h7xx_hal_mdma.o
HAL_MDMA_ConfigPostRequestMask                    build/stm32h7xx_hal_mdma.o
HAL_MDMA_DeInit                                   build/stm32h7xx_hal_mdma.o
HAL_MDMA_GenerateSWRequest                        build/stm32h7xx_hal_mdma.o
HAL_MDMA_GetError                                 build/stm32h7xx_hal_mdma.o
HAL_MDMA_GetState                                 build/stm32h7xx_hal_mdma.o
HAL_MDMA_IRQHandler                               build/stm32h7xx_hal_mdma.o
HAL_MDMA_Init                                     build/stm32h7xx_hal_mdma.o
HAL_MDMA_LinkedList_AddNode                       build/stm32h7xx_hal_mdma.o
HAL_MDMA_LinkedList_CreateNode                    build/stm32h7xx_hal_mdma.o
HAL_MDMA_LinkedList_DisableCircularMode           build/stm32h7xx_hal_mdma.o
HAL_MDMA_LinkedList_EnableCircularMode            build/stm32h7xx_hal_mdma.o
HAL_MDMA_LinkedList_RemoveNode                    build/stm32h7xx_hal_mdma.o
HAL_MDMA_PollForTransfer                          build/stm32h7xx_hal_mdma.o
HAL_MDMA_RegisterCallback                         build/stm32h7xx_hal_mdma.o
HAL_MDMA_Start                                    build/stm32h7xx_hal_mdma.o
HAL_MDMA_Start_IT                                 build/stm32h7xx_hal_mdma.o
HAL_MDMA_UnRegisterCallback                       build/stm32h7xx_hal_mdma.o
HAL_MPU_ConfigRegion                              build/stm32h7xx_hal_cortex.o
HAL_MPU_Disable                                   build/stm32h7xx_hal_cortex.o
HAL_MPU_Enable                                    build/stm32h7xx_hal_cortex.o
HAL_MspDeInit                                     build/stm32h7xx_hal.o
HAL_MspInit                                       build/stm32h7xx_hal_msp.o
HAL_NVIC_ClearPendingIRQ                          build/stm32h7xx_hal_cortex.o
HAL_NVIC_DisableIRQ                               build/stm32h7xx_hal_cortex.o
                                                  build/stm32h7xx_hal_msp.o
HAL_NVIC_EnableIRQ                                build/stm32h7xx_hal_cortex.o
                                                  build/stm32h7xx_hal_msp.o
HAL_NVIC_GetActive                                build/stm32h7xx_hal_cortex.o
HAL_NVIC_GetPendingIRQ                            build/stm32h7xx_hal_cortex.o
HAL_NVIC_GetPriority                              build/stm32h7xx_hal_cortex.o
HAL_NVIC_GetPriorityGrouping                      build/stm32h7xx_hal_cortex.o
HAL_NVIC_SetPendingIRQ                            build/stm32h7xx_hal_cortex.o
HAL_NVIC_SetPriority                              build/stm32h7xx_hal_cortex.o
                                                  build/stm32h7xx_hal.o
                                                  build/stm32h7xx_hal_msp.o
HAL_NVIC_SetPriorityGrouping                      build/stm32h7xx_hal_cortex.o
                                                  build/stm32h7xx_hal.o
HAL_NVIC_SystemReset                              build/stm32h7xx_hal_cortex.o
HAL_PWREx_AVDCallback                             build/stm32h7xx_hal_pwr_ex.o
HAL_PWREx_ClearPendingEvent                       build/stm32h7xx_hal_pwr_ex.o
HAL_PWREx_ClearWakeupFlag                         build/stm32h7xx_hal_pwr_ex.o
HAL_PWREx_ConfigAVD                               build/stm32h7xx_hal_pwr_ex.o
HAL_PWREx_ConfigD3Domain                          build/stm32h7xx_hal_pwr_ex.o
HAL_PWREx_ConfigSupply                            build/stm32h7xx_hal_pwr_ex.o
                                                  build/main.o
HAL_PWREx_ControlStopModeVoltageScaling           build/stm32h7xx_hal_pwr_ex.o
HAL_PWREx_ControlVoltageScaling                   build/stm32h7xx_hal_pwr_ex.o
HAL_PWREx_DisableAVD                              build/stm32h7xx_hal_pwr_ex.o
HAL_PWREx_DisableBatteryCharging                  build/stm32h7xx_hal_pwr_ex.o
HAL_PWREx_DisableBkUpReg                          build/stm32h7xx_hal_pwr_ex.o
HAL_PWREx_DisableFlashPowerDown                   build/stm32h7xx_hal_pwr_ex.o
HAL_PWREx_DisableMonitoring                       build/stm32h7xx_hal_pwr_ex.o
HAL_PWREx_DisableUSBReg                           build/stm32h7xx_hal_pwr_ex.o
HAL_PWREx_DisableUSBVoltageDetector               build/stm32h7xx_hal_pwr_ex.o
HAL_PWREx_DisableWakeUpPin                        build/stm32h7xx_hal_pwr_ex.o
HAL_PWREx_EnableAVD                               build/stm32h7xx_hal_pwr_ex.o
HAL_PWREx_EnableBatteryCharging                   build/stm32h7xx_hal_pwr_ex.o
HAL_PWREx_EnableBkUpReg                           build/stm32h7xx_hal_pwr_ex.o
HAL_PWREx_EnableFlashPowerDown                    build/stm32h7xx_hal_pwr_ex.o
HAL_PWREx_EnableMonitoring                        build/stm32h7xx_hal_pwr_ex.o
HAL_PWREx_EnableUSBReg                            build/stm32h7xx_hal_pwr_ex.o
HAL_PWREx_EnableUSBVoltageDetector                build/stm32h7xx_hal_pwr_ex.o
HAL_PWREx_EnableWakeUpPin                         build/stm32h7xx_hal_pwr_ex.o
HAL_PWREx_EnterSTANDBYMode                        build/stm32h7xx_hal_pwr_ex.o
HAL_PWREx_EnterSTOPMode                           build/stm32h7xx_hal_pwr_ex.o
HAL_PWREx_GetStopModeVoltageRange                 build/stm32h7xx_hal_pwr_ex.o
HAL_PWREx_GetSupplyConfig                         build/stm32h7xx_hal_pwr_ex.o
HAL_PWREx_GetTemperatureLevel                     build/stm32h7xx_hal_pwr_ex.o
HAL_PWREx_GetVBATLevel                            build/stm32h7xx_hal_pwr_ex.o
HAL_PWREx_GetVoltageRange                         build/stm32h7xx_hal_pwr_ex.o
HAL_PWREx_GetWakeupFlag                           build/stm32h7xx_hal_pwr_ex.o
HAL_PWREx_PVD_AVD_IRQHandler                      build/stm32h7xx_hal_pwr_ex.o
HAL_PWREx_WAKEUP_PIN_IRQHandler                   build/stm32h7xx_hal_pwr_ex.o
HAL_PWREx_WKUP1_Callback                          build/stm32h7xx_hal_pwr_ex.o
HAL_PWREx_WKUP2_Callback                          build/stm32h7xx_hal_pwr_ex.o
HAL_PWREx_WKUP3_Callback                          build/stm32h7xx_hal_pwr_ex.o
HAL_PWREx_WKUP4_Callback                          build/stm32h7xx_hal_pwr_ex.o
HAL_PWREx_WKUP5_Callback                          build/stm32h7xx_hal_pwr_ex.o
HAL_PWREx_WKUP6_Callback                          build/stm32h7xx_hal_pwr_ex.o
HAL_PWR_ConfigPVD                                 build/stm32h7xx_hal_pwr.o
HAL_PWR_DeInit                                    build/stm32h7xx_hal_pwr.o
HAL_PWR_DisableBkUpAccess                         build/stm32h7xx_hal_pwr.o
HAL_PWR_DisablePVD                                build/stm32h7xx_hal_pwr.o
HAL_PWR_DisableSEVOnPend                          build/stm32h7xx_hal_pwr.o
HAL_PWR_DisableSleepOnExit                        build/stm32h7xx_hal_pwr.o
HAL_PWR_DisableWakeUpPin                          build/stm32h7xx_hal_pwr.o
HAL_PWR_EnableBkUpAccess                          build/stm32h7xx_hal_pwr.o
HAL_PWR_EnablePVD                                 build/stm32h7xx_hal_pwr.o
HAL_PWR_EnableSEVOnPend                           build/stm32h7xx_hal_pwr.o
HAL_PWR_EnableSleepOnExit                         build/stm32h7xx_hal_pwr.o
HAL_PWR_EnableWakeUpPin                           build/stm32h7xx_hal_pwr.o
HAL_PWR_EnterSLEEPMode                            build/stm32h7xx_hal_pwr.o
HAL_PWR_EnterSTANDBYMode                          build/stm32h7xx_hal_pwr.o
HAL_PWR_EnterSTOPMode                             build/stm32h7xx_hal_pwr.o
HAL_PWR_PVDCallback                               build/stm32h7xx_hal_pwr.o
                                                  build/stm32h7xx_hal_pwr_ex.o
HAL_PWR_PVD_IRQHandler                            build/stm32h7xx_hal_pwr.o
HAL_RCCEx_CRSConfig                               build/stm32h7xx_hal_rcc_ex.o
HAL_RCCEx_CRSGetSynchronizationInfo               build/stm32h7xx_hal_rcc_ex.o
HAL_RCCEx_CRSSoftwareSynchronizationGenerate      build/stm32h7xx_hal_rcc_ex.o
HAL_RCCEx_CRSWaitSynchronization                  build/stm32h7xx_hal_rcc_ex.o
HAL_RCCEx_CRS_ErrorCallback                       build/stm32h7xx_hal_rcc_ex.o
HAL_RCCEx_CRS_ExpectedSyncCallback                build/stm32h7xx_hal_rcc_ex.o
HAL_RCCEx_CRS_IRQHandler                          build/stm32h7xx_hal_rcc_ex.o
HAL_RCCEx_CRS_SyncOkCallback                      build/stm32h7xx_hal_rcc_ex.o
HAL_RCCEx_CRS_SyncWarnCallback                    build/stm32h7xx_hal_rcc_ex.o
HAL_RCCEx_DisableLSECSS                           build/stm32h7xx_hal_rcc_ex.o
HAL_RCCEx_EnableLSECSS                            build/stm32h7xx_hal_rcc_ex.o
HAL_RCCEx_EnableLSECSS_IT                         build/stm32h7xx_hal_rcc_ex.o
HAL_RCCEx_GetD1PCLK1Freq                          build/stm32h7xx_hal_rcc_ex.o
HAL_RCCEx_GetD1SysClockFreq                       build/stm32h7xx_hal_rcc_ex.o
HAL_RCCEx_GetD3PCLK1Freq                          build/stm32h7xx_hal_rcc_ex.o
HAL_RCCEx_GetPLL1ClockFreq                        build/stm32h7xx_hal_rcc_ex.o
HAL_RCCEx_GetPLL2ClockFreq                        build/stm32h7xx_hal_rcc_ex.o
HAL_RCCEx_GetPLL3ClockFreq                        build/stm32h7xx_hal_rcc_ex.o
HAL_RCCEx_GetPeriphCLKConfig                      build/stm32h7xx_hal_rcc_ex.o
HAL_RCCEx_GetPeriphCLKFreq                        build/stm32h7xx_hal_rcc_ex.o
HAL_RCCEx_KerWakeUpStopCLKConfig                  build/stm32h7xx_hal_rcc_ex.o
HAL_RCCEx_LSECSS_Callback                         build/stm32h7xx_hal_rcc_ex.o
HAL_RCCEx_LSECSS_IRQHandler                       build/stm32h7xx_hal_rcc_ex.o
HAL_RCCEx_PeriphCLKConfig                         build/stm32h7xx_hal_rcc_ex.o
                                                  build/stm32h7xx_hal_msp.o
HAL_RCCEx_WWDGxSysResetConfig                     build/stm32h7xx_hal_rcc_ex.o
HAL_RCCEx_WakeUpStopCLKConfig                     build/stm32h7xx_hal_rcc_ex.o
HAL_RCC_CSSCallback                               build/stm32h7xx_hal_rcc.o
HAL_RCC_ClockConfig                               build/stm32h7xx_hal_rcc.o
                                                  build/main.o
HAL_RCC_DeInit                                    build/stm32h7xx_hal_rcc.o
HAL_RCC_DisableCSS                                build/stm32h7xx_hal_rcc.o
HAL_RCC_EnableCSS                                 build/stm32h7xx_hal_rcc.o
HAL_RCC_GetClockConfig                            build/stm32h7xx_hal_rcc.o
HAL_RCC_GetHCLKFreq                               build/stm32h7xx_hal_rcc.o
                                                  build/stm32h7xx_hal_rcc_ex.o
HAL_RCC_GetOscConfig                              build/stm32h7xx_hal_rcc.o
HAL_RCC_GetPCLK1Freq                              build/stm32h7xx_hal_rcc.o
HAL_RCC_GetPCLK2Freq                              build/stm32h7xx_hal_rcc.o
HAL_RCC_GetSysClockFreq                           build/stm32h7xx_hal_rcc.o
                                                  build/stm32h7xx_hal.o
                                                  build/stm32h7xx_hal_rcc_ex.o
HAL_RCC_MCOConfig                                 build/stm32h7xx_hal_rcc.o
HAL_RCC_NMI_IRQHandler                            build/stm32h7xx_hal_rcc.o
HAL_RCC_OscConfig                                 build/stm32h7xx_hal_rcc.o
                                                  build/main.o
HAL_ResumeTick                                    build/stm32h7xx_hal.o
HAL_SYSCFG_AnalogSwitchConfig                     build/stm32h7xx_hal.o
HAL_SYSCFG_CM7BootAddConfig                       build/stm32h7xx_hal.o
HAL_SYSCFG_CompensationCodeConfig                 build/stm32h7xx_hal.o
HAL_SYSCFG_CompensationCodeSelect                 build/stm32h7xx_hal.o
HAL_SYSCFG_DisableBOOST                           build/stm32h7xx_hal.o
HAL_SYSCFG_DisableIOSpeedOptimize                 build/stm32h7xx_hal.o
HAL_SYSCFG_DisableVREFBUF                         build/stm32h7xx_hal.o
HAL_SYSCFG_ETHInterfaceSelect                     build/stm32h7xx_hal.o
HAL_SYSCFG_EnableBOOST                            build/stm32h7xx_hal.o
HAL_SYSCFG_EnableIOSpeedOptimize                  build/stm32h7xx_hal.o
HAL_SYSCFG_EnableVREFBUF                          build/stm32h7xx_hal.o
HAL_SYSCFG_VREFBUF_HighImpedanceConfig            build/stm32h7xx_hal.o
HAL_SYSCFG_VREFBUF_TrimmingConfig                 build/stm32h7xx_hal.o
HAL_SYSCFG_VREFBUF_VoltageScalingConfig           build/stm32h7xx_hal.o
HAL_SYSTICK_CLKSourceConfig                       build/stm32h7xx_hal_cortex.o
HAL_SYSTICK_Callback                              build/stm32h7xx_hal_cortex.o
HAL_SYSTICK_Config                                build/stm32h7xx_hal_cortex.o
                                                  build/stm32h7xx_hal.o
HAL_SYSTICK_IRQHandler                            build/stm32h7xx_hal_cortex.o
HAL_SetFMCMemorySwappingConfig                    build/stm32h7xx_hal.o
HAL_SetTickFreq                                   build/stm32h7xx_hal.o
HAL_SuspendTick                                   build/stm32h7xx_hal.o
HAL_TIMEx_Break2Callback                          build/stm32h7xx_hal_tim_ex.o
                                                  build/stm32h7xx_hal_tim.o
HAL_TIMEx_BreakCallback                           build/stm32h7xx_hal_tim_ex.o
                                                  build/stm32h7xx_hal_tim.o
HAL_TIMEx_CommutCallback                          build/stm32h7xx_hal_tim_ex.o
                                                  build/stm32h7xx_hal_tim.o
HAL_TIMEx_CommutHalfCpltCallback                  build/stm32h7xx_hal_tim_ex.o
                                                  build/stm32h7xx_hal_tim.o
HAL_TIMEx_ConfigBreakDeadTime                     build/stm32h7xx_hal_tim_ex.o
                                                  build/main.o
HAL_TIMEx_ConfigBreakInput                        build/stm32h7xx_hal_tim_ex.o
HAL_TIMEx_ConfigCommutEvent                       build/stm32h7xx_hal_tim_ex.o
HAL_TIMEx_ConfigCommutEvent_DMA                   build/stm32h7xx_hal_tim_ex.o
HAL_TIMEx_ConfigCommutEvent_IT                    build/stm32h7xx_hal_tim_ex.o
HAL_TIMEx_GetChannelNState                        build/stm32h7xx_hal_tim_ex.o
HAL_TIMEx_GroupChannel5                           build/stm32h7xx_hal_tim_ex.o
HAL_TIMEx_HallSensor_DeInit                       build/stm32h7xx_hal_tim_ex.o
HAL_TIMEx_HallSensor_GetState                     build/stm32h7xx_hal_tim_ex.o
HAL_TIMEx_HallSensor_Init                         build/stm32h7xx_hal_tim_ex.o
HAL_TIMEx_HallSensor_MspDeInit                    build/stm32h7xx_hal_tim_ex.o
                                                  build/stm32h7xx_hal_tim.o
HAL_TIMEx_HallSensor_MspInit                      build/stm32h7xx_hal_tim_ex.o
                                                  build/stm32h7xx_hal_tim.o
HAL_TIMEx_HallSensor_Start                        build/stm32h7xx_hal_tim_ex.o
HAL_TIMEx_HallSensor_Start_DMA                    build/stm32h7xx_hal_tim_ex.o
HAL_TIMEx_HallSensor_Start_IT                     build/stm32h7xx_hal_tim_ex.o
HAL_TIMEx_HallSensor_Stop                         build/stm32h7xx_hal_tim_ex.o
HAL_TIMEx_HallSensor_Stop_DMA                     build/stm32h7xx_hal_tim_ex.o
HAL_TIMEx_HallSensor_Stop_IT                      build/stm32h7xx_hal_tim_ex.o
HAL_TIMEx_MasterConfigSynchronization             build/stm32h7xx_hal_tim_ex.o
HAL_TIMEx_OCN_Start                               build/stm32h7xx_hal_tim_ex.o
HAL_TIMEx_OCN_Start_DMA                           build/stm32h7xx_hal_tim_ex.o
HAL_TIMEx_OCN_Start_IT                            build/stm32h7xx_hal_tim_ex.o
HAL_TIMEx_OCN_Stop                                build/stm32h7xx_hal_tim_ex.o
HAL_TIMEx_OCN_Stop_DMA                            build/stm32h7xx_hal_tim_ex.o
HAL_TIMEx_OCN_Stop_IT                             build/stm32h7xx_hal_tim_ex.o
HAL_TIMEx_OnePulseN_Start                         build/stm32h7xx_hal_tim_ex.o
HAL_TIMEx_OnePulseN_Start_IT                      build/stm32h7xx_hal_tim_ex.o
HAL_TIMEx_OnePulseN_Stop                          build/stm32h7xx_hal_tim_ex.o
HAL_TIMEx_OnePulseN_Stop_IT                       build/stm32h7xx_hal_tim_ex.o
HAL_TIMEx_PWMN_Start                              build/stm32h7xx_hal_tim_ex.o
HAL_TIMEx_PWMN_Start_DMA                          build/stm32h7xx_hal_tim_ex.o
HAL_TIMEx_PWMN_Start_IT                           build/stm32h7xx_hal_tim_ex.o
HAL_TIMEx_PWMN_Stop                               build/stm32h7xx_hal_tim_ex.o
HAL_TIMEx_PWMN_Stop_DMA                           build/stm32h7xx_hal_tim_ex.o
HAL_TIMEx_PWMN_Stop_IT                            build/stm32h7xx_hal_tim_ex.o